Component: ARM Compiler 5.06 update 5 (build 528) Tool: armlink [4d35e2]

==============================================================================

Section Cross References

    glcd_spi_lpc1700.o(i.GLCD_Bargraph) refers to glcd_spi_lpc1700.o(i.GLCD_SetWindow) for GLCD_SetWindow
    glcd_spi_lpc1700.o(i.GLCD_Bargraph) refers to glcd_spi_lpc1700.o(i.wr_cmd) for wr_cmd
    glcd_spi_lpc1700.o(i.GLCD_Bargraph) refers to glcd_spi_lpc1700.o(i.wr_dat_start) for wr_dat_start
    glcd_spi_lpc1700.o(i.GLCD_Bargraph) refers to glcd_spi_lpc1700.o(i.wr_dat_only) for wr_dat_only
    glcd_spi_lpc1700.o(i.GLCD_Bargraph) refers to glcd_spi_lpc1700.o(i.wr_dat_stop) for wr_dat_stop
    glcd_spi_lpc1700.o(i.GLCD_Bargraph) refers to glcd_spi_lpc1700.o(.data) for Color
    glcd_spi_lpc1700.o(i.GLCD_Bitmap) refers to glcd_spi_lpc1700.o(i.GLCD_SetWindow) for GLCD_SetWindow
    glcd_spi_lpc1700.o(i.GLCD_Bitmap) refers to glcd_spi_lpc1700.o(i.wr_cmd) for wr_cmd
    glcd_spi_lpc1700.o(i.GLCD_Bitmap) refers to glcd_spi_lpc1700.o(i.wr_dat_start) for wr_dat_start
    glcd_spi_lpc1700.o(i.GLCD_Bitmap) refers to glcd_spi_lpc1700.o(i.wr_dat_only) for wr_dat_only
    glcd_spi_lpc1700.o(i.GLCD_Bitmap) refers to glcd_spi_lpc1700.o(i.wr_dat_stop) for wr_dat_stop
    glcd_spi_lpc1700.o(i.GLCD_Clear) refers to glcd_spi_lpc1700.o(i.GLCD_WindowMax) for GLCD_WindowMax
    glcd_spi_lpc1700.o(i.GLCD_Clear) refers to glcd_spi_lpc1700.o(i.wr_cmd) for wr_cmd
    glcd_spi_lpc1700.o(i.GLCD_Clear) refers to glcd_spi_lpc1700.o(i.wr_dat_start) for wr_dat_start
    glcd_spi_lpc1700.o(i.GLCD_Clear) refers to glcd_spi_lpc1700.o(i.wr_dat_only) for wr_dat_only
    glcd_spi_lpc1700.o(i.GLCD_Clear) refers to glcd_spi_lpc1700.o(i.wr_dat_stop) for wr_dat_stop
    glcd_spi_lpc1700.o(i.GLCD_ClearLn) refers to glcd_spi_lpc1700.o(i.GLCD_WindowMax) for GLCD_WindowMax
    glcd_spi_lpc1700.o(i.GLCD_ClearLn) refers to glcd_spi_lpc1700.o(i.GLCD_DisplayString) for GLCD_DisplayString
    glcd_spi_lpc1700.o(i.GLCD_DisplayChar) refers to glcd_spi_lpc1700.o(i.GLCD_DrawChar) for GLCD_DrawChar
    glcd_spi_lpc1700.o(i.GLCD_DisplayChar) refers to glcd_spi_lpc1700.o(.constdata) for Font_6x8_h
    glcd_spi_lpc1700.o(i.GLCD_DisplayString) refers to glcd_spi_lpc1700.o(i.GLCD_DisplayChar) for GLCD_DisplayChar
    glcd_spi_lpc1700.o(i.GLCD_DrawChar) refers to glcd_spi_lpc1700.o(i.GLCD_SetWindow) for GLCD_SetWindow
    glcd_spi_lpc1700.o(i.GLCD_DrawChar) refers to glcd_spi_lpc1700.o(i.wr_cmd) for wr_cmd
    glcd_spi_lpc1700.o(i.GLCD_DrawChar) refers to glcd_spi_lpc1700.o(i.wr_dat_start) for wr_dat_start
    glcd_spi_lpc1700.o(i.GLCD_DrawChar) refers to glcd_spi_lpc1700.o(i.wr_dat_only) for wr_dat_only
    glcd_spi_lpc1700.o(i.GLCD_DrawChar) refers to glcd_spi_lpc1700.o(i.wr_dat_stop) for wr_dat_stop
    glcd_spi_lpc1700.o(i.GLCD_DrawChar) refers to glcd_spi_lpc1700.o(.data) for Color
    glcd_spi_lpc1700.o(i.GLCD_Init) refers to glcd_spi_lpc1700.o(i.rd_id_man) for rd_id_man
    glcd_spi_lpc1700.o(i.GLCD_Init) refers to glcd_spi_lpc1700.o(i.rd_reg) for rd_reg
    glcd_spi_lpc1700.o(i.GLCD_Init) refers to glcd_spi_lpc1700.o(i.wr_reg) for wr_reg
    glcd_spi_lpc1700.o(i.GLCD_Init) refers to glcd_spi_lpc1700.o(i.delay) for delay
    glcd_spi_lpc1700.o(i.GLCD_Init) refers to glcd_spi_lpc1700.o(.data) for Himax
    glcd_spi_lpc1700.o(i.GLCD_PutPixel) refers to glcd_spi_lpc1700.o(i.wr_reg) for wr_reg
    glcd_spi_lpc1700.o(i.GLCD_PutPixel) refers to glcd_spi_lpc1700.o(i.wr_cmd) for wr_cmd
    glcd_spi_lpc1700.o(i.GLCD_PutPixel) refers to glcd_spi_lpc1700.o(i.wr_dat) for wr_dat
    glcd_spi_lpc1700.o(i.GLCD_PutPixel) refers to glcd_spi_lpc1700.o(.data) for Himax
    glcd_spi_lpc1700.o(i.GLCD_SetBackColor) refers to glcd_spi_lpc1700.o(.data) for Color
    glcd_spi_lpc1700.o(i.GLCD_SetTextColor) refers to glcd_spi_lpc1700.o(.data) for Color
    glcd_spi_lpc1700.o(i.GLCD_SetWindow) refers to glcd_spi_lpc1700.o(i.wr_reg) for wr_reg
    glcd_spi_lpc1700.o(i.GLCD_SetWindow) refers to glcd_spi_lpc1700.o(.data) for Himax
    glcd_spi_lpc1700.o(i.GLCD_WindowMax) refers to glcd_spi_lpc1700.o(i.GLCD_SetWindow) for GLCD_SetWindow
    glcd_spi_lpc1700.o(i.GLCD_WrCmd) refers to glcd_spi_lpc1700.o(i.wr_cmd) for wr_cmd
    glcd_spi_lpc1700.o(i.GLCD_WrReg) refers to glcd_spi_lpc1700.o(i.wr_reg) for wr_reg
    glcd_spi_lpc1700.o(i.rd_id_man) refers to glcd_spi_lpc1700.o(i.spi_tran_man) for spi_tran_man
    glcd_spi_lpc1700.o(i.rd_reg) refers to glcd_spi_lpc1700.o(i.wr_cmd) for wr_cmd
    glcd_spi_lpc1700.o(i.rd_reg) refers to glcd_spi_lpc1700.o(i.spi_tran) for spi_tran
    glcd_spi_lpc1700.o(i.spi_tran_man) refers to glcd_spi_lpc1700.o(i.delay) for delay
    glcd_spi_lpc1700.o(i.wr_cmd) refers to glcd_spi_lpc1700.o(i.spi_tran) for spi_tran
    glcd_spi_lpc1700.o(i.wr_dat) refers to glcd_spi_lpc1700.o(i.spi_tran) for spi_tran
    glcd_spi_lpc1700.o(i.wr_dat_only) refers to glcd_spi_lpc1700.o(i.spi_tran) for spi_tran
    glcd_spi_lpc1700.o(i.wr_dat_start) refers to glcd_spi_lpc1700.o(i.spi_tran) for spi_tran
[...]
    depilogue.o(.text) refers to llshl.o(.text) for __aeabi_llsl
    depilogue.o(.text) refers to llushr.o(.text) for __aeabi_llsr


==============================================================================

Removing Unused input sections from the image.

    Removing glcd_spi_lpc1700.o(.rev16_text), (4 bytes).
    Removing glcd_spi_lpc1700.o(.revsh_text), (4 bytes).
    Removing glcd_spi_lpc1700.o(.rrx_text), (6 bytes).
    Removing glcd_spi_lpc1700.o(i.GLCD_Bargraph), (104 bytes).
    Removing glcd_spi_lpc1700.o(i.GLCD_Bitmap), (82 bytes).
    Removing glcd_spi_lpc1700.o(i.GLCD_ClearLn), (94 bytes).
    Removing glcd_spi_lpc1700.o(i.GLCD_ScrollVertical), (2 bytes).
    Removing glcd_spi_lpc1700.o(i.GLCD_WrCmd), (12 bytes).
    Removing glcd_spi_lpc1700.o(i.GLCD_WrReg), (16 bytes).
    Removing lfsr113.o(i.lfsr113), (144 bytes).
    Removing lfsr113.o(.data), (16 bytes).
    Removing random.o(i.next_event), (20 bytes).
    Removing random.o(.data), (1024 bytes).
    Removing retarget.o(i._sys_exit), (4 bytes).
    Removing retarget.o(i._ttywrch), (12 bytes).
    Removing retarget.o(i.ferror), (8 bytes).
    Removing retarget.o(i.fgetc), (20 bytes).
    Removing retarget.o(i.getkey), (36 bytes).
    Removing uart.o(.rev16_text), (4 bytes).
    Removing uart.o(.revsh_text), (4 bytes).
    Removing uart.o(.rrx_text), (6 bytes).
    Removing uart.o(i.Lock), (28 bytes).
    Removing uart.o(i.LockRcv), (36 bytes).
    Removing uart.o(i.LockSnd), (36 bytes).
    Removing uart.o(i.UARTReceiveChar), (36 bytes).
    Removing uart.o(i.UARTRecieve), (160 bytes).
    Removing uart.o(i.UARTSend), (132 bytes).
    Removing main.o(.rev16_text), (4 bytes).
    Removing main.o(.revsh_text), (4 bytes).
    Removing main.o(.rrx_text), (6 bytes).
    Removing main.o(i.JOYvalue), (40 bytes).
    Removing main.o(i.POTvalue), (40 bytes).
    Removing main.o(i.codeToColor), (34 bytes).
    Removing irq_cm3.o(.constdata), (1 bytes).
    Removing rtx_delay.o(.rev16_text), (4 bytes).
    Removing rtx_delay.o(.revsh_text), (4 bytes).
    Removing rtx_delay.o(.rrx_text), (6 bytes).
    Removing rtx_delay.o(.emb_text), (340 bytes).
    Removing rtx_delay.o(i.osDelayUntil), (60 bytes).
    Removing rtx_delay.o(i.svcRtxDelayUntil), (56 bytes).
    Removing rtx_evflags.o(.rev16_text), (4 bytes).
    Removing rtx_evflags.o(.revsh_text), (4 bytes).
    Removing rtx_evflags.o(.rrx_text), (6 bytes).
    Removing rtx_evflags.o(.emb_text), (340 bytes).
    Removing rtx_evflags.o(i.EventFlagsCheck), (86 bytes).
    Removing rtx_evflags.o(i.EventFlagsClear), (22 bytes).
    Removing rtx_evflags.o(i.EventFlagsSet), (22 bytes).
    Removing rtx_evflags.o(i.IsIrqMasked), (24 bytes).
    Removing rtx_evflags.o(i.IsIrqMode), (16 bytes).
    Removing rtx_evflags.o(i.isrRtxEventFlagsSet), (100 bytes).
    Removing rtx_evflags.o(i.isrRtxEventFlagsWait), (122 bytes).
    Removing rtx_evflags.o(i.osEventFlagsClear), (64 bytes).
    Removing rtx_evflags.o(i.osEventFlagsDelete), (60 bytes).
    Removing rtx_evflags.o(i.osEventFlagsGet), (48 bytes).
    Removing rtx_evflags.o(i.osEventFlagsGetName), (52 bytes).
    Removing rtx_evflags.o(i.osEventFlagsNew), (60 bytes).
    Removing rtx_evflags.o(i.osEventFlagsSet), (64 bytes).
    Removing rtx_evflags.o(i.osEventFlagsWait), (84 bytes).
    Removing rtx_evflags.o(i.osRtxEventFlagsPostProcess), (76 bytes).
    Removing rtx_evflags.o(i.svcRtxEventFlagsClear), (88 bytes).
    Removing rtx_evflags.o(i.svcRtxEventFlagsDelete), (160 bytes).
    Removing rtx_evflags.o(i.svcRtxEventFlagsGet), (58 bytes).
    Removing rtx_evflags.o(i.svcRtxEventFlagsGetName), (58 bytes).
    Removing rtx_evflags.o(i.svcRtxEventFlagsNew), (168 bytes).
    Removing rtx_evflags.o(i.svcRtxEventFlagsSet), (174 bytes).
    Removing rtx_evflags.o(i.svcRtxEventFlagsWait), (212 bytes).
    Removing rtx_evr.o(.rev16_text), (4 bytes).
    Removing rtx_evr.o(.revsh_text), (4 bytes).
    Removing rtx_evr.o(.rrx_text), (6 bytes).
    Removing rtx_evr.o(i.EvrRtxEventFlagsClear), (2 bytes).
    Removing rtx_evr.o(i.EvrRtxEventFlagsClearDone), (2 bytes).
    Removing rtx_evr.o(i.EvrRtxEventFlagsCreated), (2 bytes).
    Removing rtx_evr.o(i.EvrRtxEventFlagsDelete), (2 bytes).
    Removing rtx_evr.o(i.EvrRtxEventFlagsDestroyed), (2 bytes).
    Removing rtx_evr.o(i.EvrRtxEventFlagsError), (2 bytes).
    Removing rtx_evr.o(i.EvrRtxEventFlagsGet), (2 bytes).
    Removing rtx_evr.o(i.EvrRtxEventFlagsGetName), (2 bytes).
    Removing rtx_evr.o(i.EvrRtxEventFlagsNew), (2 bytes).
    Removing rtx_evr.o(i.EvrRtxEventFlagsSet), (2 bytes).
    Removing rtx_evr.o(i.EvrRtxEventFlagsSetDone), (2 bytes).
    Removing rtx_evr.o(i.EvrRtxEventFlagsWait), (2 bytes).
    Removing rtx_evr.o(i.EvrRtxEventFlagsWaitCompleted), (2 bytes).
    Removing rtx_evr.o(i.EvrRtxEventFlagsWaitNotCompleted), (2 bytes).
    Removing rtx_evr.o(i.EvrRtxEventFlagsWaitPending), (2 bytes).
    Removing rtx_evr.o(i.EvrRtxKernelError), (2 bytes).
    Removing rtx_evr.o(i.EvrRtxKernelGetInfo), (2 bytes).
    Removing rtx_evr.o(i.EvrRtxKernelGetState), (2 bytes).
    Removing rtx_evr.o(i.EvrRtxKernelGetSysTimerCount), (2 bytes).
    Removing rtx_evr.o(i.EvrRtxKernelGetTickCount), (2 bytes).
    Removing rtx_evr.o(i.EvrRtxKernelGetTickFreq), (2 bytes).
    Removing rtx_evr.o(i.EvrRtxKernelInfoRetrieved), (2 bytes).
    Removing rtx_evr.o(i.EvrRtxKernelInitialize), (2 bytes).
    Removing rtx_evr.o(i.EvrRtxKernelInitializeCompleted), (2 bytes).
    Removing rtx_evr.o(i.EvrRtxKernelLock), (2 bytes).
    Removing rtx_evr.o(i.EvrRtxKernelLockRestored), (2 bytes).
    Removing rtx_evr.o(i.EvrRtxKernelLocked), (2 bytes).
    Removing rtx_evr.o(i.EvrRtxKernelRestoreLock), (2 bytes).
    Removing rtx_evr.o(i.EvrRtxKernelResume), (2 bytes).
    Removing rtx_evr.o(i.EvrRtxKernelResumed), (2 bytes).
    Removing rtx_evr.o(i.EvrRtxKernelStart), (2 bytes).
    Removing rtx_evr.o(i.EvrRtxKernelStarted), (2 bytes).
    Removing rtx_evr.o(i.EvrRtxKernelSuspend), (2 bytes).
    Removing rtx_evr.o(i.EvrRtxKernelSuspended), (2 bytes).
    Removing rtx_evr.o(i.EvrRtxKernelUnlock), (2 bytes).
    Removing rtx_evr.o(i.EvrRtxKernelUnlocked), (2 bytes).
    Removing rtx_evr.o(i.EvrRtxMemoryAlloc), (2 bytes).
    Removing rtx_evr.o(i.EvrRtxMemoryBlockAlloc), (2 bytes).
    Removing rtx_evr.o(i.EvrRtxMemoryBlockFree), (2 bytes).
    Removing rtx_evr.o(i.EvrRtxMemoryBlockInit), (2 bytes).
    Removing rtx_evr.o(i.EvrRtxMemoryFree), (2 bytes).
    Removing rtx_evr.o(i.EvrRtxMemoryInit), (2 bytes).
    Removing rtx_evr.o(i.EvrRtxMemoryPoolAlloc), (2 bytes).
    Removing rtx_evr.o(i.EvrRtxMemoryPoolAllocFailed), (2 bytes).
    Removing rtx_evr.o(i.EvrRtxMemoryPoolAllocPending), (2 bytes).
    Removing rtx_evr.o(i.EvrRtxMemoryPoolAllocated), (2 bytes).
    Removing rtx_evr.o(i.EvrRtxMemoryPoolCreated), (2 bytes).
    Removing rtx_evr.o(i.EvrRtxMemoryPoolDeallocated), (2 bytes).
    Removing rtx_evr.o(i.EvrRtxMemoryPoolDelete), (2 bytes).
    Removing rtx_evr.o(i.EvrRtxMemoryPoolDestroyed), (2 bytes).
    Removing rtx_evr.o(i.EvrRtxMemoryPoolError), (2 bytes).
    Removing rtx_evr.o(i.EvrRtxMemoryPoolFree), (2 bytes).
    Removing rtx_evr.o(i.EvrRtxMemoryPoolFreeFailed), (2 bytes).
    Removing rtx_evr.o(i.EvrRtxMemoryPoolGetBlockSize), (2 bytes).
    Removing rtx_evr.o(i.EvrRtxMemoryPoolGetCapacity), (2 bytes).
    Removing rtx_evr.o(i.EvrRtxMemoryPoolGetCount), (2 bytes).
    Removing rtx_evr.o(i.EvrRtxMemoryPoolGetName), (2 bytes).
    Removing rtx_evr.o(i.EvrRtxMemoryPoolGetSpace), (2 bytes).
    Removing rtx_evr.o(i.EvrRtxMemoryPoolNew), (2 bytes).
    Removing rtx_evr.o(i.EvrRtxMessageQueueCreated), (2 bytes).
    Removing rtx_evr.o(i.EvrRtxMessageQueueDelete), (2 bytes).
    Removing rtx_evr.o(i.EvrRtxMessageQueueDestroyed), (2 bytes).
    Removing rtx_evr.o(i.EvrRtxMessageQueueError), (2 bytes).
    Removing rtx_evr.o(i.EvrRtxMessageQueueGet), (2 bytes).
    Removing rtx_evr.o(i.EvrRtxMessageQueueGetCapacity), (2 bytes).
    Removing rtx_evr.o(i.EvrRtxMessageQueueGetCount), (2 bytes).
    Removing rtx_evr.o(i.EvrRtxMessageQueueGetMsgSize), (2 bytes).
    Removing rtx_evr.o(i.EvrRtxMessageQueueGetName), (2 bytes).
    Removing rtx_evr.o(i.EvrRtxMessageQueueGetPending), (2 bytes).
    Removing rtx_evr.o(i.EvrRtxMessageQueueGetSpace), (2 bytes).
    Removing rtx_evr.o(i.EvrRtxMessageQueueInsertPending), (2 bytes).
    Removing rtx_evr.o(i.EvrRtxMessageQueueInserted), (2 bytes).
    Removing rtx_evr.o(i.EvrRtxMessageQueueNew), (2 bytes).
    Removing rtx_evr.o(i.EvrRtxMessageQueueNotInserted), (2 bytes).
    Removing rtx_evr.o(i.EvrRtxMessageQueueNotRetrieved), (2 bytes).
    Removing rtx_evr.o(i.EvrRtxMessageQueuePut), (2 bytes).
    Removing rtx_evr.o(i.EvrRtxMessageQueuePutPending), (2 bytes).
    Removing rtx_evr.o(i.EvrRtxMessageQueueReset), (2 bytes).
    Removing rtx_evr.o(i.EvrRtxMessageQueueResetDone), (2 bytes).
    Removing rtx_evr.o(i.EvrRtxMessageQueueRetrieved), (2 bytes).
    Removing rtx_evr.o(i.EvrRtxMutexAcquire), (2 bytes).
    Removing rtx_evr.o(i.EvrRtxMutexAcquirePending), (2 bytes).
    Removing rtx_evr.o(i.EvrRtxMutexAcquired), (2 bytes).
    Removing rtx_evr.o(i.EvrRtxMutexCreated), (2 bytes).
    Removing rtx_evr.o(i.EvrRtxMutexDelete), (2 bytes).
    Removing rtx_evr.o(i.EvrRtxMutexDestroyed), (2 bytes).
    Removing rtx_evr.o(i.EvrRtxMutexError), (2 bytes).
    Removing rtx_evr.o(i.EvrRtxMutexGetName), (2 bytes).
    Removing rtx_evr.o(i.EvrRtxMutexGetOwner), (2 bytes).
    Removing rtx_evr.o(i.EvrRtxMutexNew), (2 bytes).
    Removing rtx_evr.o(i.EvrRtxMutexNotAcquired), (2 bytes).
    Removing rtx_evr.o(i.EvrRtxMutexRelease), (2 bytes).
    Removing rtx_evr.o(i.EvrRtxMutexReleased), (2 bytes).
    Removing rtx_evr.o(i.EvrRtxSemaphoreAcquire), (2 bytes).
    Removing rtx_evr.o(i.EvrRtxSemaphoreAcquirePending), (2 bytes).
    Removing rtx_evr.o(i.EvrRtxSemaphoreAcquired), (2 bytes).
    Removing rtx_evr.o(i.EvrRtxSemaphoreCreated), (2 bytes).
    Removing rtx_evr.o(i.EvrRtxSemaphoreDelete), (2 bytes).
    Removing rtx_evr.o(i.EvrRtxSemaphoreDestroyed), (2 bytes).
    Removing rtx_evr.o(i.EvrRtxSemaphoreError), (2 bytes).
    Removing rtx_evr.o(i.EvrRtxSemaphoreGetCount), (2 bytes).
    Removing rtx_evr.o(i.EvrRtxSemaphoreGetName), (2 bytes).
    Removing rtx_evr.o(i.EvrRtxSemaphoreNew), (2 bytes).
    Removing rtx_evr.o(i.EvrRtxSemaphoreNotAcquired), (2 bytes).
    Removing rtx_evr.o(i.EvrRtxSemaphoreRelease), (2 bytes).
    Removing rtx_evr.o(i.EvrRtxSemaphoreReleased), (2 bytes).
    Removing rtx_evr.o(i.EvrRtxThreadCreated), (2 bytes).
    Removing rtx_evr.o(i.EvrRtxThreadDelayUntil), (2 bytes).
    Removing rtx_evr.o(i.EvrRtxThreadDestroyed), (2 bytes).
    Removing rtx_evr.o(i.EvrRtxThreadDetach), (2 bytes).
    Removing rtx_evr.o(i.EvrRtxThreadDetached), (2 bytes).
    Removing rtx_evr.o(i.EvrRtxThreadEnumerate), (2 bytes).
    Removing rtx_evr.o(i.EvrRtxThreadExit), (2 bytes).
    Removing rtx_evr.o(i.EvrRtxThreadFlagsClear), (2 bytes).
    Removing rtx_evr.o(i.EvrRtxThreadFlagsClearDone), (2 bytes).
    Removing rtx_evr.o(i.EvrRtxThreadFlagsGet), (2 bytes).
    Removing rtx_evr.o(i.EvrRtxThreadFlagsSet), (2 bytes).
    Removing rtx_evr.o(i.EvrRtxThreadFlagsSetDone), (2 bytes).
    Removing rtx_evr.o(i.EvrRtxThreadFlagsWait), (2 bytes).
    Removing rtx_evr.o(i.EvrRtxThreadFlagsWaitCompleted), (2 bytes).
    Removing rtx_evr.o(i.EvrRtxThreadFlagsWaitNotCompleted), (2 bytes).
    Removing rtx_evr.o(i.EvrRtxThreadFlagsWaitPending), (2 bytes).
    Removing rtx_evr.o(i.EvrRtxThreadGetCount), (2 bytes).
    Removing rtx_evr.o(i.EvrRtxThreadGetId), (2 bytes).
    Removing rtx_evr.o(i.EvrRtxThreadGetName), (2 bytes).
    Removing rtx_evr.o(i.EvrRtxThreadGetPriority), (2 bytes).
    Removing rtx_evr.o(i.EvrRtxThreadGetStackSize), (2 bytes).
    Removing rtx_evr.o(i.EvrRtxThreadGetStackSpace), (2 bytes).
    Removing rtx_evr.o(i.EvrRtxThreadGetState), (2 bytes).
    Removing rtx_evr.o(i.EvrRtxThreadJoin), (2 bytes).
    Removing rtx_evr.o(i.EvrRtxThreadJoinPending), (2 bytes).
    Removing rtx_evr.o(i.EvrRtxThreadJoined), (2 bytes).
    Removing rtx_evr.o(i.EvrRtxThreadNew), (2 bytes).
    Removing rtx_evr.o(i.EvrRtxThreadResume), (2 bytes).
    Removing rtx_evr.o(i.EvrRtxThreadResumed), (2 bytes).
    Removing rtx_evr.o(i.EvrRtxThreadSetPriority), (2 bytes).
    Removing rtx_evr.o(i.EvrRtxThreadSuspend), (2 bytes).
    Removing rtx_evr.o(i.EvrRtxThreadSuspended), (2 bytes).
    Removing rtx_evr.o(i.EvrRtxThreadTerminate), (2 bytes).
    Removing rtx_evr.o(i.EvrRtxThreadYield), (2 bytes).
    Removing rtx_evr.o(i.EvrRtxTimerCallback), (2 bytes).
    Removing rtx_evr.o(i.EvrRtxTimerCreated), (2 bytes).
    Removing rtx_evr.o(i.EvrRtxTimerDelete), (2 bytes).
    Removing rtx_evr.o(i.EvrRtxTimerDestroyed), (2 bytes).
    Removing rtx_evr.o(i.EvrRtxTimerError), (2 bytes).
    Removing rtx_evr.o(i.EvrRtxTimerGetName), (2 bytes).
    Removing rtx_evr.o(i.EvrRtxTimerIsRunning), (2 bytes).
    Removing rtx_evr.o(i.EvrRtxTimerNew), (2 bytes).
    Removing rtx_evr.o(i.EvrRtxTimerStart), (2 bytes).
    Removing rtx_evr.o(i.EvrRtxTimerStarted), (2 bytes).
    Removing rtx_evr.o(i.EvrRtxTimerStop), (2 bytes).
    Removing rtx_evr.o(i.EvrRtxTimerStopped), (2 bytes).
    Removing rtx_kernel.o(.rev16_text), (4 bytes).
    Removing rtx_kernel.o(.revsh_text), (4 bytes).
    Removing rtx_kernel.o(.rrx_text), (6 bytes).
    Removing rtx_kernel.o(.emb_text), (340 bytes).
    Removing rtx_kernel.o(i.IsPrivileged), (16 bytes).
    Removing rtx_kernel.o(i.KernelBlock), (68 bytes).
    Removing rtx_kernel.o(i.KernelUnblock), (60 bytes).
    Removing rtx_kernel.o(i.osKernelGetInfo), (80 bytes).
    Removing rtx_kernel.o(i.osKernelGetState), (48 bytes).
    Removing rtx_kernel.o(i.osKernelGetSysTimerCount), (44 bytes).
    Removing rtx_kernel.o(i.osKernelGetTickCount), (44 bytes).
    Removing rtx_kernel.o(i.osKernelGetTickFreq), (44 bytes).
    Removing rtx_kernel.o(i.osKernelInitialize), (52 bytes).
    Removing rtx_kernel.o(i.osKernelLock), (52 bytes).
    Removing rtx_kernel.o(i.osKernelRestoreLock), (60 bytes).
    Removing rtx_kernel.o(i.osKernelResume), (52 bytes).
    Removing rtx_kernel.o(i.osKernelStart), (52 bytes).
    Removing rtx_kernel.o(i.osKernelSuspend), (52 bytes).
    Removing rtx_kernel.o(i.osKernelUnlock), (52 bytes).
    Removing rtx_kernel.o(i.svcRtxKernelGetInfo), (80 bytes).
    Removing rtx_kernel.o(i.svcRtxKernelGetState), (24 bytes).
    Removing rtx_kernel.o(i.svcRtxKernelGetSysTimerCount), (48 bytes).
    Removing rtx_kernel.o(i.svcRtxKernelGetTickCount), (20 bytes).
    Removing rtx_kernel.o(i.svcRtxKernelGetTickFreq), (20 bytes).
    Removing rtx_kernel.o(i.svcRtxKernelInitialize), (612 bytes).
    Removing rtx_kernel.o(i.svcRtxKernelLock), (68 bytes).
    Removing rtx_kernel.o(i.svcRtxKernelRestoreLock), (104 bytes).
    Removing rtx_kernel.o(i.svcRtxKernelResume), (196 bytes).
    Removing rtx_kernel.o(i.svcRtxKernelStart), (232 bytes).
    Removing rtx_kernel.o(i.svcRtxKernelSuspend), (72 bytes).
    Removing rtx_kernel.o(i.svcRtxKernelUnlock), (68 bytes).
    Removing rtx_lib.o(.rev16_text), (4 bytes).
    Removing rtx_lib.o(.revsh_text), (4 bytes).
    Removing rtx_lib.o(.rrx_text), (6 bytes).
    Removing rtx_lib.o(.emb_text), (0 bytes).
    Removing rtx_lib.o(.rodata), (56 bytes).
    Removing rtx_lib.o(.data), (4 bytes).
    Removing rtx_memory.o(.rev16_text), (4 bytes).
    Removing rtx_memory.o(.revsh_text), (4 bytes).
    Removing rtx_memory.o(.rrx_text), (6 bytes).
    Removing rtx_memory.o(.emb_text), (340 bytes).
    Removing rtx_memory.o(i.MemBlockPtr), (10 bytes).
    Removing rtx_memory.o(i.osRtxMemoryAlloc), (238 bytes).
    Removing rtx_memory.o(i.osRtxMemoryFree), (124 bytes).
    Removing rtx_memory.o(i.osRtxMemoryInit), (106 bytes).
    Removing rtx_mempool.o(.rev16_text), (4 bytes).
    Removing rtx_mempool.o(.revsh_text), (4 bytes).
    Removing rtx_mempool.o(.rrx_text), (6 bytes).
    Removing rtx_mempool.o(.emb_text), (340 bytes).
    Removing rtx_mempool.o(i.IsIrqMasked), (24 bytes).
    Removing rtx_mempool.o(i.IsIrqMode), (16 bytes).
    Removing rtx_mempool.o(i.isrRtxMemoryPoolAlloc), (90 bytes).
    Removing rtx_mempool.o(i.isrRtxMemoryPoolFree), (108 bytes).
    Removing rtx_mempool.o(i.osMemoryPoolAlloc), (64 bytes).
    Removing rtx_mempool.o(i.osMemoryPoolDelete), (60 bytes).
    Removing rtx_mempool.o(i.osMemoryPoolFree), (64 bytes).
    Removing rtx_mempool.o(i.osMemoryPoolGetBlockSize), (48 bytes).
    Removing rtx_mempool.o(i.osMemoryPoolGetCapacity), (48 bytes).
    Removing rtx_mempool.o(i.osMemoryPoolGetCount), (48 bytes).
    Removing rtx_mempool.o(i.osMemoryPoolGetName), (52 bytes).
    Removing rtx_mempool.o(i.osMemoryPoolGetSpace), (48 bytes).
    Removing rtx_mempool.o(i.osMemoryPoolNew), (76 bytes).
    Removing rtx_mempool.o(i.osRtxMemoryPoolAlloc), (58 bytes).
    Removing rtx_mempool.o(i.osRtxMemoryPoolFree), (78 bytes).
    Removing rtx_mempool.o(i.osRtxMemoryPoolInit), (88 bytes).
    Removing rtx_mempool.o(i.osRtxMemoryPoolPostProcess), (66 bytes).
    Removing rtx_mempool.o(i.svcRtxMemoryPoolAlloc), (144 bytes).
    Removing rtx_mempool.o(i.svcRtxMemoryPoolDelete), (176 bytes).
    Removing rtx_mempool.o(i.svcRtxMemoryPoolFree), (144 bytes).
    Removing rtx_mempool.o(i.svcRtxMemoryPoolGetBlockSize), (58 bytes).
    Removing rtx_mempool.o(i.svcRtxMemoryPoolGetCapacity), (58 bytes).
    Removing rtx_mempool.o(i.svcRtxMemoryPoolGetCount), (58 bytes).
    Removing rtx_mempool.o(i.svcRtxMemoryPoolGetName), (58 bytes).
    Removing rtx_mempool.o(i.svcRtxMemoryPoolGetSpace), (66 bytes).
    Removing rtx_mempool.o(i.svcRtxMemoryPoolNew), (396 bytes).
    Removing rtx_msgqueue.o(.rev16_text), (4 bytes).
    Removing rtx_msgqueue.o(.revsh_text), (4 bytes).
    Removing rtx_msgqueue.o(.rrx_text), (6 bytes).
    Removing rtx_msgqueue.o(.emb_text), (340 bytes).
    Removing rtx_msgqueue.o(i.IsIrqMasked), (24 bytes).
    Removing rtx_msgqueue.o(i.IsIrqMode), (16 bytes).
    Removing rtx_msgqueue.o(i.MessageQueueGet), (52 bytes).
    Removing rtx_msgqueue.o(i.MessageQueuePut), (76 bytes).
    Removing rtx_msgqueue.o(i.MessageQueueRemove), (34 bytes).
    Removing rtx_msgqueue.o(i.isrRtxMessageQueueGet), (150 bytes).
    Removing rtx_msgqueue.o(i.isrRtxMessageQueuePut), (158 bytes).
    Removing rtx_msgqueue.o(i.osMessageQueueDelete), (60 bytes).
    Removing rtx_msgqueue.o(i.osMessageQueueGet), (84 bytes).
    Removing rtx_msgqueue.o(i.osMessageQueueGetCapacity), (48 bytes).
    Removing rtx_msgqueue.o(i.osMessageQueueGetCount), (48 bytes).
    Removing rtx_msgqueue.o(i.osMessageQueueGetMsgSize), (48 bytes).
    Removing rtx_msgqueue.o(i.osMessageQueueGetName), (52 bytes).
    Removing rtx_msgqueue.o(i.osMessageQueueGetSpace), (48 bytes).
    Removing rtx_msgqueue.o(i.osMessageQueueNew), (76 bytes).
    Removing rtx_msgqueue.o(i.osMessageQueuePut), (84 bytes).
    Removing rtx_msgqueue.o(i.osMessageQueueReset), (60 bytes).
    Removing rtx_msgqueue.o(i.osRtxMessageQueuePostProcess), (296 bytes).
    Removing rtx_msgqueue.o(i.svcRtxMessageQueueDelete), (176 bytes).
    Removing rtx_msgqueue.o(i.svcRtxMessageQueueGet), (344 bytes).
    Removing rtx_msgqueue.o(i.svcRtxMessageQueueGetCapacity), (58 bytes).
    Removing rtx_msgqueue.o(i.svcRtxMessageQueueGetCount), (58 bytes).
    Removing rtx_msgqueue.o(i.svcRtxMessageQueueGetMsgSize), (58 bytes).
    Removing rtx_msgqueue.o(i.svcRtxMessageQueueGetName), (58 bytes).
    Removing rtx_msgqueue.o(i.svcRtxMessageQueueGetSpace), (66 bytes).
    Removing rtx_msgqueue.o(i.svcRtxMessageQueueNew), (408 bytes).
    Removing rtx_msgqueue.o(i.svcRtxMessageQueuePut), (320 bytes).
    Removing rtx_msgqueue.o(i.svcRtxMessageQueueReset), (238 bytes).
    Removing rtx_mutex.o(.rev16_text), (4 bytes).
    Removing rtx_mutex.o(.revsh_text), (4 bytes).
    Removing rtx_mutex.o(.rrx_text), (6 bytes).
    Removing rtx_mutex.o(.emb_text), (340 bytes).
    Removing rtx_mutex.o(i.IsIrqMasked), (24 bytes).
    Removing rtx_mutex.o(i.IsIrqMode), (16 bytes).
    Removing rtx_mutex.o(i.osMutexAcquire), (68 bytes).
    Removing rtx_mutex.o(i.osMutexDelete), (60 bytes).
    Removing rtx_mutex.o(i.osMutexGetName), (52 bytes).
    Removing rtx_mutex.o(i.osMutexGetOwner), (52 bytes).
    Removing rtx_mutex.o(i.osMutexNew), (60 bytes).
    Removing rtx_mutex.o(i.osMutexRelease), (60 bytes).
    Removing rtx_mutex.o(i.osRtxMutexOwnerRelease), (94 bytes).
    Removing rtx_mutex.o(i.svcRtxMutexAcquire), (288 bytes).
    Removing rtx_mutex.o(i.svcRtxMutexDelete), (256 bytes).
    Removing rtx_mutex.o(i.svcRtxMutexGetName), (58 bytes).
    Removing rtx_mutex.o(i.svcRtxMutexGetOwner), (74 bytes).
    Removing rtx_mutex.o(i.svcRtxMutexNew), (176 bytes).
    Removing rtx_mutex.o(i.svcRtxMutexRelease), (284 bytes).
    Removing rtx_semaphore.o(.rev16_text), (4 bytes).
    Removing rtx_semaphore.o(.revsh_text), (4 bytes).
    Removing rtx_semaphore.o(.rrx_text), (6 bytes).
    Removing rtx_semaphore.o(.emb_text), (340 bytes).
    Removing rtx_semaphore.o(i.IsIrqMasked), (24 bytes).
    Removing rtx_semaphore.o(i.IsIrqMode), (16 bytes).
    Removing rtx_semaphore.o(i.SemaphoreTokenDecrement), (24 bytes).
    Removing rtx_semaphore.o(i.SemaphoreTokenIncrement), (30 bytes).
    Removing rtx_semaphore.o(i.isrRtxSemaphoreAcquire), (94 bytes).
    Removing rtx_semaphore.o(i.isrRtxSemaphoreRelease), (106 bytes).
    Removing rtx_semaphore.o(i.osRtxSemaphorePostProcess), (56 bytes).
    Removing rtx_semaphore.o(i.osSemaphoreAcquire), (64 bytes).
    Removing rtx_semaphore.o(i.osSemaphoreDelete), (60 bytes).
    Removing rtx_semaphore.o(i.osSemaphoreGetCount), (48 bytes).
    Removing rtx_semaphore.o(i.osSemaphoreGetName), (52 bytes).
    Removing rtx_semaphore.o(i.osSemaphoreNew), (76 bytes).
    Removing rtx_semaphore.o(i.osSemaphoreRelease), (56 bytes).
    Removing rtx_semaphore.o(i.svcRtxSemaphoreAcquire), (152 bytes).
    Removing rtx_semaphore.o(i.svcRtxSemaphoreDelete), (160 bytes).
    Removing rtx_semaphore.o(i.svcRtxSemaphoreGetCount), (58 bytes).
    Removing rtx_semaphore.o(i.svcRtxSemaphoreGetName), (58 bytes).
    Removing rtx_semaphore.o(i.svcRtxSemaphoreNew), (212 bytes).
    Removing rtx_semaphore.o(i.svcRtxSemaphoreRelease), (138 bytes).
    Removing rtx_system.o(.rev16_text), (4 bytes).
    Removing rtx_system.o(.revsh_text), (4 bytes).
    Removing rtx_system.o(.rrx_text), (6 bytes).
    Removing rtx_system.o(i.isr_queue_put), (60 bytes).
    Removing rtx_system.o(i.osRtxPostProcess), (60 bytes).
    Removing rtx_thread.o(.rev16_text), (4 bytes).
    Removing rtx_thread.o(.revsh_text), (4 bytes).
    Removing rtx_thread.o(.rrx_text), (6 bytes).
    Removing rtx_thread.o(.emb_text), (340 bytes).
    Removing rtx_thread.o(i.IsIrqMasked), (24 bytes).
    Removing rtx_thread.o(i.IsIrqMode), (16 bytes).
    Removing rtx_thread.o(i.ThreadFlagsCheck), (86 bytes).
    Removing rtx_thread.o(i.ThreadFlagsClear), (22 bytes).
    Removing rtx_thread.o(i.ThreadFlagsSet), (22 bytes).
    Removing rtx_thread.o(i.isrRtxThreadFlagsSet), (106 bytes).
    Removing rtx_thread.o(i.osRtxThreadDelayRemove), (116 bytes).
    Removing rtx_thread.o(i.osRtxThreadFree), (96 bytes).
    Removing rtx_thread.o(i.osRtxThreadListSort), (42 bytes).
    Removing rtx_thread.o(i.osRtxThreadListUnlink), (32 bytes).
    Removing rtx_thread.o(i.osRtxThreadPostProcess), (64 bytes).
    Removing rtx_thread.o(i.osRtxThreadSetRunning), (12 bytes).
    Removing rtx_thread.o(i.osRtxThreadStartup), (96 bytes).
    Removing rtx_thread.o(i.osRtxThreadWaitExit), (54 bytes).
    Removing rtx_thread.o(i.osThreadDetach), (60 bytes).
    Removing rtx_thread.o(i.osThreadEnumerate), (56 bytes).
    Removing rtx_thread.o(i.osThreadExit), (32 bytes).
    Removing rtx_thread.o(i.osThreadFlagsClear), (60 bytes).
    Removing rtx_thread.o(i.osThreadFlagsGet), (44 bytes).
    Removing rtx_thread.o(i.osThreadFlagsSet), (64 bytes).
    Removing rtx_thread.o(i.osThreadFlagsWait), (76 bytes).
    Removing rtx_thread.o(i.osThreadGetCount), (44 bytes).
    Removing rtx_thread.o(i.osThreadGetId), (44 bytes).
    Removing rtx_thread.o(i.osThreadGetName), (52 bytes).
    Removing rtx_thread.o(i.osThreadGetPriority), (56 bytes).
    Removing rtx_thread.o(i.osThreadGetStackSize), (52 bytes).
    Removing rtx_thread.o(i.osThreadGetStackSpace), (52 bytes).
    Removing rtx_thread.o(i.osThreadGetState), (56 bytes).
    Removing rtx_thread.o(i.osThreadJoin), (60 bytes).
    Removing rtx_thread.o(i.osThreadNew), (76 bytes).
    Removing rtx_thread.o(i.osThreadResume), (60 bytes).
    Removing rtx_thread.o(i.osThreadSetPriority), (68 bytes).
    Removing rtx_thread.o(i.osThreadSuspend), (60 bytes).
    Removing rtx_thread.o(i.osThreadTerminate), (60 bytes).
    Removing rtx_thread.o(i.osThreadYield), (56 bytes).
    Removing rtx_thread.o(i.svcRtxThreadDetach), (124 bytes).
    Removing rtx_thread.o(i.svcRtxThreadEnumerate), (120 bytes).
    Removing rtx_thread.o(i.svcRtxThreadExit), (148 bytes).
    Removing rtx_thread.o(i.svcRtxThreadFlagsClear), (96 bytes).
    Removing rtx_thread.o(i.svcRtxThreadFlagsGet), (50 bytes).
    Removing rtx_thread.o(i.svcRtxThreadFlagsSet), (158 bytes).
    Removing rtx_thread.o(i.svcRtxThreadFlagsWait), (142 bytes).
    Removing rtx_thread.o(i.svcRtxThreadGetCount), (60 bytes).
    Removing rtx_thread.o(i.svcRtxThreadGetId), (18 bytes).
    Removing rtx_thread.o(i.svcRtxThreadGetName), (58 bytes).
    Removing rtx_thread.o(i.svcRtxThreadGetPriority), (80 bytes).
    Removing rtx_thread.o(i.svcRtxThreadGetStackSize), (58 bytes).
    Removing rtx_thread.o(i.svcRtxThreadGetStackSpace), (128 bytes).
    Removing rtx_thread.o(i.svcRtxThreadGetState), (58 bytes).
    Removing rtx_thread.o(i.svcRtxThreadJoin), (164 bytes).
    Removing rtx_thread.o(i.svcRtxThreadNew), (628 bytes).
    Removing rtx_thread.o(i.svcRtxThreadResume), (88 bytes).
    Removing rtx_thread.o(i.svcRtxThreadSetPriority), (108 bytes).
    Removing rtx_thread.o(i.svcRtxThreadSuspend), (196 bytes).
    Removing rtx_thread.o(i.svcRtxThreadTerminate), (276 bytes).
    Removing rtx_thread.o(i.svcRtxThreadYield), (72 bytes).
    Removing rtx_timer.o(.rev16_text), (4 bytes).
    Removing rtx_timer.o(.revsh_text), (4 bytes).
    Removing rtx_timer.o(.rrx_text), (6 bytes).
    Removing rtx_timer.o(.emb_text), (340 bytes).
    Removing rtx_timer.o(i.IsIrqMasked), (24 bytes).
    Removing rtx_timer.o(i.IsIrqMode), (16 bytes).
    Removing rtx_timer.o(i.TimerInsert), (64 bytes).
    Removing rtx_timer.o(i.TimerRemove), (48 bytes).
    Removing rtx_timer.o(i.TimerUnlink), (24 bytes).
    Removing rtx_timer.o(i.osRtxTimerThread), (88 bytes).
    Removing rtx_timer.o(i.osRtxTimerTick), (92 bytes).
    Removing rtx_timer.o(i.osTimerDelete), (60 bytes).
    Removing rtx_timer.o(i.osTimerGetName), (52 bytes).
    Removing rtx_timer.o(i.osTimerIsRunning), (52 bytes).
    Removing rtx_timer.o(i.osTimerNew), (80 bytes).
    Removing rtx_timer.o(i.osTimerStart), (68 bytes).
    Removing rtx_timer.o(i.osTimerStop), (60 bytes).
    Removing rtx_timer.o(i.svcRtxTimerDelete), (128 bytes).
    Removing rtx_timer.o(i.svcRtxTimerGetName), (58 bytes).
    Removing rtx_timer.o(i.svcRtxTimerIsRunning), (62 bytes).
    Removing rtx_timer.o(i.svcRtxTimerNew), (212 bytes).
    Removing rtx_timer.o(i.svcRtxTimerStart), (124 bytes).
    Removing rtx_timer.o(i.svcRtxTimerStop), (76 bytes).
    Removing os_systick.o(.rev16_text), (4 bytes).
    Removing os_systick.o(.revsh_text), (4 bytes).
    Removing os_systick.o(.rrx_text), (6 bytes).
    Removing os_systick.o(i.OS_Tick_Disable), (52 bytes).
    Removing os_systick.o(i.OS_Tick_Enable), (48 bytes).
    Removing os_systick.o(i.OS_Tick_GetCount), (12 bytes).
    Removing os_systick.o(i.OS_Tick_GetIRQn), (6 bytes).
    Removing os_systick.o(i.OS_Tick_GetInterval), (10 bytes).
    Removing os_systick.o(i.OS_Tick_GetOverflow), (12 bytes).
    Removing os_systick.o(i.OS_Tick_Setup), (80 bytes).
    Removing os_systick.o(.data), (1 bytes).
    Removing rtx_config.o(.rev16_text), (4 bytes).
    Removing rtx_config.o(.revsh_text), (4 bytes).
    Removing rtx_config.o(.rrx_text), (6 bytes).
    Removing rtx_config.o(i.osRtxIdleThread), (4 bytes).
    Removing startup_lpc17xx.o(HEAP), (8192 bytes).
    Removing system_lpc17xx.o(.rev16_text), (4 bytes).
    Removing system_lpc17xx.o(.revsh_text), (4 bytes).
    Removing system_lpc17xx.o(.rrx_text), (6 bytes).
    Removing system_lpc17xx.o(i.SystemCoreClockUpdate), (424 bytes).
    Removing dadd.o(.text), (334 bytes).
    Removing dmul.o(.text), (228 bytes).
    Removing ddiv.o(.text), (222 bytes).
    Removing dfixul.o(.text), (48 bytes).
    Removing cdrcmple.o(.text), (48 bytes).
    Removing depilogue.o(.text), (186 bytes).

484 unused section(s) (total 35618 bytes) removed from the image.

==============================================================================

Image Symbol Table

    Local Symbols

    Symbol Name                              Value     Ov Type        Size  Object(Section)

    RESET                                    0x00000000   Section      204  startup_lpc17xx.o(RESET)
    ../clib/../cmprslib/zerorunl.c           0x00000000   Number         0  __dczerorl.o ABSOLUTE
    ../clib/microlib/division.c              0x00000000   Number         0  uldiv.o ABSOLUTE
    ../clib/microlib/division.c              0x00000000   Number         0  uidiv.o ABSOLUTE
    ../clib/microlib/init/entry.s            0x00000000   Number         0  entry10a.o ABSOLUTE
    ../clib/microlib/init/entry.s            0x00000000   Number         0  entry7b.o ABSOLUTE
    ../clib/microlib/init/entry.s            0x00000000   Number         0  entry.o ABSOLUTE
    ../clib/microlib/init/entry.s            0x00000000   Number         0  entry10b.o ABSOLUTE
    ../clib/microlib/init/entry.s            0x00000000   Number         0  entry7a.o ABSOLUTE
    ../clib/microlib/init/entry.s            0x00000000   Number         0  entry2.o ABSOLUTE
    ../clib/microlib/init/entry.s            0x00000000   Number         0  entry9b.o ABSOLUTE
    ../clib/microlib/init/entry.s            0x00000000   Number         0  entry11a.o ABSOLUTE
    ../clib/microlib/init/entry.s            0x00000000   Number         0  entry5.o ABSOLUTE
    ../clib/microlib/init/entry.s            0x00000000   Number         0  entry9a.o ABSOLUTE
    ../clib/microlib/init/entry.s            0x00000000   Number         0  entry8a.o ABSOLUTE
    ../clib/microlib/init/entry.s            0x00000000   Number         0  entry11b.o ABSOLUTE
    ../clib/microlib/init/entry.s            0x00000000   Number         0  entry8b.o ABSOLUTE
    ../clib/microlib/longlong.c              0x00000000   Number         0  llshl.o ABSOLUTE
    ../clib/microlib/longlong.c              0x00000000   Number         0  llsshr.o ABSOLUTE
    ../clib/microlib/longlong.c              0x00000000   Number         0  llushr.o ABSOLUTE
    ../clib/microlib/printf/printf.c         0x00000000   Number         0  printfb.o ABSOLUTE
    ../clib/microlib/printf/printf.c         0x00000000   Number         0  printf0.o ABSOLUTE
    ../clib/microlib/printf/printf.c         0x00000000   Number         0  printf1.o ABSOLUTE
    ../clib/microlib/printf/printf.c         0x00000000   Number         0  printf8.o ABSOLUTE
    ../clib/microlib/printf/printf.c         0x00000000   Number         0  printf2.o ABSOLUTE
    ../clib/microlib/printf/printf.c         0x00000000   Number         0  printfa.o ABSOLUTE
    ../clib/microlib/printf/printf.c         0x00000000   Number         0  printf3.o ABSOLUTE
    ../clib/microlib/printf/printf.c         0x00000000   Number         0  printf7.o ABSOLUTE
    ../clib/microlib/printf/printf.c         0x00000000   Number         0  printf6.o ABSOLUTE
    ../clib/microlib/printf/printf.c         0x00000000   Number         0  printf5.o ABSOLUTE
    ../clib/microlib/printf/printf.c         0x00000000   Number         0  printf4.o ABSOLUTE
    ../clib/microlib/string/memcpy.c         0x00000000   Number         0  memcpya.o ABSOLUTE
    ../clib/microlib/string/memcpy.c         0x00000000   Number         0  memcpyb.o ABSOLUTE
    ../clib/microlib/string/memset.c         0x00000000   Number         0  memseta.o ABSOLUTE
    ../clib/microlib/stubs.s                 0x00000000   Number         0  iusefp.o ABSOLUTE
    ../fplib/microlib/fpadd.c                0x00000000   Number         0  dadd.o ABSOLUTE
    ../fplib/microlib/fpdiv.c                0x00000000   Number         0  ddiv.o ABSOLUTE
    ../fplib/microlib/fpepilogue.c           0x00000000   Number         0  depilogue.o ABSOLUTE
    ../fplib/microlib/fpfix.c                0x00000000   Number         0  dfixul.o ABSOLUTE
    ../fplib/microlib/fpmul.c                0x00000000   Number         0  dmul.o ABSOLUTE
    C:\Software\Keil_v5\ARM\PACK\ARM\CMSIS\5.3.0\CMSIS\RTOS2\RTX\Source\ARM\irq_cm3.s 0x00000000   Number         0  irq_cm3.o ABSOLUTE
    C:\Software\Keil_v5\ARM\PACK\ARM\CMSIS\5.3.0\CMSIS\RTOS2\RTX\Source\rtx_delay.c 0x00000000   Number         0  rtx_delay.o ABSOLUTE
    C:\Software\Keil_v5\ARM\PACK\ARM\CMSIS\5.3.0\CMSIS\RTOS2\RTX\Source\rtx_evflags.c 0x00000000   Number         0  rtx_evflags.o ABSOLUTE
    C:\Software\Keil_v5\ARM\PACK\ARM\CMSIS\5.3.0\CMSIS\RTOS2\RTX\Source\rtx_evr.c 0x00000000   Number         0  rtx_evr.o ABSOLUTE
    C:\Software\Keil_v5\ARM\PACK\ARM\CMSIS\5.3.0\CMSIS\RTOS2\RTX\Source\rtx_kernel.c 0x00000000   Number         0  rtx_kernel.o ABSOLUTE
    C:\Software\Keil_v5\ARM\PACK\ARM\CMSIS\5.3.0\CMSIS\RTOS2\RTX\Source\rtx_lib.c 0x00000000   Number         0  rtx_lib.o ABSOLUTE
    C:\Software\Keil_v5\ARM\PACK\ARM\CMSIS\5.3.0\CMSIS\RTOS2\RTX\Source\rtx_memory.c 0x00000000   Number         0  rtx_memory.o ABSOLUTE
    C:\Software\Keil_v5\ARM\PACK\ARM\CMSIS\5.3.0\CMSIS\RTOS2\RTX\Source\rtx_mempool.c 0x00000000   Number         0  rtx_mempool.o ABSOLUTE
    C:\Software\Keil_v5\ARM\PACK\ARM\CMSIS\5.3.0\CMSIS\RTOS2\RTX\Source\rtx_msgqueue.c 0x00000000   Number         0  rtx_msgqueue.o ABSOLUTE
    C:\Software\Keil_v5\ARM\PACK\ARM\CMSIS\5.3.0\CMSIS\RTOS2\RTX\Source\rtx_mutex.c 0x00000000   Number         0  rtx_mutex.o ABSOLUTE
    C:\Software\Keil_v5\ARM\PACK\ARM\CMSIS\5.3.0\CMSIS\RTOS2\RTX\Source\rtx_semaphore.c 0x00000000   Number         0  rtx_semaphore.o ABSOLUTE
    C:\Software\Keil_v5\ARM\PACK\ARM\CMSIS\5.3.0\CMSIS\RTOS2\RTX\Source\rtx_system.c 0x00000000   Number         0  rtx_system.o ABSOLUTE
    C:\Software\Keil_v5\ARM\PACK\ARM\CMSIS\5.3.0\CMSIS\RTOS2\RTX\Source\rtx_thread.c 0x00000000   Number         0  rtx_thread.o ABSOLUTE
    C:\Software\Keil_v5\ARM\PACK\ARM\CMSIS\5.3.0\CMSIS\RTOS2\RTX\Source\rtx_timer.c 0x00000000   Number         0  rtx_timer.o ABSOLUTE
    C:\Software\Keil_v5\ARM\PACK\ARM\CMSIS\5.3.0\CMSIS\RTOS2\Source\os_systick.c 0x00000000   Number         0  os_systick.o ABSOLUTE
    C:\\Software\\Keil_v5\\ARM\\PACK\\ARM\\CMSIS\\5.3.0\\CMSIS\\RTOS2\\RTX\\Source\\rtx_delay.c 0x00000000   Number         0  rtx_delay.o ABSOLUTE
    C:\\Software\\Keil_v5\\ARM\\PACK\\ARM\\CMSIS\\5.3.0\\CMSIS\\RTOS2\\RTX\\Source\\rtx_evflags.c 0x00000000   Number         0  rtx_evflags.o ABSOLUTE
    C:\\Software\\Keil_v5\\ARM\\PACK\\ARM\\CMSIS\\5.3.0\\CMSIS\\RTOS2\\RTX\\Source\\rtx_evr.c 0x00000000   Number         0  rtx_evr.o ABSOLUTE
    C:\\Software\\Keil_v5\\ARM\\PACK\\ARM\\CMSIS\\5.3.0\\CMSIS\\RTOS2\\RTX\\Source\\rtx_kernel.c 0x00000000   Number         0  rtx_kernel.o ABSOLUTE
    C:\\Software\\Keil_v5\\ARM\\PACK\\ARM\\CMSIS\\5.3.0\\CMSIS\\RTOS2\\RTX\\Source\\rtx_lib.c 0x00000000   Number         0  rtx_lib.o ABSOLUTE
    C:\\Software\\Keil_v5\\ARM\\PACK\\ARM\\CMSIS\\5.3.0\\CMSIS\\RTOS2\\RTX\\Source\\rtx_memory.c 0x00000000   Number         0  rtx_memory.o ABSOLUTE
    C:\\Software\\Keil_v5\\ARM\\PACK\\ARM\\CMSIS\\5.3.0\\CMSIS\\RTOS2\\RTX\\Source\\rtx_mempool.c 0x00000000   Number         0  rtx_mempool.o ABSOLUTE
    C:\\Software\\Keil_v5\\ARM\\PACK\\ARM\\CMSIS\\5.3.0\\CMSIS\\RTOS2\\RTX\\Source\\rtx_msgqueue.c 0x00000000   Number         0  rtx_msgqueue.o ABSOLUTE
    C:\\Software\\Keil_v5\\ARM\\PACK\\ARM\\CMSIS\\5.3.0\\CMSIS\\RTOS2\\RTX\\Source\\rtx_mutex.c 0x00000000   Number         0  rtx_mutex.o ABSOLUTE
    C:\\Software\\Keil_v5\\ARM\\PACK\\ARM\\CMSIS\\5.3.0\\CMSIS\\RTOS2\\RTX\\Source\\rtx_semaphore.c 0x00000000   Number         0  rtx_semaphore.o ABSOLUTE
    C:\\Software\\Keil_v5\\ARM\\PACK\\ARM\\CMSIS\\5.3.0\\CMSIS\\RTOS2\\RTX\\Source\\rtx_system.c 0x00000000   Number         0  rtx_system.o ABSOLUTE
    C:\\Software\\Keil_v5\\ARM\\PACK\\ARM\\CMSIS\\5.3.0\\CMSIS\\RTOS2\\RTX\\Source\\rtx_thread.c 0x00000000   Number         0  rtx_thread.o ABSOLUTE
    C:\\Software\\Keil_v5\\ARM\\PACK\\ARM\\CMSIS\\5.3.0\\CMSIS\\RTOS2\\RTX\\Source\\rtx_timer.c 0x00000000   Number         0  rtx_timer.o ABSOLUTE
    C:\\Software\\Keil_v5\\ARM\\PACK\\ARM\\CMSIS\\5.3.0\\CMSIS\\RTOS2\\Source\\os_systick.c 0x00000000   Number         0  os_systick.o ABSOLUTE
    RTE\CMSIS\RTX_Config.c                   0x00000000   Number         0  rtx_config.o ABSOLUTE
    RTE\Device\LPC1768\startup_LPC17xx.s     0x00000000   Number         0  startup_lpc17xx.o ABSOLUTE
    RTE\Device\LPC1768\system_LPC17xx.c      0x00000000   Number         0  system_lpc17xx.o ABSOLUTE
    RTE\\CMSIS\\RTX_Config.c                 0x00000000   Number         0  rtx_config.o ABSOLUTE
    RTE\\Device\\LPC1768\\system_LPC17xx.c   0x00000000   Number         0  system_lpc17xx.o ABSOLUTE
    cdrcmple.s                               0x00000000   Number         0  cdrcmple.o ABSOLUTE
    dc.s                                     0x00000000   Number         0  dc.o ABSOLUTE
    handlers.s                               0x00000000   Number         0  handlers.o ABSOLUTE
    init.s                                   0x00000000   Number         0  init.o ABSOLUTE
    src\GLCD_SPI_LPC1700.c                   0x00000000   Number         0  glcd_spi_lpc1700.o ABSOLUTE
    src\Retarget.c                           0x00000000   Number         0  retarget.o ABSOLUTE
    src\\GLCD_SPI_LPC1700.c                  0x00000000   Number         0  glcd_spi_lpc1700.o ABSOLUTE
    src\\main.c                              0x00000000   Number         0  main.o ABSOLUTE
    src\\uart.c                              0x00000000   Number         0  uart.o ABSOLUTE
    src\lfsr113.c                            0x00000000   Number         0  lfsr113.o ABSOLUTE
    src\main.c                               0x00000000   Number         0  main.o ABSOLUTE
    src\random.c                             0x00000000   Number         0  random.o ABSOLUTE
    src\uart.c                               0x00000000   Number         0  uart.o ABSOLUTE
    .ARM.Collect$$$$00000000                 0x000000cc   Section        0  entry.o(.ARM.Collect$$$$00000000)
    .ARM.Collect$$$$00000001                 0x000000cc   Section        4  entry2.o(.ARM.Collect$$$$00000001)
    .ARM.Collect$$$$00000004                 0x000000d0   Section        4  entry5.o(.ARM.Collect$$$$00000004)
    .ARM.Collect$$$$00000008                 0x000000d4   Section        0  entry7b.o(.ARM.Collect$$$$00000008)
    .ARM.Collect$$$$0000000A                 0x000000d4   Section        0  entry8b.o(.ARM.Collect$$$$0000000A)
    .ARM.Collect$$$$0000000B                 0x000000d4   Section        8  entry9a.o(.ARM.Collect$$$$0000000B)
    .ARM.Collect$$$$0000000D                 0x000000dc   Section        0  entry10a.o(.ARM.Collect$$$$0000000D)
    .ARM.Collect$$$$0000000F                 0x000000dc   Section        0  entry11a.o(.ARM.Collect$$$$0000000F)
    .ARM.Collect$$$$00002712                 0x000000dc   Section        4  entry2.o(.ARM.Collect$$$$00002712)
    __lit__00000000                          0x000000dc   Data           4  entry2.o(.ARM.Collect$$$$00002712)
    .emb_text                                0x000000e0   Section      340  rtx_system.o(.emb_text)
    .text                                    0x00000234   Section      148  irq_cm3.o(.text)
    .text                                    0x000002c8   Section       36  startup_lpc17xx.o(.text)
    i.EvrRtxEventFlagsWaitTimeout            0x000002ec   Section        0  rtx_evr.o(i.EvrRtxEventFlagsWaitTimeout)
    i.EvrRtxKernelGetSysTimerFreq            0x000002ee   Section        0  rtx_evr.o(i.EvrRtxKernelGetSysTimerFreq)
    i.EvrRtxMemoryPoolAllocTimeout           0x000002f0   Section        0  rtx_evr.o(i.EvrRtxMemoryPoolAllocTimeout)
    i.EvrRtxMessageQueueGetTimeout           0x000002f2   Section        0  rtx_evr.o(i.EvrRtxMessageQueueGetTimeout)
    i.EvrRtxMessageQueuePutTimeout           0x000002f4   Section        0  rtx_evr.o(i.EvrRtxMessageQueuePutTimeout)
    i.EvrRtxMutexAcquireTimeout              0x000002f6   Section        0  rtx_evr.o(i.EvrRtxMutexAcquireTimeout)
    i.EvrRtxSemaphoreAcquireTimeout          0x000002f8   Section        0  rtx_evr.o(i.EvrRtxSemaphoreAcquireTimeout)
    i.EvrRtxThreadBlocked                    0x000002fa   Section        0  rtx_evr.o(i.EvrRtxThreadBlocked)
    .ARM.__at_0x02FC                         0x000002fc   Section        4  startup_lpc17xx.o(.ARM.__at_0x02FC)
    .text                                    0x00000300   Section       36  init.o(.text)
    .text                                    0x00000324   Section        0  __dczerorl.o(.text)
    i.EvrRtxThreadDelay                      0x0000035e   Section        0  rtx_evr.o(i.EvrRtxThreadDelay)
    i.EvrRtxThreadDelayCompleted             0x00000360   Section        0  rtx_evr.o(i.EvrRtxThreadDelayCompleted)
    i.EvrRtxThreadError                      0x00000362   Section        0  rtx_evr.o(i.EvrRtxThreadError)
    i.EvrRtxThreadFlagsWaitTimeout           0x00000364   Section        0  rtx_evr.o(i.EvrRtxThreadFlagsWaitTimeout)
    i.EvrRtxThreadPreempted                  0x00000366   Section        0  rtx_evr.o(i.EvrRtxThreadPreempted)
    i.EvrRtxThreadSwitched                   0x00000368   Section        0  rtx_evr.o(i.EvrRtxThreadSwitched)
    i.EvrRtxThreadUnblocked                  0x0000036a   Section        0  rtx_evr.o(i.EvrRtxThreadUnblocked)
    i.Free                                   0x0000036c   Section        0  uart.o(i.Free)
    i.FreeRcv                                0x00000374   Section        0  uart.o(i.FreeRcv)
    i.FreeSnd                                0x00000398   Section        0  uart.o(i.FreeSnd)
    i.GLCD_Clear                             0x000003bc   Section        0  glcd_spi_lpc1700.o(i.GLCD_Clear)
    i.GLCD_DisplayChar                       0x000003e8   Section        0  glcd_spi_lpc1700.o(i.GLCD_DisplayChar)
    i.GLCD_DisplayString                     0x00000444   Section        0  glcd_spi_lpc1700.o(i.GLCD_DisplayString)
    i.GLCD_DrawChar                          0x0000046c   Section        0  glcd_spi_lpc1700.o(i.GLCD_DrawChar)
    i.GLCD_Init                              0x00000508   Section        0  glcd_spi_lpc1700.o(i.GLCD_Init)
    i.GLCD_PutPixel                          0x00000af0   Section        0  glcd_spi_lpc1700.o(i.GLCD_PutPixel)
    i.GLCD_SetBackColor                      0x00000b70   Section        0  glcd_spi_lpc1700.o(i.GLCD_SetBackColor)
    i.GLCD_SetTextColor                      0x00000b7c   Section        0  glcd_spi_lpc1700.o(i.GLCD_SetTextColor)
    i.GLCD_SetWindow                         0x00000b88   Section        0  glcd_spi_lpc1700.o(i.GLCD_SetWindow)
    i.GLCD_WindowMax                         0x00000c34   Section        0  glcd_spi_lpc1700.o(i.GLCD_WindowMax)
    i.IsIrqMasked                            0x00000c46   Section        0  rtx_delay.o(i.IsIrqMasked)
    IsIrqMasked                              0x00000c47   Thumb Code    24  rtx_delay.o(i.IsIrqMasked)
    i.IsIrqMasked                            0x00000c5e   Section        0  rtx_kernel.o(i.IsIrqMasked)
    IsIrqMasked                              0x00000c5f   Thumb Code    24  rtx_kernel.o(i.IsIrqMasked)
    i.IsIrqMode                              0x00000c76   Section        0  rtx_delay.o(i.IsIrqMode)
    IsIrqMode                                0x00000c77   Thumb Code    16  rtx_delay.o(i.IsIrqMode)
    i.IsIrqMode                              0x00000c86   Section        0  rtx_kernel.o(i.IsIrqMode)
    IsIrqMode                                0x00000c87   Thumb Code    16  rtx_kernel.o(i.IsIrqMode)
    i.LCDdraw                                0x00000c98   Section        0  main.o(i.LCDdraw)
    i.LCDinit                                0x00000d20   Section        0  main.o(i.LCDinit)
    i.LCDoops                                0x00000d40   Section        0  main.o(i.LCDoops)
    i.OS_Tick_AcknowledgeIRQ                 0x00000d64   Section        0  os_systick.o(i.OS_Tick_AcknowledgeIRQ)
    i.OS_Tick_GetClock                       0x00000d6c   Section        0  os_systick.o(i.OS_Tick_GetClock)
    i.POTinit                                0x00000d78   Section        0  main.o(i.POTinit)
    i.SystemInit                             0x00000db8   Section        0  system_lpc17xx.o(i.SystemInit)
    i.UART0_IRQHandler                       0x00000ef8   Section        0  uart.o(i.UART0_IRQHandler)
    i.UART1_IRQHandler                       0x00000f60   Section        0  uart.o(i.UART1_IRQHandler)
    i.UARTInit                               0x00000fd0   Section        0  uart.o(i.UARTInit)
    i.UARTSendChar                           0x0000108c   Section        0  uart.o(i.UARTSendChar)
    i.__0printf$bare                         0x000010b0   Section        0  printfb.o(i.__0printf$bare)
    i.__NVIC_EnableIRQ                       0x000010c0   Section        0  uart.o(i.__NVIC_EnableIRQ)
    __NVIC_EnableIRQ                         0x000010c1   Thumb Code    26  uart.o(i.__NVIC_EnableIRQ)
    i.__scatterload_copy                     0x000010da   Section       14  handlers.o(i.__scatterload_copy)
    i.__scatterload_null                     0x000010e8   Section        2  handlers.o(i.__scatterload_null)
    i.__scatterload_zeroinit                 0x000010ea   Section       14  handlers.o(i.__scatterload_zeroinit)
    i._printf_core                           0x000010f8   Section        0  printfb.o(i._printf_core)
    _printf_core                             0x000010f9   Thumb Code    34  printfb.o(i._printf_core)
    i.delay                                  0x0000111a   Section        0  glcd_spi_lpc1700.o(i.delay)
    delay                                    0x0000111b   Thumb Code    14  glcd_spi_lpc1700.o(i.delay)
    i.fputc                                  0x00001128   Section        0  retarget.o(i.fputc)
    i.game                                   0x00001138   Section        0  main.o(i.game)
    i.getFrequency                           0x000011fc   Section        0  uart.o(i.getFrequency)
    i.init                                   0x00001244   Section        0  main.o(i.init)
    i.isr_queue_get                          0x0000128c   Section        0  rtx_system.o(i.isr_queue_get)
    isr_queue_get                            0x0000128d   Thumb Code    46  rtx_system.o(i.isr_queue_get)
    i.main                                   0x000012c0   Section        0  main.o(i.main)
    i.moveHead                               0x000012dc   Section        0  main.o(i.moveHead)
    i.osDelay                                0x00001330   Section        0  rtx_delay.o(i.osDelay)
    i.osKernelGetSysTimerFreq                0x0000136c   Section        0  rtx_kernel.o(i.osKernelGetSysTimerFreq)
    i.osRtxErrorNotify                       0x00001398   Section        0  rtx_config.o(i.osRtxErrorNotify)
    i.osRtxKernelGetState                    0x000013b8   Section        0  rtx_thread.o(i.osRtxKernelGetState)
    osRtxKernelGetState                      0x000013b9   Thumb Code     6  rtx_thread.o(i.osRtxKernelGetState)
    i.osRtxPendSV_Handler                    0x000013c4   Section        0  rtx_system.o(i.osRtxPendSV_Handler)
    i.osRtxThreadBlock                       0x00001448   Section        0  rtx_thread.o(i.osRtxThreadBlock)
    osRtxThreadBlock                         0x00001449   Thumb Code    58  rtx_thread.o(i.osRtxThreadBlock)
    i.osRtxThreadDelayInsert                 0x00001488   Section        0  rtx_thread.o(i.osRtxThreadDelayInsert)
    osRtxThreadDelayInsert                   0x00001489   Thumb Code    98  rtx_thread.o(i.osRtxThreadDelayInsert)
    i.osRtxThreadDelayTick                   0x000014f0   Section        0  rtx_thread.o(i.osRtxThreadDelayTick)
    i.osRtxThreadDispatch                    0x000015cc   Section        0  rtx_thread.o(i.osRtxThreadDispatch)
    i.osRtxThreadGetRunning                  0x0000163c   Section        0  rtx_thread.o(i.osRtxThreadGetRunning)
    osRtxThreadGetRunning                    0x0000163d   Thumb Code     6  rtx_thread.o(i.osRtxThreadGetRunning)
    i.osRtxThreadListGet                     0x00001648   Section        0  rtx_thread.o(i.osRtxThreadListGet)
    i.osRtxThreadListPut                     0x00001664   Section        0  rtx_thread.o(i.osRtxThreadListPut)
    i.osRtxThreadListRemove                  0x00001696   Section        0  rtx_thread.o(i.osRtxThreadListRemove)
    i.osRtxThreadListRoot                    0x000016b0   Section        0  rtx_thread.o(i.osRtxThreadListRoot)
    osRtxThreadListRoot                      0x000016b1   Thumb Code    18  rtx_thread.o(i.osRtxThreadListRoot)
    i.osRtxThreadReadyPut                    0x000016c4   Section        0  rtx_thread.o(i.osRtxThreadReadyPut)
    i.osRtxThreadRegPtr                      0x000016dc   Section        0  rtx_thread.o(i.osRtxThreadRegPtr)
    i.osRtxThreadStackCheck                  0x000016ec   Section        0  rtx_thread.o(i.osRtxThreadStackCheck)
    i.osRtxThreadSwitch                      0x00001718   Section        0  rtx_thread.o(i.osRtxThreadSwitch)
    i.osRtxThreadWaitEnter                   0x00001734   Section        0  rtx_thread.o(i.osRtxThreadWaitEnter)
    i.osRtxTick_Handler                      0x00001788   Section        0  rtx_system.o(i.osRtxTick_Handler)
    i.rd_id_man                              0x00001828   Section        0  glcd_spi_lpc1700.o(i.rd_id_man)
    rd_id_man                                0x00001829   Thumb Code   132  glcd_spi_lpc1700.o(i.rd_id_man)
    i.rd_reg                                 0x000018b4   Section        0  glcd_spi_lpc1700.o(i.rd_reg)
    rd_reg                                   0x000018b5   Thumb Code    66  glcd_spi_lpc1700.o(i.rd_reg)
    i.sendchar                               0x000018fc   Section        0  retarget.o(i.sendchar)
    i.snakeTraverser                         0x00001940   Section        0  main.o(i.snakeTraverser)
    i.spi_tran                               0x000019bc   Section        0  glcd_spi_lpc1700.o(i.spi_tran)
    spi_tran                                 0x000019bd   Thumb Code    28  glcd_spi_lpc1700.o(i.spi_tran)
    i.spi_tran_man                           0x000019dc   Section        0  glcd_spi_lpc1700.o(i.spi_tran_man)
    spi_tran_man                             0x000019dd   Thumb Code   124  glcd_spi_lpc1700.o(i.spi_tran_man)
    i.svcRtxDelay                            0x00001a5c   Section        0  rtx_delay.o(i.svcRtxDelay)
    svcRtxDelay                              0x00001a5d   Thumb Code    24  rtx_delay.o(i.svcRtxDelay)
    i.svcRtxKernelGetSysTimerFreq            0x00001a74   Section        0  rtx_kernel.o(i.svcRtxKernelGetSysTimerFreq)
    svcRtxKernelGetSysTimerFreq              0x00001a75   Thumb Code    18  rtx_kernel.o(i.svcRtxKernelGetSysTimerFreq)
    i.tool                                   0x00001a86   Section        0  main.o(i.tool)
    i.wr_cmd                                 0x00001ac4   Section        0  glcd_spi_lpc1700.o(i.wr_cmd)
    wr_cmd                                   0x00001ac5   Thumb Code    36  glcd_spi_lpc1700.o(i.wr_cmd)
    i.wr_dat                                 0x00001aec   Section        0  glcd_spi_lpc1700.o(i.wr_dat)
    wr_dat                                   0x00001aed   Thumb Code    36  glcd_spi_lpc1700.o(i.wr_dat)
    i.wr_dat_only                            0x00001b14   Section        0  glcd_spi_lpc1700.o(i.wr_dat_only)
    wr_dat_only                              0x00001b15   Thumb Code    18  glcd_spi_lpc1700.o(i.wr_dat_only)
    i.wr_dat_start                           0x00001b28   Section        0  glcd_spi_lpc1700.o(i.wr_dat_start)
    wr_dat_start                             0x00001b29   Thumb Code    16  glcd_spi_lpc1700.o(i.wr_dat_start)
    i.wr_dat_stop                            0x00001b3c   Section        0  glcd_spi_lpc1700.o(i.wr_dat_stop)
    wr_dat_stop                              0x00001b3d   Thumb Code     8  glcd_spi_lpc1700.o(i.wr_dat_stop)
    i.wr_reg                                 0x00001b48   Section        0  glcd_spi_lpc1700.o(i.wr_reg)
    wr_reg                                   0x00001b49   Thumb Code    20  glcd_spi_lpc1700.o(i.wr_reg)
    .constdata                               0x00001b5c   Section     6272  glcd_spi_lpc1700.o(.constdata)
    .constdata                               0x000033dc   Section      100  rtx_lib.o(.constdata)
    os_idle_thread_attr                      0x000033dc   Data          36  rtx_lib.o(.constdata)
    os_timer_thread_attr                     0x00003400   Data          36  rtx_lib.o(.constdata)
    os_timer_mq_attr                         0x00003424   Data          24  rtx_lib.o(.constdata)
    .conststrlit                             0x00003440   Section       11  rtx_kernel.o(.conststrlit)
    .rodata                                  0x0000344c   Section      104  rtx_lib.o(.rodata)
    __tagsym$$used                           0x0000344c   Number         0  rtx_lib.o(.rodata)
    .bss.os                                  0x10000000   Section     4160  rtx_lib.o(.bss.os)
    os_mem                                   0x10000000   Data        4096  rtx_lib.o(.bss.os)
    os_isr_queue                             0x10001000   Data          64  rtx_lib.o(.bss.os)
    .bss.os.msgqueue.cb                      0x10001040   Section       52  rtx_lib.o(.bss.os.msgqueue.cb)
    os_timer_mq_cb                           0x10001040   Data          52  rtx_lib.o(.bss.os.msgqueue.cb)
    .bss.os.msgqueue.mem                     0x10001074   Section       80  rtx_lib.o(.bss.os.msgqueue.mem)
    os_timer_mq_data                         0x10001074   Data          80  rtx_lib.o(.bss.os.msgqueue.mem)
    .bss.os.thread.cb                        0x100010c4   Section      136  rtx_lib.o(.bss.os.thread.cb)
    os_idle_thread_cb                        0x100010c4   Data          68  rtx_lib.o(.bss.os.thread.cb)
    os_timer_thread_cb                       0x10001108   Data          68  rtx_lib.o(.bss.os.thread.cb)
    .bss.os.thread.stack                     0x10001150   Section      512  rtx_lib.o(.bss.os.thread.stack)
    os_idle_thread_stack                     0x10001150   Data         256  rtx_lib.o(.bss.os.thread.stack)
    os_timer_thread_stack                    0x10001250   Data         256  rtx_lib.o(.bss.os.thread.stack)
    .data                                    0x10001350   Section        5  glcd_spi_lpc1700.o(.data)
    Color                                    0x10001350   Data           4  glcd_spi_lpc1700.o(.data)
    Himax                                    0x10001354   Data           1  glcd_spi_lpc1700.o(.data)
    .data                                    0x10001358   Section       12  retarget.o(.data)
    .data                                    0x10001364   Section       32  uart.o(.data)
    .data                                    0x10001384   Section       33  main.o(.data)
    .data                                    0x100013a8   Section        4  system_lpc17xx.o(.data)
    .data.os                                 0x100013ac   Section      164  rtx_kernel.o(.data.os)
    .bss                                     0x10001450   Section      128  uart.o(.bss)
    .bss                                     0x100014d0   Section     3072  main.o(.bss)
    STACK                                    0x100020d0   Section     8192  startup_lpc17xx.o(STACK)

    Global Symbols

    Symbol Name                              Value     Ov Type        Size  Object(Section)

    BuildAttributes$$THM_ISAv4$P$D$K$B$S$PE$A:L22UL41UL21$X:L11$S22US41US21$IEEE1$IW$USESV6$~STKCKD$USESV7$~SHL$OSPACE$ROPI$EBA8$MICROLIB$REQ8$PRES8$EABIv2 0x00000000   Number         0  anon$$obj.o ABSOLUTE
    __ARM_use_no_argv                        0x00000000   Number         0  main.o ABSOLUTE
    __Vectors                                0x00000000   Data           4  startup_lpc17xx.o(RESET)
    .bss.os.evflags.cb$$Base                  - Undefined Weak Reference
    .bss.os.evflags.cb$$Limit                 - Undefined Weak Reference
    .bss.os.mempool.cb$$Base                  - Undefined Weak Reference
    .bss.os.mempool.cb$$Limit                 - Undefined Weak Reference
    .bss.os.mutex.cb$$Base                    - Undefined Weak Reference
    .bss.os.mutex.cb$$Limit                   - Undefined Weak Reference
    .bss.os.semaphore.cb$$Base                - Undefined Weak Reference
    .bss.os.semaphore.cb$$Limit               - Undefined Weak Reference
    .bss.os.timer.cb$$Base                    - Undefined Weak Reference
    .bss.os.timer.cb$$Limit                   - Undefined Weak Reference
    __cpp_initialize__aeabi_                  - Undefined Weak Reference
    __cxa_finalize                            - Undefined Weak Reference
    _clock_init                               - Undefined Weak Reference
    _microlib_exit                            - Undefined Weak Reference
    __main                                   0x000000cd   Thumb Code     0  entry.o(.ARM.Collect$$$$00000000)
    _main_stk                                0x000000cd   Thumb Code     0  entry2.o(.ARM.Collect$$$$00000001)
    _main_scatterload                        0x000000d1   Thumb Code     0  entry5.o(.ARM.Collect$$$$00000004)
    __main_after_scatterload                 0x000000d5   Thumb Code     0  entry5.o(.ARM.Collect$$$$00000004)
    _main_clock                              0x000000d5   Thumb Code     0  entry7b.o(.ARM.Collect$$$$00000008)
    _main_cpp_init                           0x000000d5   Thumb Code     0  entry8b.o(.ARM.Collect$$$$0000000A)
    _main_init                               0x000000d5   Thumb Code     0  entry9a.o(.ARM.Collect$$$$0000000B)
    __rt_final_cpp                           0x000000dd   Thumb Code     0  entry10a.o(.ARM.Collect$$$$0000000D)
    __rt_final_exit                          0x000000dd   Thumb Code     0  entry11a.o(.ARM.Collect$$$$0000000F)
    __asm___12_rtx_system_c_024f2f18__atomic_wr8 0x000000e1   Thumb Code    16  rtx_system.o(.emb_text)
    __asm___12_rtx_system_c_024f2f18__atomic_set32 0x000000f1   Thumb Code    20  rtx_system.o(.emb_text)
    __asm___12_rtx_system_c_024f2f18__atomic_clr32 0x00000105   Thumb Code    22  rtx_system.o(.emb_text)
    __asm___12_rtx_system_c_024f2f18__atomic_chk32_all 0x0000011b   Thumb Code    38  rtx_system.o(.emb_text)
    __asm___12_rtx_system_c_024f2f18__atomic_chk32_any 0x00000141   Thumb Code    34  rtx_system.o(.emb_text)
    __asm___12_rtx_system_c_024f2f18__atomic_inc32 0x00000163   Thumb Code    18  rtx_system.o(.emb_text)
    __asm___12_rtx_system_c_024f2f18__atomic_inc32_lt 0x00000175   Thumb Code    30  rtx_system.o(.emb_text)
    __asm___12_rtx_system_c_024f2f18__atomic_inc16_lt 0x00000193   Thumb Code    30  rtx_system.o(.emb_text)
    __asm___12_rtx_system_c_024f2f18__atomic_inc16_lim 0x000001b1   Thumb Code    26  rtx_system.o(.emb_text)
    __asm___12_rtx_system_c_024f2f18__atomic_dec32_nz 0x000001cb   Thumb Code    26  rtx_system.o(.emb_text)
    __asm___12_rtx_system_c_024f2f18__atomic_dec16_nz 0x000001e5   Thumb Code    26  rtx_system.o(.emb_text)
    __asm___12_rtx_system_c_024f2f18__atomic_link_get 0x000001ff   Thumb Code    26  rtx_system.o(.emb_text)
    __asm___12_rtx_system_c_024f2f18__atomic_link_put 0x00000219   Thumb Code    28  rtx_system.o(.emb_text)
    SVC_Handler                              0x00000235   Thumb Code   108  irq_cm3.o(.text)
    PendSV_Handler                           0x000002a1   Thumb Code    16  irq_cm3.o(.text)
    SysTick_Handler                          0x000002b1   Thumb Code    16  irq_cm3.o(.text)
    Reset_Handler                            0x000002c9   Thumb Code     8  startup_lpc17xx.o(.text)
    NMI_Handler                              0x000002d1   Thumb Code     2  startup_lpc17xx.o(.text)
    HardFault_Handler                        0x000002d3   Thumb Code     2  startup_lpc17xx.o(.text)
    MemManage_Handler                        0x000002d5   Thumb Code     2  startup_lpc17xx.o(.text)
    BusFault_Handler                         0x000002d7   Thumb Code     2  startup_lpc17xx.o(.text)
    UsageFault_Handler                       0x000002d9   Thumb Code     2  startup_lpc17xx.o(.text)
    DebugMon_Handler                         0x000002dd   Thumb Code     2  startup_lpc17xx.o(.text)
    ADC_IRQHandler                           0x000002e3   Thumb Code     0  startup_lpc17xx.o(.text)
    BOD_IRQHandler                           0x000002e3   Thumb Code     0  startup_lpc17xx.o(.text)
    CANActivity_IRQHandler                   0x000002e3   Thumb Code     0  startup_lpc17xx.o(.text)
    CAN_IRQHandler                           0x000002e3   Thumb Code     0  startup_lpc17xx.o(.text)
    DMA_IRQHandler                           0x000002e3   Thumb Code     0  startup_lpc17xx.o(.text)
    EINT0_IRQHandler                         0x000002e3   Thumb Code     0  startup_lpc17xx.o(.text)
    EINT1_IRQHandler                         0x000002e3   Thumb Code     0  startup_lpc17xx.o(.text)
    EINT2_IRQHandler                         0x000002e3   Thumb Code     0  startup_lpc17xx.o(.text)
    EINT3_IRQHandler                         0x000002e3   Thumb Code     0  startup_lpc17xx.o(.text)
    ENET_IRQHandler                          0x000002e3   Thumb Code     0  startup_lpc17xx.o(.text)
    I2C0_IRQHandler                          0x000002e3   Thumb Code     0  startup_lpc17xx.o(.text)
    I2C1_IRQHandler                          0x000002e3   Thumb Code     0  startup_lpc17xx.o(.text)
    I2C2_IRQHandler                          0x000002e3   Thumb Code     0  startup_lpc17xx.o(.text)
    I2S_IRQHandler                           0x000002e3   Thumb Code     0  startup_lpc17xx.o(.text)
    MCPWM_IRQHandler                         0x000002e3   Thumb Code     0  startup_lpc17xx.o(.text)
    PLL0_IRQHandler                          0x000002e3   Thumb Code     0  startup_lpc17xx.o(.text)
    PLL1_IRQHandler                          0x000002e3   Thumb Code     0  startup_lpc17xx.o(.text)
    PWM1_IRQHandler                          0x000002e3   Thumb Code     0  startup_lpc17xx.o(.text)
    QEI_IRQHandler                           0x000002e3   Thumb Code     0  startup_lpc17xx.o(.text)
    RIT_IRQHandler                           0x000002e3   Thumb Code     0  startup_lpc17xx.o(.text)
    RTC_IRQHandler                           0x000002e3   Thumb Code     0  startup_lpc17xx.o(.text)
    SPI_IRQHandler                           0x000002e3   Thumb Code     0  startup_lpc17xx.o(.text)
    SSP0_IRQHandler                          0x000002e3   Thumb Code     0  startup_lpc17xx.o(.text)
    SSP1_IRQHandler                          0x000002e3   Thumb Code     0  startup_lpc17xx.o(.text)
    TIMER0_IRQHandler                        0x000002e3   Thumb Code     0  startup_lpc17xx.o(.text)
    TIMER1_IRQHandler                        0x000002e3   Thumb Code     0  startup_lpc17xx.o(.text)
    TIMER2_IRQHandler                        0x000002e3   Thumb Code     0  startup_lpc17xx.o(.text)
    TIMER3_IRQHandler                        0x000002e3   Thumb Code     0  startup_lpc17xx.o(.text)
    UART2_IRQHandler                         0x000002e3   Thumb Code     0  startup_lpc17xx.o(.text)
    UART3_IRQHandler                         0x000002e3   Thumb Code     0  startup_lpc17xx.o(.text)
    USBActivity_IRQHandler                   0x000002e3   Thumb Code     0  startup_lpc17xx.o(.text)
    USB_IRQHandler                           0x000002e3   Thumb Code     0  startup_lpc17xx.o(.text)
    WDT_IRQHandler                           0x000002e3   Thumb Code     0  startup_lpc17xx.o(.text)
    EvrRtxEventFlagsWaitTimeout              0x000002ed   Thumb Code     2  rtx_evr.o(i.EvrRtxEventFlagsWaitTimeout)
    EvrRtxKernelGetSysTimerFreq              0x000002ef   Thumb Code     2  rtx_evr.o(i.EvrRtxKernelGetSysTimerFreq)
    EvrRtxMemoryPoolAllocTimeout             0x000002f1   Thumb Code     2  rtx_evr.o(i.EvrRtxMemoryPoolAllocTimeout)
    EvrRtxMessageQueueGetTimeout             0x000002f3   Thumb Code     2  rtx_evr.o(i.EvrRtxMessageQueueGetTimeout)
    EvrRtxMessageQueuePutTimeout             0x000002f5   Thumb Code     2  rtx_evr.o(i.EvrRtxMessageQueuePutTimeout)
    EvrRtxMutexAcquireTimeout                0x000002f7   Thumb Code     2  rtx_evr.o(i.EvrRtxMutexAcquireTimeout)
    EvrRtxSemaphoreAcquireTimeout            0x000002f9   Thumb Code     2  rtx_evr.o(i.EvrRtxSemaphoreAcquireTimeout)
    EvrRtxThreadBlocked                      0x000002fb   Thumb Code     2  rtx_evr.o(i.EvrRtxThreadBlocked)
    __scatterload                            0x00000301   Thumb Code    28  init.o(.text)
    __scatterload_rt2                        0x00000301   Thumb Code     0  init.o(.text)
    __decompress                             0x00000325   Thumb Code     0  __dczerorl.o(.text)
    __decompress0                            0x00000325   Thumb Code    58  __dczerorl.o(.text)
    EvrRtxThreadDelay                        0x0000035f   Thumb Code     2  rtx_evr.o(i.EvrRtxThreadDelay)
    EvrRtxThreadDelayCompleted               0x00000361   Thumb Code     2  rtx_evr.o(i.EvrRtxThreadDelayCompleted)
    EvrRtxThreadError                        0x00000363   Thumb Code     2  rtx_evr.o(i.EvrRtxThreadError)
    EvrRtxThreadFlagsWaitTimeout             0x00000365   Thumb Code     2  rtx_evr.o(i.EvrRtxThreadFlagsWaitTimeout)
    EvrRtxThreadPreempted                    0x00000367   Thumb Code     2  rtx_evr.o(i.EvrRtxThreadPreempted)
    EvrRtxThreadSwitched                     0x00000369   Thumb Code     2  rtx_evr.o(i.EvrRtxThreadSwitched)
    EvrRtxThreadUnblocked                    0x0000036b   Thumb Code     2  rtx_evr.o(i.EvrRtxThreadUnblocked)
    Free                                     0x0000036d   Thumb Code     6  uart.o(i.Free)
    FreeRcv                                  0x00000375   Thumb Code    28  uart.o(i.FreeRcv)
    FreeSnd                                  0x00000399   Thumb Code    28  uart.o(i.FreeSnd)
    GLCD_Clear                               0x000003bd   Thumb Code    42  glcd_spi_lpc1700.o(i.GLCD_Clear)
    GLCD_DisplayChar                         0x000003e9   Thumb Code    84  glcd_spi_lpc1700.o(i.GLCD_DisplayChar)
    GLCD_DisplayString                       0x00000445   Thumb Code    40  glcd_spi_lpc1700.o(i.GLCD_DisplayString)
    GLCD_DrawChar                            0x0000046d   Thumb Code   150  glcd_spi_lpc1700.o(i.GLCD_DrawChar)
    GLCD_Init                                0x00000509   Thumb Code  1506  glcd_spi_lpc1700.o(i.GLCD_Init)
    GLCD_PutPixel                            0x00000af1   Thumb Code   118  glcd_spi_lpc1700.o(i.GLCD_PutPixel)
    GLCD_SetBackColor                        0x00000b71   Thumb Code     6  glcd_spi_lpc1700.o(i.GLCD_SetBackColor)
    GLCD_SetTextColor                        0x00000b7d   Thumb Code     6  glcd_spi_lpc1700.o(i.GLCD_SetTextColor)
    GLCD_SetWindow                           0x00000b89   Thumb Code   168  glcd_spi_lpc1700.o(i.GLCD_SetWindow)
    GLCD_WindowMax                           0x00000c35   Thumb Code    18  glcd_spi_lpc1700.o(i.GLCD_WindowMax)
    LCDdraw                                  0x00000c99   Thumb Code   130  main.o(i.LCDdraw)
    LCDinit                                  0x00000d21   Thumb Code    32  main.o(i.LCDinit)
    LCDoops                                  0x00000d41   Thumb Code    26  main.o(i.LCDoops)
    OS_Tick_AcknowledgeIRQ                   0x00000d65   Thumb Code     8  os_systick.o(i.OS_Tick_AcknowledgeIRQ)
    OS_Tick_GetClock                         0x00000d6d   Thumb Code     6  os_systick.o(i.OS_Tick_GetClock)
    POTinit                                  0x00000d79   Thumb Code    48  main.o(i.POTinit)
    SystemInit                               0x00000db9   Thumb Code   302  system_lpc17xx.o(i.SystemInit)
    UART0_IRQHandler                         0x00000ef9   Thumb Code    88  uart.o(i.UART0_IRQHandler)
    UART1_IRQHandler                         0x00000f61   Thumb Code    90  uart.o(i.UART1_IRQHandler)
    UARTInit                                 0x00000fd1   Thumb Code   176  uart.o(i.UARTInit)
    UARTSendChar                             0x0000108d   Thumb Code    26  uart.o(i.UARTSendChar)
    __0printf$bare                           0x000010b1   Thumb Code     8  printfb.o(i.__0printf$bare)
    __1printf$bare                           0x000010b1   Thumb Code     0  printfb.o(i.__0printf$bare)
    __2printf                                0x000010b1   Thumb Code     0  printfb.o(i.__0printf$bare)
    __scatterload_copy                       0x000010db   Thumb Code    14  handlers.o(i.__scatterload_copy)
    __scatterload_null                       0x000010e9   Thumb Code     2  handlers.o(i.__scatterload_null)
    __scatterload_zeroinit                   0x000010eb   Thumb Code    14  handlers.o(i.__scatterload_zeroinit)
    fputc                                    0x00001129   Thumb Code    14  retarget.o(i.fputc)
    game                                     0x00001139   Thumb Code   170  main.o(i.game)
    getFrequency                             0x000011fd   Thumb Code    62  uart.o(i.getFrequency)
    init                                     0x00001245   Thumb Code    46  main.o(i.init)
    main                                     0x000012c1   Thumb Code    18  main.o(i.main)
    moveHead                                 0x000012dd   Thumb Code    72  main.o(i.moveHead)
    osDelay                                  0x00001331   Thumb Code    56  rtx_delay.o(i.osDelay)
    osKernelGetSysTimerFreq                  0x0000136d   Thumb Code    38  rtx_kernel.o(i.osKernelGetSysTimerFreq)
    osRtxErrorNotify                         0x00001399   Thumb Code    32  rtx_config.o(i.osRtxErrorNotify)
    osRtxPendSV_Handler                      0x000013c5   Thumb Code   126  rtx_system.o(i.osRtxPendSV_Handler)
    osRtxThreadDelayTick                     0x000014f1   Thumb Code   216  rtx_thread.o(i.osRtxThreadDelayTick)
    osRtxThreadDispatch                      0x000015cd   Thumb Code   106  rtx_thread.o(i.osRtxThreadDispatch)
    osRtxThreadListGet                       0x00001649   Thumb Code    28  rtx_thread.o(i.osRtxThreadListGet)
    osRtxThreadListPut                       0x00001665   Thumb Code    50  rtx_thread.o(i.osRtxThreadListPut)
    osRtxThreadListRemove                    0x00001697   Thumb Code    26  rtx_thread.o(i.osRtxThreadListRemove)
    osRtxThreadReadyPut                      0x000016c5   Thumb Code    18  rtx_thread.o(i.osRtxThreadReadyPut)
    osRtxThreadRegPtr                        0x000016dd   Thumb Code    14  rtx_thread.o(i.osRtxThreadRegPtr)
    osRtxThreadStackCheck                    0x000016ed   Thumb Code    38  rtx_thread.o(i.osRtxThreadStackCheck)
    osRtxThreadSwitch                        0x00001719   Thumb Code    24  rtx_thread.o(i.osRtxThreadSwitch)
    osRtxThreadWaitEnter                     0x00001735   Thumb Code    78  rtx_thread.o(i.osRtxThreadWaitEnter)
    osRtxTick_Handler                        0x00001789   Thumb Code   154  rtx_system.o(i.osRtxTick_Handler)
    sendchar                                 0x000018fd   Thumb Code    64  retarget.o(i.sendchar)
    snakeTraverser                           0x00001941   Thumb Code   112  main.o(i.snakeTraverser)
    tool                                     0x00001a87   Thumb Code    62  main.o(i.tool)
    Font_6x8_h                               0x00001b5c   Data         896  glcd_spi_lpc1700.o(.constdata)
    Font_16x24_h                             0x00001edc   Data        5376  glcd_spi_lpc1700.o(.constdata)
    osRtxUserSVC                             0x0000343c   Data           4  rtx_lib.o(.constdata)
    osRtxConfig                              0x0000344c   Data         104  rtx_lib.o(.rodata)
    Region$$Table$$Base                      0x000034b4   Number         0  anon$$obj.o(Region$$Table)
    Region$$Table$$Limit                     0x000034d4   Number         0  anon$$obj.o(Region$$Table)
    .bss.os.msgqueue.cb$$Base                0x10001040   Number         0  rtx_lib.o(.bss.os.msgqueue.cb)
    .bss.os.msgqueue.cb$$Limit               0x10001074   Number         0  rtx_lib.o(.bss.os.msgqueue.cb)
    .bss.os.thread.cb$$Base                  0x100010c4   Number         0  rtx_lib.o(.bss.os.thread.cb)
    .bss.os.thread.cb$$Limit                 0x1000114c   Number         0  rtx_lib.o(.bss.os.thread.cb)
    uart_init_called                         0x10001358   Data           1  retarget.o(.data)
    __stdout                                 0x1000135c   Data           4  retarget.o(.data)
    __stdin                                  0x10001360   Data           4  retarget.o(.data)
    ITM_RxBuffer                             0x10001364   Data           4  uart.o(.data)
    UART0Status                              0x10001368   Data           4  uart.o(.data)
    UART1Status                              0x1000136c   Data           4  uart.o(.data)
    UART0TxEmpty                             0x10001370   Data           1  uart.o(.data)
    UART1TxEmpty                             0x10001371   Data           1  uart.o(.data)
    UART0Count                               0x10001374   Data           4  uart.o(.data)
    UART1Count                               0x10001378   Data           4  uart.o(.data)
    RcvLock0                                 0x1000137c   Data           1  uart.o(.data)
    SndLock0                                 0x1000137d   Data           1  uart.o(.data)
    RcvLock1                                 0x1000137e   Data           1  uart.o(.data)
    SndLock1                                 0x1000137f   Data           1  uart.o(.data)
    i                                        0x10001380   Data           4  uart.o(.data)
    speed                                    0x10001384   Data           4  main.o(.data)
    direction                                0x10001388   Data           4  main.o(.data)
    size                                     0x1000138c   Data           4  main.o(.data)
    nSize                                    0x10001390   Data           4  main.o(.data)
    h_r                                      0x10001394   Data           4  main.o(.data)
    h_c                                      0x10001398   Data           4  main.o(.data)
    t_r                                      0x1000139c   Data           4  main.o(.data)
    t_c                                      0x100013a0   Data           4  main.o(.data)
    loose                                    0x100013a4   Data           1  main.o(.data)
    SystemCoreClock                          0x100013a8   Data           4  system_lpc17xx.o(.data)
    osRtxInfo                                0x100013ac   Data         164  rtx_kernel.o(.data.os)
    UART0Buffer                              0x10001450   Data          64  uart.o(.bss)
    UART1Buffer                              0x10001490   Data          64  uart.o(.bss)
    position                                 0x100014d0   Data        3072  main.o(.bss)
    __initial_sp                             0x100040d0   Data           0  startup_lpc17xx.o(STACK)



==============================================================================

Memory Map of the image

  Image Entry point : 0x000002c9

  Load Region LR_1 (Base: 0x00000000, Size: 0x00004924, Max: 0xffffffff, ABSOLUTE, COMPRESSED[0x00003528])

    Execution Region ER_RO (Exec base: 0x00000000, Load base: 0x00000000, Size: 0x000034d4, Max: 0xffffffff, ABSOLUTE)

    Exec Addr    Load Addr    Size         Type   Attr      Idx    E Section Name        Object

    0x00000000   0x00000000   0x000000cc   Data   RO         3386    RESET               startup_lpc17xx.o
    0x000000cc   0x000000cc   0x00000000   Code   RO         3430  * .ARM.Collect$$$$00000000  mc_w.l(entry.o)
    0x000000cc   0x000000cc   0x00000004   Code   RO         3701    .ARM.Collect$$$$00000001  mc_w.l(entry2.o)
    0x000000d0   0x000000d0   0x00000004   Code   RO         3704    .ARM.Collect$$$$00000004  mc_w.l(entry5.o)
    0x000000d4   0x000000d4   0x00000000   Code   RO         3706    .ARM.Collect$$$$00000008  mc_w.l(entry7b.o)
    0x000000d4   0x000000d4   0x00000000   Code   RO         3708    .ARM.Collect$$$$0000000A  mc_w.l(entry8b.o)
    0x000000d4   0x000000d4   0x00000008   Code   RO         3709    .ARM.Collect$$$$0000000B  mc_w.l(entry9a.o)
    0x000000dc   0x000000dc   0x00000000   Code   RO         3711    .ARM.Collect$$$$0000000D  mc_w.l(entry10a.o)
    0x000000dc   0x000000dc   0x00000000   Code   RO         3713    .ARM.Collect$$$$0000000F  mc_w.l(entry11a.o)
    0x000000dc   0x000000dc   0x00000004   Code   RO         3702    .ARM.Collect$$$$00002712  mc_w.l(entry2.o)
    0x000000e0   0x000000e0   0x00000154   Code   RO         2683    .emb_text           rtx_system.o
    0x00000234   0x00000234   0x00000094   Code   RO          544    .text               irq_cm3.o
    0x000002c8   0x000002c8   0x00000024   Code   RO         3388  * .text               startup_lpc17xx.o
    0x000002ec   0x000002ec   0x00000002   Code   RO          803    i.EvrRtxEventFlagsWaitTimeout  rtx_evr.o
    0x000002ee   0x000002ee   0x00000002   Code   RO          808    i.EvrRtxKernelGetSysTimerFreq  rtx_evr.o
    0x000002f0   0x000002f0   0x00000002   Code   RO          835    i.EvrRtxMemoryPoolAllocTimeout  rtx_evr.o
    0x000002f2   0x000002f2   0x00000002   Code   RO          861    i.EvrRtxMessageQueueGetTimeout  rtx_evr.o
    0x000002f4   0x000002f4   0x00000002   Code   RO          869    i.EvrRtxMessageQueuePutTimeout  rtx_evr.o
    0x000002f6   0x000002f6   0x00000002   Code   RO          875    i.EvrRtxMutexAcquireTimeout  rtx_evr.o
    0x000002f8   0x000002f8   0x00000002   Code   RO          889    i.EvrRtxSemaphoreAcquireTimeout  rtx_evr.o
    0x000002fa   0x000002fa   0x00000002   Code   RO          901    i.EvrRtxThreadBlocked  rtx_evr.o
    0x000002fc   0x000002fc   0x00000004   Code   RO         3387    .ARM.__at_0x02FC    startup_lpc17xx.o
    0x00000300   0x00000300   0x00000024   Code   RO         3732    .text               mc_w.l(init.o)
    0x00000324   0x00000324   0x0000003a   Code   RO         3746    .text               mc_w.l(__dczerorl.o)
    0x0000035e   0x0000035e   0x00000002   Code   RO          903    i.EvrRtxThreadDelay  rtx_evr.o
    0x00000360   0x00000360   0x00000002   Code   RO          904    i.EvrRtxThreadDelayCompleted  rtx_evr.o
    0x00000362   0x00000362   0x00000002   Code   RO          910    i.EvrRtxThreadError  rtx_evr.o
    0x00000364   0x00000364   0x00000002   Code   RO          921    i.EvrRtxThreadFlagsWaitTimeout  rtx_evr.o
    0x00000366   0x00000366   0x00000002   Code   RO          933    i.EvrRtxThreadPreempted  rtx_evr.o
    0x00000368   0x00000368   0x00000002   Code   RO          939    i.EvrRtxThreadSwitched  rtx_evr.o
    0x0000036a   0x0000036a   0x00000002   Code   RO          941    i.EvrRtxThreadUnblocked  rtx_evr.o
    0x0000036c   0x0000036c   0x00000006   Code   RO          313    i.Free              uart.o
    0x00000372   0x00000372   0x00000002   PAD
    0x00000374   0x00000374   0x00000024   Code   RO          314    i.FreeRcv           uart.o
    0x00000398   0x00000398   0x00000024   Code   RO          315    i.FreeSnd           uart.o
    0x000003bc   0x000003bc   0x0000002a   Code   RO            6    i.GLCD_Clear        glcd_spi_lpc1700.o
    0x000003e6   0x000003e6   0x00000002   PAD
    0x000003e8   0x000003e8   0x0000005c   Code   RO            8    i.GLCD_DisplayChar  glcd_spi_lpc1700.o
    0x00000444   0x00000444   0x00000028   Code   RO            9    i.GLCD_DisplayString  glcd_spi_lpc1700.o
    0x0000046c   0x0000046c   0x0000009c   Code   RO           10    i.GLCD_DrawChar     glcd_spi_lpc1700.o
    0x00000508   0x00000508   0x000005e8   Code   RO           11    i.GLCD_Init         glcd_spi_lpc1700.o
    0x00000af0   0x00000af0   0x00000080   Code   RO           12    i.GLCD_PutPixel     glcd_spi_lpc1700.o
    0x00000b70   0x00000b70   0x0000000c   Code   RO           14    i.GLCD_SetBackColor  glcd_spi_lpc1700.o
    0x00000b7c   0x00000b7c   0x0000000c   Code   RO           15    i.GLCD_SetTextColor  glcd_spi_lpc1700.o
    0x00000b88   0x00000b88   0x000000ac   Code   RO           16    i.GLCD_SetWindow    glcd_spi_lpc1700.o
    0x00000c34   0x00000c34   0x00000012   Code   RO           17    i.GLCD_WindowMax    glcd_spi_lpc1700.o
    0x00000c46   0x00000c46   0x00000018   Code   RO          552    i.IsIrqMasked       rtx_delay.o
    0x00000c5e   0x00000c5e   0x00000018   Code   RO         1809    i.IsIrqMasked       rtx_kernel.o
    0x00000c76   0x00000c76   0x00000010   Code   RO          553    i.IsIrqMode         rtx_delay.o
    0x00000c86   0x00000c86   0x00000010   Code   RO         1810    i.IsIrqMode         rtx_kernel.o
    0x00000c96   0x00000c96   0x00000002   PAD
    0x00000c98   0x00000c98   0x00000088   Code   RO          428    i.LCDdraw           main.o
    0x00000d20   0x00000d20   0x00000020   Code   RO          429    i.LCDinit           main.o
    0x00000d40   0x00000d40   0x00000024   Code   RO          430    i.LCDoops           main.o
    0x00000d64   0x00000d64   0x00000008   Code   RO         3283    i.OS_Tick_AcknowledgeIRQ  os_systick.o
    0x00000d6c   0x00000d6c   0x0000000c   Code   RO         3286    i.OS_Tick_GetClock  os_systick.o
    0x00000d78   0x00000d78   0x00000040   Code   RO          431    i.POTinit           main.o
    0x00000db8   0x00000db8   0x00000140   Code   RO         3398    i.SystemInit        system_lpc17xx.o
    0x00000ef8   0x00000ef8   0x00000068   Code   RO          319    i.UART0_IRQHandler  uart.o
    0x00000f60   0x00000f60   0x00000070   Code   RO          320    i.UART1_IRQHandler  uart.o
    0x00000fd0   0x00000fd0   0x000000bc   Code   RO          321    i.UARTInit          uart.o
    0x0000108c   0x0000108c   0x00000024   Code   RO          325    i.UARTSendChar      uart.o
    0x000010b0   0x000010b0   0x00000010   Code   RO         3442    i.__0printf$bare    mc_w.l(printfb.o)
    0x000010c0   0x000010c0   0x0000001a   Code   RO          326    i.__NVIC_EnableIRQ  uart.o
    0x000010da   0x000010da   0x0000000e   Code   RO         3740    i.__scatterload_copy  mc_w.l(handlers.o)
    0x000010e8   0x000010e8   0x00000002   Code   RO         3741    i.__scatterload_null  mc_w.l(handlers.o)
    0x000010ea   0x000010ea   0x0000000e   Code   RO         3742    i.__scatterload_zeroinit  mc_w.l(handlers.o)
    0x000010f8   0x000010f8   0x00000022   Code   RO         3449    i._printf_core      mc_w.l(printfb.o)
    0x0000111a   0x0000111a   0x0000000e   Code   RO           20    i.delay             glcd_spi_lpc1700.o
    0x00001128   0x00001128   0x0000000e   Code   RO          250    i.fputc             retarget.o
    0x00001136   0x00001136   0x00000002   PAD
    0x00001138   0x00001138   0x000000c4   Code   RO          434    i.game              main.o
    0x000011fc   0x000011fc   0x00000048   Code   RO          327    i.getFrequency      uart.o
    0x00001244   0x00001244   0x00000048   Code   RO          435    i.init              main.o
    0x0000128c   0x0000128c   0x00000034   Code   RO         2684    i.isr_queue_get     rtx_system.o
    0x000012c0   0x000012c0   0x0000001c   Code   RO          436    i.main              main.o
    0x000012dc   0x000012dc   0x00000054   Code   RO          437    i.moveHead          main.o
    0x00001330   0x00001330   0x0000003c   Code   RO          554    i.osDelay           rtx_delay.o
    0x0000136c   0x0000136c   0x0000002c   Code   RO         1817    i.osKernelGetSysTimerFreq  rtx_kernel.o
    0x00001398   0x00001398   0x00000020   Code   RO         3357    i.osRtxErrorNotify  rtx_config.o
    0x000013b8   0x000013b8   0x0000000c   Code   RO         2746    i.osRtxKernelGetState  rtx_thread.o
    0x000013c4   0x000013c4   0x00000084   Code   RO         2686    i.osRtxPendSV_Handler  rtx_system.o
    0x00001448   0x00001448   0x00000040   Code   RO         2747    i.osRtxThreadBlock  rtx_thread.o
    0x00001488   0x00001488   0x00000068   Code   RO         2748    i.osRtxThreadDelayInsert  rtx_thread.o
    0x000014f0   0x000014f0   0x000000dc   Code   RO         2750    i.osRtxThreadDelayTick  rtx_thread.o
    0x000015cc   0x000015cc   0x00000070   Code   RO         2751    i.osRtxThreadDispatch  rtx_thread.o
    0x0000163c   0x0000163c   0x0000000c   Code   RO         2753    i.osRtxThreadGetRunning  rtx_thread.o
    0x00001648   0x00001648   0x0000001c   Code   RO         2754    i.osRtxThreadListGet  rtx_thread.o
    0x00001664   0x00001664   0x00000032   Code   RO         2755    i.osRtxThreadListPut  rtx_thread.o
    0x00001696   0x00001696   0x0000001a   Code   RO         2756    i.osRtxThreadListRemove  rtx_thread.o
    0x000016b0   0x000016b0   0x00000012   Code   RO         2757    i.osRtxThreadListRoot  rtx_thread.o
    0x000016c2   0x000016c2   0x00000002   PAD
    0x000016c4   0x000016c4   0x00000018   Code   RO         2761    i.osRtxThreadReadyPut  rtx_thread.o
    0x000016dc   0x000016dc   0x0000000e   Code   RO         2762    i.osRtxThreadRegPtr  rtx_thread.o
    0x000016ea   0x000016ea   0x00000002   PAD
    0x000016ec   0x000016ec   0x0000002c   Code   RO         2764    i.osRtxThreadStackCheck  rtx_thread.o
    0x00001718   0x00001718   0x0000001c   Code   RO         2766    i.osRtxThreadSwitch  rtx_thread.o
    0x00001734   0x00001734   0x00000054   Code   RO         2767    i.osRtxThreadWaitEnter  rtx_thread.o
    0x00001788   0x00001788   0x000000a0   Code   RO         2688    i.osRtxTick_Handler  rtx_system.o
    0x00001828   0x00001828   0x0000008c   Code   RO           21    i.rd_id_man         glcd_spi_lpc1700.o
    0x000018b4   0x000018b4   0x00000048   Code   RO           22    i.rd_reg            glcd_spi_lpc1700.o
    0x000018fc   0x000018fc   0x00000044   Code   RO          252    i.sendchar          retarget.o
    0x00001940   0x00001940   0x0000007c   Code   RO          438    i.snakeTraverser    main.o
    0x000019bc   0x000019bc   0x00000020   Code   RO           23    i.spi_tran          glcd_spi_lpc1700.o
    0x000019dc   0x000019dc   0x00000080   Code   RO           24    i.spi_tran_man      glcd_spi_lpc1700.o
    0x00001a5c   0x00001a5c   0x00000018   Code   RO          556    i.svcRtxDelay       rtx_delay.o
    0x00001a74   0x00001a74   0x00000012   Code   RO         1830    i.svcRtxKernelGetSysTimerFreq  rtx_kernel.o
    0x00001a86   0x00001a86   0x0000003e   Code   RO          439    i.tool              main.o
    0x00001ac4   0x00001ac4   0x00000028   Code   RO           25    i.wr_cmd            glcd_spi_lpc1700.o
    0x00001aec   0x00001aec   0x00000028   Code   RO           26    i.wr_dat            glcd_spi_lpc1700.o
    0x00001b14   0x00001b14   0x00000012   Code   RO           27    i.wr_dat_only       glcd_spi_lpc1700.o
    0x00001b26   0x00001b26   0x00000002   PAD
    0x00001b28   0x00001b28   0x00000014   Code   RO           28    i.wr_dat_start      glcd_spi_lpc1700.o
    0x00001b3c   0x00001b3c   0x0000000c   Code   RO           29    i.wr_dat_stop       glcd_spi_lpc1700.o
    0x00001b48   0x00001b48   0x00000014   Code   RO           30    i.wr_reg            glcd_spi_lpc1700.o
    0x00001b5c   0x00001b5c   0x00001880   Data   RO           31    .constdata          glcd_spi_lpc1700.o
    0x000033dc   0x000033dc   0x00000064   Data   RO         2026    .constdata          rtx_lib.o
    0x00003440   0x00003440   0x0000000b   Data   RO         1840    .conststrlit        rtx_kernel.o
    0x0000344b   0x0000344b   0x00000001   PAD
    0x0000344c   0x0000344c   0x00000068   Data   RO         2028    .rodata             rtx_lib.o
    0x000034b4   0x000034b4   0x00000020   Data   RO         3738    Region$$Table       anon$$obj.o


    Execution Region ER_RW (Exec base: 0x10000000, Load base: 0x000034d4, Size: 0x00001450, Max: 0xffffffff, ABSOLUTE, COMPRESSED[0x00000054])

    Exec Addr    Load Addr    Size         Type   Attr      Idx    E Section Name        Object

    0x10000000   COMPRESSED   0x00001040   Data   RW         2021    .bss.os             rtx_lib.o
    0x10001040   COMPRESSED   0x00000034   Data   RW         2022    .bss.os.msgqueue.cb  rtx_lib.o
    0x10001074   COMPRESSED   0x00000050   Data   RW         2023    .bss.os.msgqueue.mem  rtx_lib.o
    0x100010c4   COMPRESSED   0x00000088   Data   RW         2024    .bss.os.thread.cb   rtx_lib.o
    0x1000114c   COMPRESSED   0x00000004   PAD
    0x10001150   COMPRESSED   0x00000200   Data   RW         2025    .bss.os.thread.stack  rtx_lib.o
    0x10001350   COMPRESSED   0x00000005   Data   RW           32    .data               glcd_spi_lpc1700.o
    0x10001355   COMPRESSED   0x00000003   PAD
    0x10001358   COMPRESSED   0x0000000c   Data   RW          253    .data               retarget.o
    0x10001364   COMPRESSED   0x00000020   Data   RW          329    .data               uart.o
    0x10001384   COMPRESSED   0x00000021   Data   RW          441    .data               main.o
    0x100013a5   COMPRESSED   0x00000003   PAD
    0x100013a8   COMPRESSED   0x00000004   Data   RW         3399    .data               system_lpc17xx.o
    0x100013ac   COMPRESSED   0x000000a4   Data   RW         1841    .data.os            rtx_kernel.o


    Execution Region ER_ZI (Exec base: 0x10001450, Load base: 0x00003528, Size: 0x00002c80, Max: 0xffffffff, ABSOLUTE)

    Exec Addr    Load Addr    Size         Type   Attr      Idx    E Section Name        Object

    0x10001450        -       0x00000080   Zero   RW          328    .bss                uart.o
    0x100014d0        -       0x00000c00   Zero   RW          440    .bss                main.o
    0x100020d0        -       0x00002000   Zero   RW         3384    STACK               startup_lpc17xx.o


==============================================================================

Image component sizes


      Code (inc. data)   RO Data    RW Data    ZI Data      Debug   Object Name

      2720        104       6272          5          0      34493   glcd_spi_lpc1700.o
       148         10          0          0          0        556   irq_cm3.o
       834        118          0         33       3072       9072   main.o
        20          6          0          0          0        992   os_systick.o
        82          4          0         12          0       2750   retarget.o
        32          6          0          0          0        499   rtx_config.o
       124          4          0          0          0      15885   rtx_delay.o
        30          0          0          0          0       7982   rtx_evr.o
       102          6         11        164          0      16647   rtx_kernel.o
         0          0        204       4940          0       8503   rtx_lib.o
       684         26          0          0          0       6282   rtx_system.o
       840         56          0          0          0      15712   rtx_thread.o
        40         12        204          0       8192        932   startup_lpc17xx.o
       320         18          0          4          0        747   system_lpc17xx.o
       616         86          0         32        128      32063   uart.o

    ----------------------------------------------------------------------
      6606        456       6724       5200      11392     153115   Object Totals
         0          0         32          0          0          0   (incl. Generated)
        14          0          1         10          0          0   (incl. Padding)

    ----------------------------------------------------------------------

      Code (inc. data)   RO Data    RW Data    ZI Data      Debug   Library Member Name

        58          0          0          0          0          0   __dczerorl.o
         0          0          0          0          0          0   entry.o
         0          0          0          0          0          0   entry10a.o
         0          0          0          0          0          0   entry11a.o
         8          4          0          0          0          0   entry2.o
         4          0          0          0          0          0   entry5.o
         0          0          0          0          0          0   entry7b.o
         0          0          0          0          0          0   entry8b.o
         8          4          0          0          0          0   entry9a.o
        30          0          0          0          0          0   handlers.o
        36          8          0          0          0         68   init.o
        50          8          0          0          0        152   printfb.o

    ----------------------------------------------------------------------
       194         24          0          0          0        220   Library Totals
         0          0          0          0          0          0   (incl. Padding)

    ----------------------------------------------------------------------

      Code (inc. data)   RO Data    RW Data    ZI Data      Debug   Library Name

       194         24          0          0          0        220   mc_w.l

    ----------------------------------------------------------------------
       194         24          0          0          0        220   Library Totals

    ----------------------------------------------------------------------

==============================================================================


      Code (inc. data)   RO Data    RW Data    ZI Data      Debug   

      6800        480       6724       5200      11392     148991   Grand Totals
      6800        480       6724         84      11392     148991   ELF Image Totals (compressed)
      6800        480       6724         84          0          0   ROM Totals

==============================================================================

    Total RO  Size (Code + RO Data)                13524 (  13.21kB)
    Total RW  Size (RW Data + ZI Data)             16592 (  16.20kB)
    Total ROM Size (Code + RO Data + RW Data)      13608 (  13.29kB)

==============================================================================

