Component: ARM Compiler 5.06 update 5 (build 528) Tool: armlink [4d35e2]

==============================================================================

Section Cross References

    glcd_spi_lpc1700.o(i.GLCD_Bargraph) refers to glcd_spi_lpc1700.o(i.GLCD_SetWindow) for GLCD_SetWindow
    glcd_spi_lpc1700.o(i.GLCD_Bargraph) refers to glcd_spi_lpc1700.o(i.wr_cmd) for wr_cmd
    glcd_spi_lpc1700.o(i.GLCD_Bargraph) refers to glcd_spi_lpc1700.o(i.wr_dat_start) for wr_dat_start
    glcd_spi_lpc1700.o(i.GLCD_Bargraph) refers to glcd_spi_lpc1700.o(i.wr_dat_only) for wr_dat_only
    glcd_spi_lpc1700.o(i.GLCD_Bargraph) refers to glcd_spi_lpc1700.o(i.wr_dat_stop) for wr_dat_stop
    glcd_spi_lpc1700.o(i.GLCD_Bargraph) refers to glcd_spi_lpc1700.o(.data) for Color
    glcd_spi_lpc1700.o(i.GLCD_Bitmap) refers to glcd_spi_lpc1700.o(i.GLCD_SetWindow) for GLCD_SetWindow
    glcd_spi_lpc1700.o(i.GLCD_Bitmap) refers to glcd_spi_lpc1700.o(i.wr_cmd) for wr_cmd
    glcd_spi_lpc1700.o(i.GLCD_Bitmap) refers to glcd_spi_lpc1700.o(i.wr_dat_start) for wr_dat_start
    glcd_spi_lpc1700.o(i.GLCD_Bitmap) refers to glcd_spi_lpc1700.o(i.wr_dat_only) for wr_dat_only
    glcd_spi_lpc1700.o(i.GLCD_Bitmap) refers to glcd_spi_lpc1700.o(i.wr_dat_stop) for wr_dat_stop
    glcd_spi_lpc1700.o(i.GLCD_Clear) refers to glcd_spi_lpc1700.o(i.GLCD_WindowMax) for GLCD_WindowMax
    glcd_spi_lpc1700.o(i.GLCD_Clear) refers to glcd_spi_lpc1700.o(i.wr_cmd) for wr_cmd
    glcd_spi_lpc1700.o(i.GLCD_Clear) refers to glcd_spi_lpc1700.o(i.wr_dat_start) for wr_dat_start
    glcd_spi_lpc1700.o(i.GLCD_Clear) refers to glcd_spi_lpc1700.o(i.wr_dat_only) for wr_dat_only
    glcd_spi_lpc1700.o(i.GLCD_Clear) refers to glcd_spi_lpc1700.o(i.wr_dat_stop) for wr_dat_stop
    glcd_spi_lpc1700.o(i.GLCD_ClearLn) refers to glcd_spi_lpc1700.o(i.GLCD_WindowMax) for GLCD_WindowMax
    glcd_spi_lpc1700.o(i.GLCD_ClearLn) refers to glcd_spi_lpc1700.o(i.GLCD_DisplayString) for GLCD_DisplayString
    glcd_spi_lpc1700.o(i.GLCD_DisplayChar) refers to glcd_spi_lpc1700.o(i.GLCD_DrawChar) for GLCD_DrawChar
    glcd_spi_lpc1700.o(i.GLCD_DisplayChar) refers to glcd_spi_lpc1700.o(.constdata) for Font_6x8_h
    glcd_spi_lpc1700.o(i.GLCD_DisplayString) refers to glcd_spi_lpc1700.o(i.GLCD_DisplayChar) for GLCD_DisplayChar
    glcd_spi_lpc1700.o(i.GLCD_DrawChar) refers to glcd_spi_lpc1700.o(i.GLCD_SetWindow) for GLCD_SetWindow
    glcd_spi_lpc1700.o(i.GLCD_DrawChar) refers to glcd_spi_lpc1700.o(i.wr_cmd) for wr_cmd
    glcd_spi_lpc1700.o(i.GLCD_DrawChar) refers to glcd_spi_lpc1700.o(i.wr_dat_start) for wr_dat_start
    glcd_spi_lpc1700.o(i.GLCD_DrawChar) refers to glcd_spi_lpc1700.o(i.wr_dat_only) for wr_dat_only
    glcd_spi_lpc1700.o(i.GLCD_DrawChar) refers to glcd_spi_lpc1700.o(i.wr_dat_stop) for wr_dat_stop
    glcd_spi_lpc1700.o(i.GLCD_DrawChar) refers to glcd_spi_lpc1700.o(.data) for Color
    glcd_spi_lpc1700.o(i.GLCD_Init) refers to glcd_spi_lpc1700.o(i.rd_id_man) for rd_id_man
    glcd_spi_lpc1700.o(i.GLCD_Init) refers to glcd_spi_lpc1700.o(i.rd_reg) for rd_reg
    glcd_spi_lpc1700.o(i.GLCD_Init) refers to glcd_spi_lpc1700.o(i.wr_reg) for wr_reg
    glcd_spi_lpc1700.o(i.GLCD_Init) refers to glcd_spi_lpc1700.o(i.delay) for delay
    glcd_spi_lpc1700.o(i.GLCD_Init) refers to glcd_spi_lpc1700.o(.data) for Himax
    glcd_spi_lpc1700.o(i.GLCD_PutPixel) refers to glcd_spi_lpc1700.o(i.wr_reg) for wr_reg
    glcd_spi_lpc1700.o(i.GLCD_PutPixel) refers to glcd_spi_lpc1700.o(i.wr_cmd) for wr_cmd
    glcd_spi_lpc1700.o(i.GLCD_PutPixel) refers to glcd_spi_lpc1700.o(i.wr_dat) for wr_dat
    glcd_spi_lpc1700.o(i.GLCD_PutPixel) refers to glcd_spi_lpc1700.o(.data) for Himax
    glcd_spi_lpc1700.o(i.GLCD_SetBackColor) refers to glcd_spi_lpc1700.o(.data) for Color
    glcd_spi_lpc1700.o(i.GLCD_SetTextColor) refers to glcd_spi_lpc1700.o(.data) for Color
    glcd_spi_lpc1700.o(i.GLCD_SetWindow) refers to glcd_spi_lpc1700.o(i.wr_reg) for wr_reg
    glcd_spi_lpc1700.o(i.GLCD_SetWindow) refers to glcd_spi_lpc1700.o(.data) for Himax
    glcd_spi_lpc1700.o(i.GLCD_WindowMax) refers to glcd_spi_lpc1700.o(i.GLCD_SetWindow) for GLCD_SetWindow
    glcd_spi_lpc1700.o(i.GLCD_WrCmd) refers to glcd_spi_lpc1700.o(i.wr_cmd) for wr_cmd
    glcd_spi_lpc1700.o(i.GLCD_WrReg) refers to glcd_spi_lpc1700.o(i.wr_reg) for wr_reg
    glcd_spi_lpc1700.o(i.rd_id_man) refers to glcd_spi_lpc1700.o(i.spi_tran_man) for spi_tran_man
    glcd_spi_lpc1700.o(i.rd_reg) refers to glcd_spi_lpc1700.o(i.wr_cmd) for wr_cmd
    glcd_spi_lpc1700.o(i.rd_reg) refers to glcd_spi_lpc1700.o(i.spi_tran) for spi_tran
    glcd_spi_lpc1700.o(i.spi_tran_man) refers to glcd_spi_lpc1700.o(i.delay) for delay
    glcd_spi_lpc1700.o(i.wr_cmd) refers to glcd_spi_lpc1700.o(i.spi_tran) for spi_tran
    glcd_spi_lpc1700.o(i.wr_dat) refers to glcd_spi_lpc1700.o(i.spi_tran) for spi_tran
    glcd_spi_lpc1700.o(i.wr_dat_only) refers to glcd_spi_lpc1700.o(i.spi_tran) for spi_tran
    glcd_spi_lpc1700.o(i.wr_dat_start) refers to glcd_spi_lpc1700.o(i.spi_tran) for spi_tran
[...]
    rtx_mutex.o(i.svcRtxMutexRelease) refers to rtx_evr.o(i.EvrRtxMutexError) for EvrRtxMutexError
    rtx_mutex.o(i.svcRtxMutexRelease) refers to rtx_evr.o(i.EvrRtxMutexReleased) for EvrRtxMutexReleased
    rtx_mutex.o(i.svcRtxMutexRelease) refers to rtx_thread.o(i.osRtxThreadListGet) for osRtxThreadListGet
    rtx_mutex.o(i.svcRtxMutexRelease) refers to rtx_thread.o(i.osRtxThreadWaitExit) for osRtxThreadWaitExit
    rtx_mutex.o(i.svcRtxMutexRelease) refers to rtx_evr.o(i.EvrRtxMutexAcquired) for EvrRtxMutexAcquired
    rtx_mutex.o(i.svcRtxMutexRelease) refers to rtx_thread.o(i.osRtxThreadDispatch) for osRtxThreadDispatch
    rtx_mutex.o(i.svcRtxMutexRelease) refers to rtx_kernel.o(.data.os) for osRtxInfo
    rtx_semaphore.o(i.SemaphoreTokenDecrement) refers to rtx_semaphore.o(.emb_text) for __asm___15_rtx_semaphore_c_c705bb47__atomic_dec16_nz
    rtx_semaphore.o(i.SemaphoreTokenIncrement) refers to rtx_semaphore.o(.emb_text) for __asm___15_rtx_semaphore_c_c705bb47__atomic_inc16_lt
    rtx_semaphore.o(i.isrRtxSemaphoreAcquire) refers to rtx_evr.o(i.EvrRtxSemaphoreError) for EvrRtxSemaphoreError
    rtx_semaphore.o(i.isrRtxSemaphoreAcquire) refers to rtx_semaphore.o(i.SemaphoreTokenDecrement) for SemaphoreTokenDecrement
    rtx_semaphore.o(i.isrRtxSemaphoreAcquire) refers to rtx_evr.o(i.EvrRtxSemaphoreAcquired) for EvrRtxSemaphoreAcquired
    rtx_semaphore.o(i.isrRtxSemaphoreAcquire) refers to rtx_evr.o(i.EvrRtxSemaphoreNotAcquired) for EvrRtxSemaphoreNotAcquired
    rtx_semaphore.o(i.isrRtxSemaphoreRelease) refers to rtx_evr.o(i.EvrRtxSemaphoreError) for EvrRtxSemaphoreError
    rtx_semaphore.o(i.isrRtxSemaphoreRelease) refers to rtx_semaphore.o(i.SemaphoreTokenIncrement) for SemaphoreTokenIncrement
    rtx_semaphore.o(i.isrRtxSemaphoreRelease) refers to rtx_system.o(i.osRtxPostProcess) for osRtxPostProcess
    rtx_semaphore.o(i.isrRtxSemaphoreRelease) refers to rtx_evr.o(i.EvrRtxSemaphoreReleased) for EvrRtxSemaphoreReleased
    rtx_semaphore.o(i.osRtxSemaphorePostProcess) refers to rtx_semaphore.o(i.SemaphoreTokenDecrement) for SemaphoreTokenDecrement
    rtx_semaphore.o(i.osRtxSemaphorePostProcess) refers to rtx_thread.o(i.osRtxThreadListGet) for osRtxThreadListGet
    rtx_semaphore.o(i.osRtxSemaphorePostProcess) refers to rtx_thread.o(i.osRtxThreadWaitExit) for osRtxThreadWaitExit
    rtx_semaphore.o(i.osRtxSemaphorePostProcess) refers to rtx_evr.o(i.EvrRtxSemaphoreAcquired) for EvrRtxSemaphoreAcquired
    rtx_semaphore.o(i.osSemaphoreAcquire) refers to rtx_evr.o(i.EvrRtxSemaphoreAcquire) for EvrRtxSemaphoreAcquire
    rtx_semaphore.o(i.osSemaphoreAcquire) refers to rtx_semaphore.o(i.IsIrqMode) for IsIrqMode
    rtx_semaphore.o(i.osSemaphoreAcquire) refers to rtx_semaphore.o(i.IsIrqMasked) for IsIrqMasked
    rtx_semaphore.o(i.osSemaphoreAcquire) refers to rtx_semaphore.o(i.isrRtxSemaphoreAcquire) for isrRtxSemaphoreAcquire
    rtx_semaphore.o(i.osSemaphoreAcquire) refers to rtx_semaphore.o(i.svcRtxSemaphoreAcquire) for svcRtxSemaphoreAcquire
    rtx_semaphore.o(i.osSemaphoreDelete) refers to rtx_evr.o(i.EvrRtxSemaphoreDelete) for EvrRtxSemaphoreDelete
    rtx_semaphore.o(i.osSemaphoreDelete) refers to rtx_semaphore.o(i.IsIrqMode) for IsIrqMode
    rtx_semaphore.o(i.osSemaphoreDelete) refers to rtx_semaphore.o(i.IsIrqMasked) for IsIrqMasked
    rtx_semaphore.o(i.osSemaphoreDelete) refers to rtx_evr.o(i.EvrRtxSemaphoreError) for EvrRtxSemaphoreError
    rtx_semaphore.o(i.osSemaphoreDelete) refers to rtx_semaphore.o(i.svcRtxSemaphoreDelete) for svcRtxSemaphoreDelete
    rtx_semaphore.o(i.osSemaphoreGetCount) refers to rtx_semaphore.o(i.IsIrqMode) for IsIrqMode
    rtx_semaphore.o(i.osSemaphoreGetCount) refers to rtx_semaphore.o(i.IsIrqMasked) for IsIrqMasked
    rtx_semaphore.o(i.osSemaphoreGetCount) refers to rtx_semaphore.o(i.svcRtxSemaphoreGetCount) for svcRtxSemaphoreGetCount
    rtx_semaphore.o(i.osSemaphoreGetName) refers to rtx_semaphore.o(i.IsIrqMode) for IsIrqMode
    rtx_semaphore.o(i.osSemaphoreGetName) refers to rtx_semaphore.o(i.IsIrqMasked) for IsIrqMasked
    rtx_semaphore.o(i.osSemaphoreGetName) refers to rtx_evr.o(i.EvrRtxSemaphoreGetName) for EvrRtxSemaphoreGetName
    rtx_semaphore.o(i.osSemaphoreGetName) refers to rtx_semaphore.o(i.svcRtxSemaphoreGetName) for svcRtxSemaphoreGetName
    rtx_semaphore.o(i.osSemaphoreNew) refers to rtx_evr.o(i.EvrRtxSemaphoreNew) for EvrRtxSemaphoreNew
    rtx_semaphore.o(i.osSemaphoreNew) refers to rtx_semaphore.o(i.IsIrqMode) for IsIrqMode
    rtx_semaphore.o(i.osSemaphoreNew) refers to rtx_semaphore.o(i.IsIrqMasked) for IsIrqMasked
    rtx_semaphore.o(i.osSemaphoreNew) refers to rtx_evr.o(i.EvrRtxSemaphoreError) for EvrRtxSemaphoreError
    rtx_semaphore.o(i.osSemaphoreNew) refers to rtx_semaphore.o(i.svcRtxSemaphoreNew) for svcRtxSemaphoreNew
    rtx_semaphore.o(i.osSemaphoreRelease) refers to rtx_evr.o(i.EvrRtxSemaphoreRelease) for EvrRtxSemaphoreRelease
    rtx_semaphore.o(i.osSemaphoreRelease) refers to rtx_semaphore.o(i.IsIrqMode) for IsIrqMode
    rtx_semaphore.o(i.osSemaphoreRelease) refers to rtx_semaphore.o(i.IsIrqMasked) for IsIrqMasked
    rtx_semaphore.o(i.osSemaphoreRelease) refers to rtx_semaphore.o(i.isrRtxSemaphoreRelease) for isrRtxSemaphoreRelease
    rtx_semaphore.o(i.osSemaphoreRelease) refers to rtx_semaphore.o(i.svcRtxSemaphoreRelease) for svcRtxSemaphoreRelease
    rtx_semaphore.o(i.svcRtxSemaphoreAcquire) refers to rtx_evr.o(i.EvrRtxSemaphoreError) for EvrRtxSemaphoreError
    rtx_semaphore.o(i.svcRtxSemaphoreAcquire) refers to rtx_semaphore.o(i.SemaphoreTokenDecrement) for SemaphoreTokenDecrement
    rtx_semaphore.o(i.svcRtxSemaphoreAcquire) refers to rtx_evr.o(i.EvrRtxSemaphoreAcquired) for EvrRtxSemaphoreAcquired
    rtx_semaphore.o(i.svcRtxSemaphoreAcquire) refers to rtx_evr.o(i.EvrRtxSemaphoreAcquirePending) for EvrRtxSemaphoreAcquirePending
    rtx_semaphore.o(i.svcRtxSemaphoreAcquire) refers to rtx_thread.o(i.osRtxThreadWaitEnter) for osRtxThreadWaitEnter
    rtx_semaphore.o(i.svcRtxSemaphoreAcquire) refers to rtx_thread.o(i.osRtxThreadListPut) for osRtxThreadListPut
    rtx_semaphore.o(i.svcRtxSemaphoreAcquire) refers to rtx_evr.o(i.EvrRtxSemaphoreAcquireTimeout) for EvrRtxSemaphoreAcquireTimeout
    rtx_semaphore.o(i.svcRtxSemaphoreAcquire) refers to rtx_evr.o(i.EvrRtxSemaphoreNotAcquired) for EvrRtxSemaphoreNotAcquired
    rtx_semaphore.o(i.svcRtxSemaphoreAcquire) refers to rtx_kernel.o(.data.os) for osRtxInfo
    rtx_semaphore.o(i.svcRtxSemaphoreDelete) refers to rtx_evr.o(i.EvrRtxSemaphoreError) for EvrRtxSemaphoreError
    rtx_semaphore.o(i.svcRtxSemaphoreDelete) refers to rtx_thread.o(i.osRtxThreadListGet) for osRtxThreadListGet
    rtx_semaphore.o(i.svcRtxSemaphoreDelete) refers to rtx_thread.o(i.osRtxThreadWaitExit) for osRtxThreadWaitExit
    rtx_semaphore.o(i.svcRtxSemaphoreDelete) refers to rtx_thread.o(i.osRtxThreadDispatch) for osRtxThreadDispatch
    rtx_semaphore.o(i.svcRtxSemaphoreDelete) refers to rtx_mempool.o(i.osRtxMemoryPoolFree) for osRtxMemoryPoolFree
    rtx_semaphore.o(i.svcRtxSemaphoreDelete) refers to rtx_memory.o(i.osRtxMemoryFree) for osRtxMemoryFree
    rtx_semaphore.o(i.svcRtxSemaphoreDelete) refers to rtx_evr.o(i.EvrRtxSemaphoreDestroyed) for EvrRtxSemaphoreDestroyed
    rtx_semaphore.o(i.svcRtxSemaphoreDelete) refers to rtx_kernel.o(.data.os) for osRtxInfo
    rtx_semaphore.o(i.svcRtxSemaphoreGetCount) refers to rtx_evr.o(i.EvrRtxSemaphoreGetCount) for EvrRtxSemaphoreGetCount
    rtx_semaphore.o(i.svcRtxSemaphoreGetName) refers to rtx_evr.o(i.EvrRtxSemaphoreGetName) for EvrRtxSemaphoreGetName
    rtx_semaphore.o(i.svcRtxSemaphoreNew) refers to rtx_evr.o(i.EvrRtxSemaphoreError) for EvrRtxSemaphoreError
    rtx_semaphore.o(i.svcRtxSemaphoreNew) refers to rtx_mempool.o(i.osRtxMemoryPoolAlloc) for osRtxMemoryPoolAlloc
    rtx_semaphore.o(i.svcRtxSemaphoreNew) refers to rtx_memory.o(i.osRtxMemoryAlloc) for osRtxMemoryAlloc
    rtx_semaphore.o(i.svcRtxSemaphoreNew) refers to rtx_evr.o(i.EvrRtxSemaphoreCreated) for EvrRtxSemaphoreCreated
    rtx_semaphore.o(i.svcRtxSemaphoreNew) refers to rtx_kernel.o(.data.os) for osRtxInfo
    rtx_semaphore.o(i.svcRtxSemaphoreNew) refers to rtx_semaphore.o(i.osRtxSemaphorePostProcess) for osRtxSemaphorePostProcess
    rtx_semaphore.o(i.svcRtxSemaphoreRelease) refers to rtx_evr.o(i.EvrRtxSemaphoreError) for EvrRtxSemaphoreError
    rtx_semaphore.o(i.svcRtxSemaphoreRelease) refers to rtx_evr.o(i.EvrRtxSemaphoreReleased) for EvrRtxSemaphoreReleased
    rtx_semaphore.o(i.svcRtxSemaphoreRelease) refers to rtx_thread.o(i.osRtxThreadListGet) for osRtxThreadListGet
    rtx_semaphore.o(i.svcRtxSemaphoreRelease) refers to rtx_thread.o(i.osRtxThreadWaitExit) for osRtxThreadWaitExit
    rtx_semaphore.o(i.svcRtxSemaphoreRelease) refers to rtx_evr.o(i.EvrRtxSemaphoreAcquired) for EvrRtxSemaphoreAcquired
    rtx_semaphore.o(i.svcRtxSemaphoreRelease) refers to rtx_semaphore.o(i.SemaphoreTokenIncrement) for SemaphoreTokenIncrement
    rtx_system.o(i.isr_queue_get) refers to rtx_system.o(.emb_text) for __asm___12_rtx_system_c_024f2f18__atomic_dec16_nz
    rtx_system.o(i.isr_queue_get) refers to rtx_kernel.o(.data.os) for osRtxInfo
    rtx_system.o(i.isr_queue_put) refers to rtx_system.o(.emb_text) for __asm___12_rtx_system_c_024f2f18__atomic_inc16_lt
    rtx_system.o(i.isr_queue_put) refers to rtx_kernel.o(.data.os) for osRtxInfo
    rtx_system.o(i.osRtxPendSV_Handler) refers to rtx_system.o(i.isr_queue_get) for isr_queue_get
    rtx_system.o(i.osRtxPendSV_Handler) refers to rtx_thread.o(i.osRtxThreadDispatch) for osRtxThreadDispatch
    rtx_system.o(i.osRtxPendSV_Handler) refers to rtx_kernel.o(.data.os) for osRtxInfo
    rtx_system.o(i.osRtxPostProcess) refers to rtx_system.o(i.isr_queue_put) for isr_queue_put
    rtx_system.o(i.osRtxPostProcess) refers to rtx_config.o(i.osRtxErrorNotify) for osRtxErrorNotify
    rtx_system.o(i.osRtxPostProcess) refers to rtx_kernel.o(.data.os) for osRtxInfo
    rtx_system.o(i.osRtxTick_Handler) refers to os_systick.o(i.OS_Tick_AcknowledgeIRQ) for OS_Tick_AcknowledgeIRQ
    rtx_system.o(i.osRtxTick_Handler) refers to rtx_thread.o(i.osRtxThreadDelayTick) for osRtxThreadDelayTick
    rtx_system.o(i.osRtxTick_Handler) refers to rtx_thread.o(i.osRtxThreadDispatch) for osRtxThreadDispatch
    rtx_system.o(i.osRtxTick_Handler) refers to rtx_thread.o(i.osRtxThreadListRemove) for osRtxThreadListRemove
    rtx_system.o(i.osRtxTick_Handler) refers to rtx_thread.o(i.osRtxThreadReadyPut) for osRtxThreadReadyPut
    rtx_system.o(i.osRtxTick_Handler) refers to rtx_evr.o(i.EvrRtxThreadPreempted) for EvrRtxThreadPreempted
    rtx_system.o(i.osRtxTick_Handler) refers to rtx_thread.o(i.osRtxThreadSwitch) for osRtxThreadSwitch
    rtx_system.o(i.osRtxTick_Handler) refers to rtx_kernel.o(.data.os) for osRtxInfo
    rtx_thread.o(i.ThreadFlagsCheck) refers to rtx_thread.o(.emb_text) for __asm___12_rtx_thread_c_add96be5__atomic_chk32_all
    rtx_thread.o(i.ThreadFlagsClear) refers to rtx_thread.o(.emb_text) for __asm___12_rtx_thread_c_add96be5__atomic_clr32
    rtx_thread.o(i.ThreadFlagsSet) refers to rtx_thread.o(.emb_text) for __asm___12_rtx_thread_c_add96be5__atomic_set32
    rtx_thread.o(i.isrRtxThreadFlagsSet) refers to rtx_evr.o(i.EvrRtxThreadError) for EvrRtxThreadError
    rtx_thread.o(i.isrRtxThreadFlagsSet) refers to rtx_thread.o(i.ThreadFlagsSet) for ThreadFlagsSet
    rtx_thread.o(i.isrRtxThreadFlagsSet) refers to rtx_system.o(i.osRtxPostProcess) for osRtxPostProcess
    rtx_thread.o(i.isrRtxThreadFlagsSet) refers to rtx_evr.o(i.EvrRtxThreadFlagsSetDone) for EvrRtxThreadFlagsSetDone
    rtx_thread.o(i.osRtxKernelGetState) refers to rtx_kernel.o(.data.os) for osRtxInfo
    rtx_thread.o(i.osRtxThreadBlock) refers to rtx_evr.o(i.EvrRtxThreadPreempted) for EvrRtxThreadPreempted
    rtx_thread.o(i.osRtxThreadBlock) refers to rtx_kernel.o(.data.os) for osRtxInfo
    rtx_thread.o(i.osRtxThreadDelayInsert) refers to rtx_kernel.o(.data.os) for osRtxInfo
    rtx_thread.o(i.osRtxThreadDelayRemove) refers to rtx_kernel.o(.data.os) for osRtxInfo
    rtx_thread.o(i.osRtxThreadDelayTick) refers to rtx_evr.o(i.EvrRtxThreadDelayCompleted) for EvrRtxThreadDelayCompleted
    rtx_thread.o(i.osRtxThreadDelayTick) refers to rtx_evr.o(i.EvrRtxThreadFlagsWaitTimeout) for EvrRtxThreadFlagsWaitTimeout
    rtx_thread.o(i.osRtxThreadDelayTick) refers to rtx_thread.o(i.osRtxThreadListRoot) for osRtxThreadListRoot
    rtx_thread.o(i.osRtxThreadDelayTick) refers to rtx_evr.o(i.EvrRtxEventFlagsWaitTimeout) for EvrRtxEventFlagsWaitTimeout
    rtx_thread.o(i.osRtxThreadDelayTick) refers to rtx_evr.o(i.EvrRtxMutexAcquireTimeout) for EvrRtxMutexAcquireTimeout
    rtx_thread.o(i.osRtxThreadDelayTick) refers to rtx_evr.o(i.EvrRtxSemaphoreAcquireTimeout) for EvrRtxSemaphoreAcquireTimeout
    rtx_thread.o(i.osRtxThreadDelayTick) refers to rtx_evr.o(i.EvrRtxMemoryPoolAllocTimeout) for EvrRtxMemoryPoolAllocTimeout
    rtx_thread.o(i.osRtxThreadDelayTick) refers to rtx_evr.o(i.EvrRtxMessageQueueGetTimeout) for EvrRtxMessageQueueGetTimeout
    rtx_thread.o(i.osRtxThreadDelayTick) refers to rtx_evr.o(i.EvrRtxMessageQueuePutTimeout) for EvrRtxMessageQueuePutTimeout
    rtx_thread.o(i.osRtxThreadDelayTick) refers to rtx_thread.o(i.osRtxThreadRegPtr) for osRtxThreadRegPtr
    rtx_thread.o(i.osRtxThreadDelayTick) refers to rtx_evr.o(i.EvrRtxThreadUnblocked) for EvrRtxThreadUnblocked
    rtx_thread.o(i.osRtxThreadDelayTick) refers to rtx_thread.o(i.osRtxThreadListRemove) for osRtxThreadListRemove
    rtx_thread.o(i.osRtxThreadDelayTick) refers to rtx_thread.o(i.osRtxThreadReadyPut) for osRtxThreadReadyPut
    rtx_thread.o(i.osRtxThreadDelayTick) refers to rtx_kernel.o(.data.os) for osRtxInfo
    rtx_thread.o(i.osRtxThreadDispatch) refers to rtx_thread.o(i.osRtxKernelGetState) for osRtxKernelGetState
    rtx_thread.o(i.osRtxThreadDispatch) refers to rtx_thread.o(i.osRtxThreadGetRunning) for osRtxThreadGetRunning
    rtx_thread.o(i.osRtxThreadDispatch) refers to rtx_thread.o(i.osRtxThreadListRemove) for osRtxThreadListRemove
    rtx_thread.o(i.osRtxThreadDispatch) refers to rtx_thread.o(i.osRtxThreadBlock) for osRtxThreadBlock
    rtx_thread.o(i.osRtxThreadDispatch) refers to rtx_thread.o(i.osRtxThreadSwitch) for osRtxThreadSwitch
    rtx_thread.o(i.osRtxThreadDispatch) refers to rtx_thread.o(i.osRtxThreadReadyPut) for osRtxThreadReadyPut
    rtx_thread.o(i.osRtxThreadDispatch) refers to rtx_kernel.o(.data.os) for osRtxInfo
    rtx_thread.o(i.osRtxThreadFree) refers to rtx_mempool.o(i.osRtxMemoryPoolFree) for osRtxMemoryPoolFree
    rtx_thread.o(i.osRtxThreadFree) refers to rtx_memory.o(i.osRtxMemoryFree) for osRtxMemoryFree
    rtx_thread.o(i.osRtxThreadFree) refers to rtx_kernel.o(.data.os) for osRtxInfo
    rtx_thread.o(i.osRtxThreadGetRunning) refers to rtx_kernel.o(.data.os) for osRtxInfo
    rtx_thread.o(i.osRtxThreadListSort) refers to rtx_thread.o(i.osRtxThreadListRemove) for osRtxThreadListRemove
    rtx_thread.o(i.osRtxThreadListSort) refers to rtx_thread.o(i.osRtxThreadListPut) for osRtxThreadListPut
    rtx_thread.o(i.osRtxThreadPostProcess) refers to rtx_thread.o(i.ThreadFlagsCheck) for ThreadFlagsCheck
    rtx_thread.o(i.osRtxThreadPostProcess) refers to rtx_thread.o(i.osRtxThreadWaitExit) for osRtxThreadWaitExit
    rtx_thread.o(i.osRtxThreadPostProcess) refers to rtx_evr.o(i.EvrRtxThreadFlagsWaitCompleted) for EvrRtxThreadFlagsWaitCompleted
    rtx_thread.o(i.osRtxThreadReadyPut) refers to rtx_thread.o(i.osRtxThreadListPut) for osRtxThreadListPut
    rtx_thread.o(i.osRtxThreadReadyPut) refers to rtx_kernel.o(.data.os) for osRtxInfo
    rtx_thread.o(i.osRtxThreadSetRunning) refers to rtx_kernel.o(.data.os) for osRtxInfo
    rtx_thread.o(i.osRtxThreadStackCheck) refers to rtx_thread.o(i.osRtxThreadGetRunning) for osRtxThreadGetRunning
    rtx_thread.o(i.osRtxThreadStackCheck) refers to rtx_config.o(i.osRtxErrorNotify) for osRtxErrorNotify
    rtx_thread.o(i.osRtxThreadStartup) refers to rtx_thread.o(i.svcRtxThreadNew) for svcRtxThreadNew
    rtx_thread.o(i.osRtxThreadStartup) refers to rtx_kernel.o(.data.os) for osRtxInfo
    rtx_thread.o(i.osRtxThreadStartup) refers to rtx_lib.o(.rodata) for osRtxConfig
    rtx_thread.o(i.osRtxThreadStartup) refers to rtx_config.o(i.osRtxIdleThread) for osRtxIdleThread
    rtx_thread.o(i.osRtxThreadStartup) refers to rtx_timer.o(i.osRtxTimerThread) for osRtxTimerThread
    rtx_thread.o(i.osRtxThreadSwitch) refers to rtx_thread.o(i.osRtxThreadStackCheck) for osRtxThreadStackCheck
    rtx_thread.o(i.osRtxThreadSwitch) refers to rtx_evr.o(i.EvrRtxThreadSwitched) for EvrRtxThreadSwitched
    rtx_thread.o(i.osRtxThreadSwitch) refers to rtx_kernel.o(.data.os) for osRtxInfo
    rtx_thread.o(i.osRtxThreadWaitEnter) refers to rtx_thread.o(i.osRtxKernelGetState) for osRtxKernelGetState
    rtx_thread.o(i.osRtxThreadWaitEnter) refers to rtx_thread.o(i.osRtxThreadGetRunning) for osRtxThreadGetRunning
    rtx_thread.o(i.osRtxThreadWaitEnter) refers to rtx_evr.o(i.EvrRtxThreadBlocked) for EvrRtxThreadBlocked
    rtx_thread.o(i.osRtxThreadWaitEnter) refers to rtx_thread.o(i.osRtxThreadDelayInsert) for osRtxThreadDelayInsert
    rtx_thread.o(i.osRtxThreadWaitEnter) refers to rtx_thread.o(i.osRtxThreadListGet) for osRtxThreadListGet
    rtx_thread.o(i.osRtxThreadWaitEnter) refers to rtx_thread.o(i.osRtxThreadSwitch) for osRtxThreadSwitch
    rtx_thread.o(i.osRtxThreadWaitEnter) refers to rtx_kernel.o(.data.os) for osRtxInfo
    rtx_thread.o(i.osRtxThreadWaitExit) refers to rtx_evr.o(i.EvrRtxThreadUnblocked) for EvrRtxThreadUnblocked
    rtx_thread.o(i.osRtxThreadWaitExit) refers to rtx_thread.o(i.osRtxThreadRegPtr) for osRtxThreadRegPtr
    rtx_thread.o(i.osRtxThreadWaitExit) refers to rtx_thread.o(i.osRtxThreadDelayRemove) for osRtxThreadDelayRemove
    rtx_thread.o(i.osRtxThreadWaitExit) refers to rtx_thread.o(i.osRtxThreadDispatch) for osRtxThreadDispatch
    rtx_thread.o(i.osRtxThreadWaitExit) refers to rtx_thread.o(i.osRtxThreadReadyPut) for osRtxThreadReadyPut
    rtx_thread.o(i.osThreadDetach) refers to rtx_evr.o(i.EvrRtxThreadDetach) for EvrRtxThreadDetach
    rtx_thread.o(i.osThreadDetach) refers to rtx_thread.o(i.IsIrqMode) for IsIrqMode
    rtx_thread.o(i.osThreadDetach) refers to rtx_thread.o(i.IsIrqMasked) for IsIrqMasked
    rtx_thread.o(i.osThreadDetach) refers to rtx_evr.o(i.EvrRtxThreadError) for EvrRtxThreadError
    rtx_thread.o(i.osThreadDetach) refers to rtx_thread.o(i.svcRtxThreadDetach) for svcRtxThreadDetach
    rtx_thread.o(i.osThreadEnumerate) refers to rtx_thread.o(i.IsIrqMode) for IsIrqMode
    rtx_thread.o(i.osThreadEnumerate) refers to rtx_thread.o(i.IsIrqMasked) for IsIrqMasked
    rtx_thread.o(i.osThreadEnumerate) refers to rtx_evr.o(i.EvrRtxThreadEnumerate) for EvrRtxThreadEnumerate
    rtx_thread.o(i.osThreadEnumerate) refers to rtx_thread.o(i.svcRtxThreadEnumerate) for svcRtxThreadEnumerate
    rtx_thread.o(i.osThreadExit) refers to rtx_evr.o(i.EvrRtxThreadExit) for EvrRtxThreadExit
    rtx_thread.o(i.osThreadExit) refers to rtx_evr.o(i.EvrRtxThreadError) for EvrRtxThreadError
    rtx_thread.o(i.osThreadExit) refers to rtx_thread.o(i.svcRtxThreadExit) for svcRtxThreadExit
    rtx_thread.o(i.osThreadFlagsClear) refers to rtx_evr.o(i.EvrRtxThreadFlagsClear) for EvrRtxThreadFlagsClear
    rtx_thread.o(i.osThreadFlagsClear) refers to rtx_thread.o(i.IsIrqMode) for IsIrqMode
    rtx_thread.o(i.osThreadFlagsClear) refers to rtx_thread.o(i.IsIrqMasked) for IsIrqMasked
    rtx_thread.o(i.osThreadFlagsClear) refers to rtx_evr.o(i.EvrRtxThreadError) for EvrRtxThreadError
    rtx_thread.o(i.osThreadFlagsClear) refers to rtx_thread.o(i.svcRtxThreadFlagsClear) for svcRtxThreadFlagsClear
    rtx_thread.o(i.osThreadFlagsGet) refers to rtx_thread.o(i.IsIrqMode) for IsIrqMode
    rtx_thread.o(i.osThreadFlagsGet) refers to rtx_thread.o(i.IsIrqMasked) for IsIrqMasked
    rtx_thread.o(i.osThreadFlagsGet) refers to rtx_evr.o(i.EvrRtxThreadFlagsGet) for EvrRtxThreadFlagsGet
    rtx_thread.o(i.osThreadFlagsGet) refers to rtx_thread.o(i.svcRtxThreadFlagsGet) for svcRtxThreadFlagsGet
    rtx_thread.o(i.osThreadFlagsSet) refers to rtx_evr.o(i.EvrRtxThreadFlagsSet) for EvrRtxThreadFlagsSet
    rtx_thread.o(i.osThreadFlagsSet) refers to rtx_thread.o(i.IsIrqMode) for IsIrqMode
    rtx_thread.o(i.osThreadFlagsSet) refers to rtx_thread.o(i.IsIrqMasked) for IsIrqMasked
    rtx_thread.o(i.osThreadFlagsSet) refers to rtx_thread.o(i.isrRtxThreadFlagsSet) for isrRtxThreadFlagsSet
    rtx_thread.o(i.osThreadFlagsSet) refers to rtx_thread.o(i.svcRtxThreadFlagsSet) for svcRtxThreadFlagsSet
    rtx_thread.o(i.osThreadFlagsWait) refers to rtx_evr.o(i.EvrRtxThreadFlagsWait) for EvrRtxThreadFlagsWait
    rtx_thread.o(i.osThreadFlagsWait) refers to rtx_thread.o(i.IsIrqMode) for IsIrqMode
    rtx_thread.o(i.osThreadFlagsWait) refers to rtx_thread.o(i.IsIrqMasked) for IsIrqMasked
    rtx_thread.o(i.osThreadFlagsWait) refers to rtx_evr.o(i.EvrRtxThreadError) for EvrRtxThreadError
    rtx_thread.o(i.osThreadFlagsWait) refers to rtx_thread.o(i.svcRtxThreadFlagsWait) for svcRtxThreadFlagsWait
    rtx_thread.o(i.osThreadGetCount) refers to rtx_thread.o(i.IsIrqMode) for IsIrqMode
    rtx_thread.o(i.osThreadGetCount) refers to rtx_thread.o(i.IsIrqMasked) for IsIrqMasked
    rtx_thread.o(i.osThreadGetCount) refers to rtx_evr.o(i.EvrRtxThreadGetCount) for EvrRtxThreadGetCount
    rtx_thread.o(i.osThreadGetCount) refers to rtx_thread.o(i.svcRtxThreadGetCount) for svcRtxThreadGetCount
    rtx_thread.o(i.osThreadGetId) refers to rtx_thread.o(i.IsIrqMode) for IsIrqMode
    rtx_thread.o(i.osThreadGetId) refers to rtx_thread.o(i.IsIrqMasked) for IsIrqMasked
    rtx_thread.o(i.osThreadGetId) refers to rtx_evr.o(i.EvrRtxThreadGetId) for EvrRtxThreadGetId
    rtx_thread.o(i.osThreadGetId) refers to rtx_thread.o(i.svcRtxThreadGetId) for svcRtxThreadGetId
    rtx_thread.o(i.osThreadGetName) refers to rtx_thread.o(i.IsIrqMode) for IsIrqMode
    rtx_thread.o(i.osThreadGetName) refers to rtx_thread.o(i.IsIrqMasked) for IsIrqMasked
    rtx_thread.o(i.osThreadGetName) refers to rtx_evr.o(i.EvrRtxThreadGetName) for EvrRtxThreadGetName
    rtx_thread.o(i.osThreadGetName) refers to rtx_thread.o(i.svcRtxThreadGetName) for svcRtxThreadGetName
    rtx_thread.o(i.osThreadGetPriority) refers to rtx_thread.o(i.IsIrqMode) for IsIrqMode
    rtx_thread.o(i.osThreadGetPriority) refers to rtx_thread.o(i.IsIrqMasked) for IsIrqMasked
    rtx_thread.o(i.osThreadGetPriority) refers to rtx_evr.o(i.EvrRtxThreadGetPriority) for EvrRtxThreadGetPriority
    rtx_thread.o(i.osThreadGetPriority) refers to rtx_thread.o(i.svcRtxThreadGetPriority) for svcRtxThreadGetPriority
    rtx_thread.o(i.osThreadGetStackSize) refers to rtx_thread.o(i.IsIrqMode) for IsIrqMode
    rtx_thread.o(i.osThreadGetStackSize) refers to rtx_thread.o(i.IsIrqMasked) for IsIrqMasked
    rtx_thread.o(i.osThreadGetStackSize) refers to rtx_evr.o(i.EvrRtxThreadGetStackSize) for EvrRtxThreadGetStackSize
    rtx_thread.o(i.osThreadGetStackSize) refers to rtx_thread.o(i.svcRtxThreadGetStackSize) for svcRtxThreadGetStackSize
    rtx_thread.o(i.osThreadGetStackSpace) refers to rtx_thread.o(i.IsIrqMode) for IsIrqMode
    rtx_thread.o(i.osThreadGetStackSpace) refers to rtx_thread.o(i.IsIrqMasked) for IsIrqMasked
    rtx_thread.o(i.osThreadGetStackSpace) refers to rtx_evr.o(i.EvrRtxThreadGetStackSpace) for EvrRtxThreadGetStackSpace
    rtx_thread.o(i.osThreadGetStackSpace) refers to rtx_thread.o(i.svcRtxThreadGetStackSpace) for svcRtxThreadGetStackSpace
    rtx_thread.o(i.osThreadGetState) refers to rtx_thread.o(i.IsIrqMode) for IsIrqMode
    rtx_thread.o(i.osThreadGetState) refers to rtx_thread.o(i.IsIrqMasked) for IsIrqMasked
    rtx_thread.o(i.osThreadGetState) refers to rtx_evr.o(i.EvrRtxThreadGetState) for EvrRtxThreadGetState
    rtx_thread.o(i.osThreadGetState) refers to rtx_thread.o(i.svcRtxThreadGetState) for svcRtxThreadGetState
    rtx_thread.o(i.osThreadJoin) refers to rtx_evr.o(i.EvrRtxThreadJoin) for EvrRtxThreadJoin
    rtx_thread.o(i.osThreadJoin) refers to rtx_thread.o(i.IsIrqMode) for IsIrqMode
    rtx_thread.o(i.osThreadJoin) refers to rtx_thread.o(i.IsIrqMasked) for IsIrqMasked
    rtx_thread.o(i.osThreadJoin) refers to rtx_evr.o(i.EvrRtxThreadError) for EvrRtxThreadError
    rtx_thread.o(i.osThreadJoin) refers to rtx_thread.o(i.svcRtxThreadJoin) for svcRtxThreadJoin
    rtx_thread.o(i.osThreadNew) refers to rtx_evr.o(i.EvrRtxThreadNew) for EvrRtxThreadNew
    rtx_thread.o(i.osThreadNew) refers to rtx_thread.o(i.IsIrqMode) for IsIrqMode
    rtx_thread.o(i.osThreadNew) refers to rtx_thread.o(i.IsIrqMasked) for IsIrqMasked
    rtx_thread.o(i.osThreadNew) refers to rtx_evr.o(i.EvrRtxThreadError) for EvrRtxThreadError
    rtx_thread.o(i.osThreadNew) refers to rtx_thread.o(i.svcRtxThreadNew) for svcRtxThreadNew
    rtx_thread.o(i.osThreadResume) refers to rtx_evr.o(i.EvrRtxThreadResume) for EvrRtxThreadResume
    rtx_thread.o(i.osThreadResume) refers to rtx_thread.o(i.IsIrqMode) for IsIrqMode
    rtx_thread.o(i.osThreadResume) refers to rtx_thread.o(i.IsIrqMasked) for IsIrqMasked
    rtx_thread.o(i.osThreadResume) refers to rtx_evr.o(i.EvrRtxThreadError) for EvrRtxThreadError
    rtx_thread.o(i.osThreadResume) refers to rtx_thread.o(i.svcRtxThreadResume) for svcRtxThreadResume
    rtx_thread.o(i.osThreadSetPriority) refers to rtx_evr.o(i.EvrRtxThreadSetPriority) for EvrRtxThreadSetPriority
    rtx_thread.o(i.osThreadSetPriority) refers to rtx_thread.o(i.IsIrqMode) for IsIrqMode
    rtx_thread.o(i.osThreadSetPriority) refers to rtx_thread.o(i.IsIrqMasked) for IsIrqMasked
    rtx_thread.o(i.osThreadSetPriority) refers to rtx_evr.o(i.EvrRtxThreadError) for EvrRtxThreadError
    rtx_thread.o(i.osThreadSetPriority) refers to rtx_thread.o(i.svcRtxThreadSetPriority) for svcRtxThreadSetPriority
    rtx_thread.o(i.osThreadSuspend) refers to rtx_evr.o(i.EvrRtxThreadSuspend) for EvrRtxThreadSuspend
    rtx_thread.o(i.osThreadSuspend) refers to rtx_thread.o(i.IsIrqMode) for IsIrqMode
    rtx_thread.o(i.osThreadSuspend) refers to rtx_thread.o(i.IsIrqMasked) for IsIrqMasked
    rtx_thread.o(i.osThreadSuspend) refers to rtx_evr.o(i.EvrRtxThreadError) for EvrRtxThreadError
    rtx_thread.o(i.osThreadSuspend) refers to rtx_thread.o(i.svcRtxThreadSuspend) for svcRtxThreadSuspend
    rtx_thread.o(i.osThreadTerminate) refers to rtx_evr.o(i.EvrRtxThreadTerminate) for EvrRtxThreadTerminate
    rtx_thread.o(i.osThreadTerminate) refers to rtx_thread.o(i.IsIrqMode) for IsIrqMode
    rtx_thread.o(i.osThreadTerminate) refers to rtx_thread.o(i.IsIrqMasked) for IsIrqMasked
    rtx_thread.o(i.osThreadTerminate) refers to rtx_evr.o(i.EvrRtxThreadError) for EvrRtxThreadError
    rtx_thread.o(i.osThreadTerminate) refers to rtx_thread.o(i.svcRtxThreadTerminate) for svcRtxThreadTerminate
    rtx_thread.o(i.osThreadYield) refers to rtx_evr.o(i.EvrRtxThreadYield) for EvrRtxThreadYield
    rtx_thread.o(i.osThreadYield) refers to rtx_thread.o(i.IsIrqMode) for IsIrqMode
    rtx_thread.o(i.osThreadYield) refers to rtx_thread.o(i.IsIrqMasked) for IsIrqMasked
    rtx_thread.o(i.osThreadYield) refers to rtx_evr.o(i.EvrRtxThreadError) for EvrRtxThreadError
    rtx_thread.o(i.osThreadYield) refers to rtx_thread.o(i.svcRtxThreadYield) for svcRtxThreadYield
    rtx_thread.o(i.svcRtxThreadDetach) refers to rtx_evr.o(i.EvrRtxThreadError) for EvrRtxThreadError
    rtx_thread.o(i.svcRtxThreadDetach) refers to rtx_thread.o(i.osRtxThreadListUnlink) for osRtxThreadListUnlink
    rtx_thread.o(i.svcRtxThreadDetach) refers to rtx_thread.o(i.osRtxThreadFree) for osRtxThreadFree
    rtx_thread.o(i.svcRtxThreadDetach) refers to rtx_evr.o(i.EvrRtxThreadDetached) for EvrRtxThreadDetached
    rtx_thread.o(i.svcRtxThreadDetach) refers to rtx_kernel.o(.data.os) for osRtxInfo
    rtx_thread.o(i.svcRtxThreadEnumerate) refers to rtx_evr.o(i.EvrRtxThreadEnumerate) for EvrRtxThreadEnumerate
    rtx_thread.o(i.svcRtxThreadEnumerate) refers to rtx_thread.o(i.osRtxThreadGetRunning) for osRtxThreadGetRunning
    rtx_thread.o(i.svcRtxThreadEnumerate) refers to rtx_kernel.o(.data.os) for osRtxInfo
    rtx_thread.o(i.svcRtxThreadExit) refers to rtx_thread.o(i.osRtxThreadGetRunning) for osRtxThreadGetRunning
    rtx_thread.o(i.svcRtxThreadExit) refers to rtx_thread.o(i.osRtxKernelGetState) for osRtxKernelGetState
    rtx_thread.o(i.svcRtxThreadExit) refers to rtx_mutex.o(i.osRtxMutexOwnerRelease) for osRtxMutexOwnerRelease
    rtx_thread.o(i.svcRtxThreadExit) refers to rtx_thread.o(i.osRtxThreadWaitExit) for osRtxThreadWaitExit
    rtx_thread.o(i.svcRtxThreadExit) refers to rtx_evr.o(i.EvrRtxThreadJoined) for EvrRtxThreadJoined
    rtx_thread.o(i.svcRtxThreadExit) refers to rtx_thread.o(i.osRtxThreadListGet) for osRtxThreadListGet
    rtx_thread.o(i.svcRtxThreadExit) refers to rtx_thread.o(i.osRtxThreadSwitch) for osRtxThreadSwitch
    rtx_thread.o(i.svcRtxThreadExit) refers to rtx_thread.o(i.osRtxThreadSetRunning) for osRtxThreadSetRunning
    rtx_thread.o(i.svcRtxThreadExit) refers to rtx_thread.o(i.osRtxThreadFree) for osRtxThreadFree
    rtx_thread.o(i.svcRtxThreadExit) refers to rtx_evr.o(i.EvrRtxThreadDestroyed) for EvrRtxThreadDestroyed
    rtx_thread.o(i.svcRtxThreadExit) refers to rtx_kernel.o(.data.os) for osRtxInfo
    rtx_thread.o(i.svcRtxThreadFlagsClear) refers to rtx_thread.o(i.osRtxThreadGetRunning) for osRtxThreadGetRunning
    rtx_thread.o(i.svcRtxThreadFlagsClear) refers to rtx_evr.o(i.EvrRtxThreadError) for EvrRtxThreadError
    rtx_thread.o(i.svcRtxThreadFlagsClear) refers to rtx_thread.o(i.ThreadFlagsClear) for ThreadFlagsClear
    rtx_thread.o(i.svcRtxThreadFlagsClear) refers to rtx_evr.o(i.EvrRtxThreadFlagsClearDone) for EvrRtxThreadFlagsClearDone
    rtx_thread.o(i.svcRtxThreadFlagsGet) refers to rtx_thread.o(i.osRtxThreadGetRunning) for osRtxThreadGetRunning
    rtx_thread.o(i.svcRtxThreadFlagsGet) refers to rtx_evr.o(i.EvrRtxThreadFlagsGet) for EvrRtxThreadFlagsGet
    rtx_thread.o(i.svcRtxThreadFlagsSet) refers to rtx_evr.o(i.EvrRtxThreadError) for EvrRtxThreadError
    rtx_thread.o(i.svcRtxThreadFlagsSet) refers to rtx_thread.o(i.ThreadFlagsSet) for ThreadFlagsSet
    rtx_thread.o(i.svcRtxThreadFlagsSet) refers to rtx_thread.o(i.ThreadFlagsCheck) for ThreadFlagsCheck
    rtx_thread.o(i.svcRtxThreadFlagsSet) refers to rtx_thread.o(i.osRtxThreadWaitExit) for osRtxThreadWaitExit
    rtx_thread.o(i.svcRtxThreadFlagsSet) refers to rtx_evr.o(i.EvrRtxThreadFlagsWaitCompleted) for EvrRtxThreadFlagsWaitCompleted
    rtx_thread.o(i.svcRtxThreadFlagsSet) refers to rtx_evr.o(i.EvrRtxThreadFlagsSetDone) for EvrRtxThreadFlagsSetDone
    rtx_thread.o(i.svcRtxThreadFlagsWait) refers to rtx_thread.o(i.osRtxThreadGetRunning) for osRtxThreadGetRunning
    rtx_thread.o(i.svcRtxThreadFlagsWait) refers to rtx_evr.o(i.EvrRtxThreadError) for EvrRtxThreadError
    rtx_thread.o(i.svcRtxThreadFlagsWait) refers to rtx_thread.o(i.ThreadFlagsCheck) for ThreadFlagsCheck
    rtx_thread.o(i.svcRtxThreadFlagsWait) refers to rtx_evr.o(i.EvrRtxThreadFlagsWaitCompleted) for EvrRtxThreadFlagsWaitCompleted
    rtx_thread.o(i.svcRtxThreadFlagsWait) refers to rtx_evr.o(i.EvrRtxThreadFlagsWaitPending) for EvrRtxThreadFlagsWaitPending
    rtx_thread.o(i.svcRtxThreadFlagsWait) refers to rtx_thread.o(i.osRtxThreadWaitEnter) for osRtxThreadWaitEnter
    rtx_thread.o(i.svcRtxThreadFlagsWait) refers to rtx_evr.o(i.EvrRtxThreadFlagsWaitTimeout) for EvrRtxThreadFlagsWaitTimeout
    rtx_thread.o(i.svcRtxThreadFlagsWait) refers to rtx_evr.o(i.EvrRtxThreadFlagsWaitNotCompleted) for EvrRtxThreadFlagsWaitNotCompleted
    rtx_thread.o(i.svcRtxThreadGetCount) refers to rtx_evr.o(i.EvrRtxThreadGetCount) for EvrRtxThreadGetCount
    rtx_thread.o(i.svcRtxThreadGetCount) refers to rtx_kernel.o(.data.os) for osRtxInfo
    rtx_thread.o(i.svcRtxThreadGetId) refers to rtx_thread.o(i.osRtxThreadGetRunning) for osRtxThreadGetRunning
    rtx_thread.o(i.svcRtxThreadGetId) refers to rtx_evr.o(i.EvrRtxThreadGetId) for EvrRtxThreadGetId
    rtx_thread.o(i.svcRtxThreadGetName) refers to rtx_evr.o(i.EvrRtxThreadGetName) for EvrRtxThreadGetName
    rtx_thread.o(i.svcRtxThreadGetPriority) refers to rtx_evr.o(i.EvrRtxThreadGetPriority) for EvrRtxThreadGetPriority
    rtx_thread.o(i.svcRtxThreadGetStackSize) refers to rtx_evr.o(i.EvrRtxThreadGetStackSize) for EvrRtxThreadGetStackSize
    rtx_thread.o(i.svcRtxThreadGetStackSpace) refers to rtx_evr.o(i.EvrRtxThreadGetStackSpace) for EvrRtxThreadGetStackSpace
    rtx_thread.o(i.svcRtxThreadGetStackSpace) refers to rtx_lib.o(.rodata) for osRtxConfig
    rtx_thread.o(i.svcRtxThreadGetState) refers to rtx_evr.o(i.EvrRtxThreadGetState) for EvrRtxThreadGetState
    rtx_thread.o(i.svcRtxThreadJoin) refers to rtx_evr.o(i.EvrRtxThreadError) for EvrRtxThreadError
    rtx_thread.o(i.svcRtxThreadJoin) refers to rtx_thread.o(i.osRtxThreadListUnlink) for osRtxThreadListUnlink
    rtx_thread.o(i.svcRtxThreadJoin) refers to rtx_thread.o(i.osRtxThreadFree) for osRtxThreadFree
    rtx_thread.o(i.svcRtxThreadJoin) refers to rtx_evr.o(i.EvrRtxThreadJoined) for EvrRtxThreadJoined
    rtx_thread.o(i.svcRtxThreadJoin) refers to rtx_thread.o(i.osRtxThreadWaitEnter) for osRtxThreadWaitEnter
    rtx_thread.o(i.svcRtxThreadJoin) refers to rtx_thread.o(i.osRtxThreadGetRunning) for osRtxThreadGetRunning
    rtx_thread.o(i.svcRtxThreadJoin) refers to rtx_evr.o(i.EvrRtxThreadJoinPending) for EvrRtxThreadJoinPending
    rtx_thread.o(i.svcRtxThreadJoin) refers to rtx_kernel.o(.data.os) for osRtxInfo
    rtx_thread.o(i.svcRtxThreadNew) refers to rtx_evr.o(i.EvrRtxThreadError) for EvrRtxThreadError
    rtx_thread.o(i.svcRtxThreadNew) refers to rtx_mempool.o(i.osRtxMemoryPoolAlloc) for osRtxMemoryPoolAlloc
    rtx_thread.o(i.svcRtxThreadNew) refers to rtx_memory.o(i.osRtxMemoryAlloc) for osRtxMemoryAlloc
    rtx_thread.o(i.svcRtxThreadNew) refers to rtx_mempool.o(i.osRtxMemoryPoolFree) for osRtxMemoryPoolFree
    rtx_thread.o(i.svcRtxThreadNew) refers to rtx_memory.o(i.osRtxMemoryFree) for osRtxMemoryFree
    rtx_thread.o(i.svcRtxThreadNew) refers to rtx_evr.o(i.EvrRtxThreadCreated) for EvrRtxThreadCreated
    rtx_thread.o(i.svcRtxThreadNew) refers to rtx_thread.o(i.osRtxThreadDispatch) for osRtxThreadDispatch
    rtx_thread.o(i.svcRtxThreadNew) refers to rtx_kernel.o(.data.os) for osRtxInfo
    rtx_thread.o(i.svcRtxThreadNew) refers to rtx_lib.o(.rodata) for osRtxConfig
    rtx_thread.o(i.svcRtxThreadNew) refers to rtx_thread.o(i.osThreadExit) for osThreadExit
    rtx_thread.o(i.svcRtxThreadNew) refers to rtx_thread.o(i.osRtxThreadPostProcess) for osRtxThreadPostProcess
    rtx_thread.o(i.svcRtxThreadResume) refers to rtx_evr.o(i.EvrRtxThreadError) for EvrRtxThreadError
    rtx_thread.o(i.svcRtxThreadResume) refers to rtx_evr.o(i.EvrRtxThreadResumed) for EvrRtxThreadResumed
    rtx_thread.o(i.svcRtxThreadResume) refers to rtx_thread.o(i.osRtxThreadListRemove) for osRtxThreadListRemove
    rtx_thread.o(i.svcRtxThreadResume) refers to rtx_thread.o(i.osRtxThreadDelayRemove) for osRtxThreadDelayRemove
    rtx_thread.o(i.svcRtxThreadResume) refers to rtx_thread.o(i.osRtxThreadDispatch) for osRtxThreadDispatch
    rtx_thread.o(i.svcRtxThreadSetPriority) refers to rtx_evr.o(i.EvrRtxThreadError) for EvrRtxThreadError
    rtx_thread.o(i.svcRtxThreadSetPriority) refers to rtx_thread.o(i.osRtxThreadListSort) for osRtxThreadListSort
    rtx_thread.o(i.svcRtxThreadSetPriority) refers to rtx_thread.o(i.osRtxThreadDispatch) for osRtxThreadDispatch
    rtx_thread.o(i.svcRtxThreadSuspend) refers to rtx_evr.o(i.EvrRtxThreadError) for EvrRtxThreadError
    rtx_thread.o(i.svcRtxThreadSuspend) refers to rtx_thread.o(i.osRtxKernelGetState) for osRtxKernelGetState
    rtx_thread.o(i.svcRtxThreadSuspend) refers to rtx_thread.o(i.osRtxThreadListRemove) for osRtxThreadListRemove
    rtx_thread.o(i.svcRtxThreadSuspend) refers to rtx_thread.o(i.osRtxThreadDelayRemove) for osRtxThreadDelayRemove
    rtx_thread.o(i.svcRtxThreadSuspend) refers to rtx_evr.o(i.EvrRtxThreadSuspended) for EvrRtxThreadSuspended
    rtx_thread.o(i.svcRtxThreadSuspend) refers to rtx_thread.o(i.osRtxThreadListGet) for osRtxThreadListGet
    rtx_thread.o(i.svcRtxThreadSuspend) refers to rtx_thread.o(i.osRtxThreadSwitch) for osRtxThreadSwitch
    rtx_thread.o(i.svcRtxThreadSuspend) refers to rtx_thread.o(i.osRtxThreadDelayInsert) for osRtxThreadDelayInsert
    rtx_thread.o(i.svcRtxThreadSuspend) refers to rtx_kernel.o(.data.os) for osRtxInfo
    rtx_thread.o(i.svcRtxThreadTerminate) refers to rtx_evr.o(i.EvrRtxThreadError) for EvrRtxThreadError
    rtx_thread.o(i.svcRtxThreadTerminate) refers to rtx_thread.o(i.osRtxKernelGetState) for osRtxKernelGetState
    rtx_thread.o(i.svcRtxThreadTerminate) refers to rtx_thread.o(i.osRtxThreadListRemove) for osRtxThreadListRemove
    rtx_thread.o(i.svcRtxThreadTerminate) refers to rtx_thread.o(i.osRtxThreadDelayRemove) for osRtxThreadDelayRemove
    rtx_thread.o(i.svcRtxThreadTerminate) refers to rtx_mutex.o(i.osRtxMutexOwnerRelease) for osRtxMutexOwnerRelease
    rtx_thread.o(i.svcRtxThreadTerminate) refers to rtx_thread.o(i.osRtxThreadWaitExit) for osRtxThreadWaitExit
    rtx_thread.o(i.svcRtxThreadTerminate) refers to rtx_evr.o(i.EvrRtxThreadJoined) for EvrRtxThreadJoined
    rtx_thread.o(i.svcRtxThreadTerminate) refers to rtx_thread.o(i.osRtxThreadListGet) for osRtxThreadListGet
    rtx_thread.o(i.svcRtxThreadTerminate) refers to rtx_thread.o(i.osRtxThreadSwitch) for osRtxThreadSwitch
    rtx_thread.o(i.svcRtxThreadTerminate) refers to rtx_thread.o(i.osRtxThreadSetRunning) for osRtxThreadSetRunning
    rtx_thread.o(i.svcRtxThreadTerminate) refers to rtx_thread.o(i.osRtxThreadDispatch) for osRtxThreadDispatch
    rtx_thread.o(i.svcRtxThreadTerminate) refers to rtx_thread.o(i.osRtxThreadFree) for osRtxThreadFree
    rtx_thread.o(i.svcRtxThreadTerminate) refers to rtx_evr.o(i.EvrRtxThreadDestroyed) for EvrRtxThreadDestroyed
    rtx_thread.o(i.svcRtxThreadTerminate) refers to rtx_kernel.o(.data.os) for osRtxInfo
    rtx_thread.o(i.svcRtxThreadYield) refers to rtx_thread.o(i.osRtxKernelGetState) for osRtxKernelGetState
    rtx_thread.o(i.svcRtxThreadYield) refers to rtx_thread.o(i.osRtxThreadGetRunning) for osRtxThreadGetRunning
    rtx_thread.o(i.svcRtxThreadYield) refers to rtx_thread.o(i.osRtxThreadListRemove) for osRtxThreadListRemove
    rtx_thread.o(i.svcRtxThreadYield) refers to rtx_thread.o(i.osRtxThreadReadyPut) for osRtxThreadReadyPut
    rtx_thread.o(i.svcRtxThreadYield) refers to rtx_evr.o(i.EvrRtxThreadPreempted) for EvrRtxThreadPreempted
    rtx_thread.o(i.svcRtxThreadYield) refers to rtx_thread.o(i.osRtxThreadSwitch) for osRtxThreadSwitch
    rtx_thread.o(i.svcRtxThreadYield) refers to rtx_kernel.o(.data.os) for osRtxInfo
    rtx_timer.o(i.TimerInsert) refers to rtx_kernel.o(.data.os) for osRtxInfo
    rtx_timer.o(i.TimerRemove) refers to rtx_kernel.o(.data.os) for osRtxInfo
    rtx_timer.o(i.TimerUnlink) refers to rtx_kernel.o(.data.os) for osRtxInfo
    rtx_timer.o(i.osRtxTimerThread) refers to rtx_msgqueue.o(i.osMessageQueueNew) for osMessageQueueNew
    rtx_timer.o(i.osRtxTimerThread) refers to rtx_msgqueue.o(i.osMessageQueueGet) for osMessageQueueGet
    rtx_timer.o(i.osRtxTimerThread) refers to rtx_evr.o(i.EvrRtxTimerCallback) for EvrRtxTimerCallback
    rtx_timer.o(i.osRtxTimerThread) refers to rtx_lib.o(.rodata) for osRtxConfig
    rtx_timer.o(i.osRtxTimerThread) refers to rtx_kernel.o(.data.os) for osRtxInfo
    rtx_timer.o(i.osRtxTimerThread) refers to rtx_timer.o(i.osRtxTimerTick) for osRtxTimerTick
    rtx_timer.o(i.osRtxTimerTick) refers to rtx_timer.o(i.TimerUnlink) for TimerUnlink
    rtx_timer.o(i.osRtxTimerTick) refers to rtx_msgqueue.o(i.osMessageQueuePut) for osMessageQueuePut
    rtx_timer.o(i.osRtxTimerTick) refers to rtx_config.o(i.osRtxErrorNotify) for osRtxErrorNotify
    rtx_timer.o(i.osRtxTimerTick) refers to rtx_timer.o(i.TimerInsert) for TimerInsert
    rtx_timer.o(i.osRtxTimerTick) refers to rtx_kernel.o(.data.os) for osRtxInfo
    rtx_timer.o(i.osTimerDelete) refers to rtx_evr.o(i.EvrRtxTimerDelete) for EvrRtxTimerDelete
    rtx_timer.o(i.osTimerDelete) refers to rtx_timer.o(i.IsIrqMode) for IsIrqMode
    rtx_timer.o(i.osTimerDelete) refers to rtx_timer.o(i.IsIrqMasked) for IsIrqMasked
    rtx_timer.o(i.osTimerDelete) refers to rtx_evr.o(i.EvrRtxTimerError) for EvrRtxTimerError
    rtx_timer.o(i.osTimerDelete) refers to rtx_timer.o(i.svcRtxTimerDelete) for svcRtxTimerDelete
    rtx_timer.o(i.osTimerGetName) refers to rtx_timer.o(i.IsIrqMode) for IsIrqMode
    rtx_timer.o(i.osTimerGetName) refers to rtx_timer.o(i.IsIrqMasked) for IsIrqMasked
    rtx_timer.o(i.osTimerGetName) refers to rtx_evr.o(i.EvrRtxTimerGetName) for EvrRtxTimerGetName
    rtx_timer.o(i.osTimerGetName) refers to rtx_timer.o(i.svcRtxTimerGetName) for svcRtxTimerGetName
    rtx_timer.o(i.osTimerIsRunning) refers to rtx_timer.o(i.IsIrqMode) for IsIrqMode
    rtx_timer.o(i.osTimerIsRunning) refers to rtx_timer.o(i.IsIrqMasked) for IsIrqMasked
    rtx_timer.o(i.osTimerIsRunning) refers to rtx_evr.o(i.EvrRtxTimerIsRunning) for EvrRtxTimerIsRunning
    rtx_timer.o(i.osTimerIsRunning) refers to rtx_timer.o(i.svcRtxTimerIsRunning) for svcRtxTimerIsRunning
    rtx_timer.o(i.osTimerNew) refers to rtx_evr.o(i.EvrRtxTimerNew) for EvrRtxTimerNew
    rtx_timer.o(i.osTimerNew) refers to rtx_timer.o(i.IsIrqMode) for IsIrqMode
    rtx_timer.o(i.osTimerNew) refers to rtx_timer.o(i.IsIrqMasked) for IsIrqMasked
    rtx_timer.o(i.osTimerNew) refers to rtx_evr.o(i.EvrRtxTimerError) for EvrRtxTimerError
    rtx_timer.o(i.osTimerNew) refers to rtx_timer.o(i.svcRtxTimerNew) for svcRtxTimerNew
    rtx_timer.o(i.osTimerStart) refers to rtx_evr.o(i.EvrRtxTimerStart) for EvrRtxTimerStart
    rtx_timer.o(i.osTimerStart) refers to rtx_timer.o(i.IsIrqMode) for IsIrqMode
    rtx_timer.o(i.osTimerStart) refers to rtx_timer.o(i.IsIrqMasked) for IsIrqMasked
    rtx_timer.o(i.osTimerStart) refers to rtx_evr.o(i.EvrRtxTimerError) for EvrRtxTimerError
    rtx_timer.o(i.osTimerStart) refers to rtx_timer.o(i.svcRtxTimerStart) for svcRtxTimerStart
    rtx_timer.o(i.osTimerStop) refers to rtx_evr.o(i.EvrRtxTimerStop) for EvrRtxTimerStop
    rtx_timer.o(i.osTimerStop) refers to rtx_timer.o(i.IsIrqMode) for IsIrqMode
    rtx_timer.o(i.osTimerStop) refers to rtx_timer.o(i.IsIrqMasked) for IsIrqMasked
    rtx_timer.o(i.osTimerStop) refers to rtx_evr.o(i.EvrRtxTimerError) for EvrRtxTimerError
    rtx_timer.o(i.osTimerStop) refers to rtx_timer.o(i.svcRtxTimerStop) for svcRtxTimerStop
    rtx_timer.o(i.svcRtxTimerDelete) refers to rtx_evr.o(i.EvrRtxTimerError) for EvrRtxTimerError
    rtx_timer.o(i.svcRtxTimerDelete) refers to rtx_timer.o(i.TimerRemove) for TimerRemove
    rtx_timer.o(i.svcRtxTimerDelete) refers to rtx_mempool.o(i.osRtxMemoryPoolFree) for osRtxMemoryPoolFree
    rtx_timer.o(i.svcRtxTimerDelete) refers to rtx_memory.o(i.osRtxMemoryFree) for osRtxMemoryFree
    rtx_timer.o(i.svcRtxTimerDelete) refers to rtx_evr.o(i.EvrRtxTimerDestroyed) for EvrRtxTimerDestroyed
    rtx_timer.o(i.svcRtxTimerDelete) refers to rtx_kernel.o(.data.os) for osRtxInfo
    rtx_timer.o(i.svcRtxTimerGetName) refers to rtx_evr.o(i.EvrRtxTimerGetName) for EvrRtxTimerGetName
    rtx_timer.o(i.svcRtxTimerIsRunning) refers to rtx_evr.o(i.EvrRtxTimerIsRunning) for EvrRtxTimerIsRunning
    rtx_timer.o(i.svcRtxTimerNew) refers to rtx_evr.o(i.EvrRtxTimerError) for EvrRtxTimerError
    rtx_timer.o(i.svcRtxTimerNew) refers to rtx_mempool.o(i.osRtxMemoryPoolAlloc) for osRtxMemoryPoolAlloc
    rtx_timer.o(i.svcRtxTimerNew) refers to rtx_memory.o(i.osRtxMemoryAlloc) for osRtxMemoryAlloc
    rtx_timer.o(i.svcRtxTimerNew) refers to rtx_evr.o(i.EvrRtxTimerCreated) for EvrRtxTimerCreated
    rtx_timer.o(i.svcRtxTimerNew) refers to rtx_kernel.o(.data.os) for osRtxInfo
    rtx_timer.o(i.svcRtxTimerStart) refers to rtx_evr.o(i.EvrRtxTimerError) for EvrRtxTimerError
    rtx_timer.o(i.svcRtxTimerStart) refers to rtx_timer.o(i.TimerRemove) for TimerRemove
    rtx_timer.o(i.svcRtxTimerStart) refers to rtx_timer.o(i.TimerInsert) for TimerInsert
    rtx_timer.o(i.svcRtxTimerStart) refers to rtx_evr.o(i.EvrRtxTimerStarted) for EvrRtxTimerStarted
    rtx_timer.o(i.svcRtxTimerStart) refers to rtx_kernel.o(.data.os) for osRtxInfo
    rtx_timer.o(i.svcRtxTimerStop) refers to rtx_evr.o(i.EvrRtxTimerError) for EvrRtxTimerError
    rtx_timer.o(i.svcRtxTimerStop) refers to rtx_timer.o(i.TimerRemove) for TimerRemove
    rtx_timer.o(i.svcRtxTimerStop) refers to rtx_evr.o(i.EvrRtxTimerStopped) for EvrRtxTimerStopped
    os_systick.o(i.OS_Tick_Disable) refers to os_systick.o(.data) for PendST
    os_systick.o(i.OS_Tick_Enable) refers to os_systick.o(.data) for PendST
    os_systick.o(i.OS_Tick_GetClock) refers to system_lpc17xx.o(.data) for SystemCoreClock
    os_systick.o(i.OS_Tick_Setup) refers to system_lpc17xx.o(.data) for SystemCoreClock
    os_systick.o(i.OS_Tick_Setup) refers to os_systick.o(.data) for PendST
    startup_lpc17xx.o(RESET) refers to startup_lpc17xx.o(STACK) for __initial_sp
    startup_lpc17xx.o(RESET) refers to startup_lpc17xx.o(.text) for Reset_Handler
    startup_lpc17xx.o(RESET) refers to irq_cm3.o(.text) for SVC_Handler
    startup_lpc17xx.o(RESET) refers to uart.o(i.UART0_IRQHandler) for UART0_IRQHandler
    startup_lpc17xx.o(RESET) refers to uart.o(i.UART1_IRQHandler) for UART1_IRQHandler
    startup_lpc17xx.o(.text) refers to system_lpc17xx.o(i.SystemInit) for SystemInit
    startup_lpc17xx.o(.text) refers to entry.o(.ARM.Collect$$$$00000000) for __main
    system_lpc17xx.o(i.SystemCoreClockUpdate) refers to uldiv.o(.text) for __aeabi_uldivmod
    system_lpc17xx.o(i.SystemCoreClockUpdate) refers to system_lpc17xx.o(.data) for SystemCoreClock
    entry.o(.ARM.Collect$$$$00000000) refers (Special) to entry10a.o(.ARM.Collect$$$$0000000D) for __rt_final_cpp
    entry.o(.ARM.Collect$$$$00000000) refers (Special) to entry11a.o(.ARM.Collect$$$$0000000F) for __rt_final_exit
    entry.o(.ARM.Collect$$$$00000000) refers (Special) to entry7b.o(.ARM.Collect$$$$00000008) for _main_clock
    entry.o(.ARM.Collect$$$$00000000) refers (Special) to entry8b.o(.ARM.Collect$$$$0000000A) for _main_cpp_init
    entry.o(.ARM.Collect$$$$00000000) refers (Special) to entry9a.o(.ARM.Collect$$$$0000000B) for _main_init
    entry.o(.ARM.Collect$$$$00000000) refers (Special) to entry5.o(.ARM.Collect$$$$00000004) for _main_scatterload
    entry.o(.ARM.Collect$$$$00000000) refers (Special) to entry2.o(.ARM.Collect$$$$00000001) for _main_stk
    uldiv.o(.text) refers to llushr.o(.text) for __aeabi_llsr
    uldiv.o(.text) refers to llshl.o(.text) for __aeabi_llsl
    rand.o(.text) refers to rand.o(.data) for .data
    printfb.o(i.__0fprintf$bare) refers to printfb.o(i._printf_core) for _printf_core
    printfb.o(i.__0fprintf$bare) refers to retarget.o(i.fputc) for fputc
    printfb.o(i.__0printf$bare) refers to printfb.o(i._printf_core) for _printf_core
    printfb.o(i.__0printf$bare) refers to retarget.o(i.fputc) for fputc
    printfb.o(i.__0printf$bare) refers to retarget.o(.data) for __stdout
    printfb.o(i.__0snprintf$bare) refers to printfb.o(i._printf_core) for _printf_core
    printfb.o(i.__0snprintf$bare) refers to printfb.o(i._snputc) for _snputc
    printfb.o(i.__0sprintf$bare) refers to printfb.o(i._printf_core) for _printf_core
    printfb.o(i.__0sprintf$bare) refers to printfb.o(i._sputc) for _sputc
    printfb.o(i.__0vfprintf$bare) refers to printfb.o(i._printf_core) for _printf_core
    printfb.o(i.__0vfprintf$bare) refers to retarget.o(i.fputc) for fputc
    printfb.o(i.__0vprintf$bare) refers to printfb.o(i._printf_core) for _printf_core
    printfb.o(i.__0vprintf$bare) refers to retarget.o(i.fputc) for fputc
    printfb.o(i.__0vprintf$bare) refers to retarget.o(.data) for __stdout
    printfb.o(i.__0vsnprintf$bare) refers to printfb.o(i._printf_core) for _printf_core
    printfb.o(i.__0vsnprintf$bare) refers to printfb.o(i._snputc) for _snputc
    printfb.o(i.__0vsprintf$bare) refers to printfb.o(i._printf_core) for _printf_core
    printfb.o(i.__0vsprintf$bare) refers to printfb.o(i._sputc) for _sputc
    printf0.o(i.__0fprintf$0) refers to printf0.o(i._printf_core) for _printf_core
    printf0.o(i.__0fprintf$0) refers to retarget.o(i.fputc) for fputc
    printf0.o(i.__0printf$0) refers to printf0.o(i._printf_core) for _printf_core
    printf0.o(i.__0printf$0) refers to retarget.o(i.fputc) for fputc
    printf0.o(i.__0printf$0) refers to retarget.o(.data) for __stdout
    printf0.o(i.__0snprintf$0) refers to printf0.o(i._printf_core) for _printf_core
    printf0.o(i.__0snprintf$0) refers to printf0.o(i._snputc) for _snputc
    printf0.o(i.__0sprintf$0) refers to printf0.o(i._printf_core) for _printf_core
    printf0.o(i.__0sprintf$0) refers to printf0.o(i._sputc) for _sputc
    printf0.o(i.__0vfprintf$0) refers to printf0.o(i._printf_core) for _printf_core
    printf0.o(i.__0vfprintf$0) refers to retarget.o(i.fputc) for fputc
    printf0.o(i.__0vprintf$0) refers to printf0.o(i._printf_core) for _printf_core
    printf0.o(i.__0vprintf$0) refers to retarget.o(i.fputc) for fputc
    printf0.o(i.__0vprintf$0) refers to retarget.o(.data) for __stdout
    printf0.o(i.__0vsnprintf$0) refers to printf0.o(i._printf_core) for _printf_core
    printf0.o(i.__0vsnprintf$0) refers to printf0.o(i._snputc) for _snputc
    printf0.o(i.__0vsprintf$0) refers to printf0.o(i._printf_core) for _printf_core
    printf0.o(i.__0vsprintf$0) refers to printf0.o(i._sputc) for _sputc
    printf1.o(i.__0fprintf$1) refers to printf1.o(i._printf_core) for _printf_core
    printf1.o(i.__0fprintf$1) refers to retarget.o(i.fputc) for fputc
    printf1.o(i.__0printf$1) refers to printf1.o(i._printf_core) for _printf_core
    printf1.o(i.__0printf$1) refers to retarget.o(i.fputc) for fputc
    printf1.o(i.__0printf$1) refers to retarget.o(.data) for __stdout
    printf1.o(i.__0snprintf$1) refers to printf1.o(i._printf_core) for _printf_core
    printf1.o(i.__0snprintf$1) refers to printf1.o(i._snputc) for _snputc
    printf1.o(i.__0sprintf$1) refers to printf1.o(i._printf_core) for _printf_core
    printf1.o(i.__0sprintf$1) refers to printf1.o(i._sputc) for _sputc
    printf1.o(i.__0vfprintf$1) refers to printf1.o(i._printf_core) for _printf_core
    printf1.o(i.__0vfprintf$1) refers to retarget.o(i.fputc) for fputc
    printf1.o(i.__0vprintf$1) refers to printf1.o(i._printf_core) for _printf_core
    printf1.o(i.__0vprintf$1) refers to retarget.o(i.fputc) for fputc
    printf1.o(i.__0vprintf$1) refers to retarget.o(.data) for __stdout
    printf1.o(i.__0vsnprintf$1) refers to printf1.o(i._printf_core) for _printf_core
    printf1.o(i.__0vsnprintf$1) refers to printf1.o(i._snputc) for _snputc
    printf1.o(i.__0vsprintf$1) refers to printf1.o(i._printf_core) for _printf_core
    printf1.o(i.__0vsprintf$1) refers to printf1.o(i._sputc) for _sputc
    printf1.o(i._printf_core) refers to uidiv.o(.text) for __aeabi_uidivmod
    printf2.o(i.__0fprintf$2) refers to printf2.o(i._printf_core) for _printf_core
    printf2.o(i.__0fprintf$2) refers to retarget.o(i.fputc) for fputc
    printf2.o(i.__0printf$2) refers to printf2.o(i._printf_core) for _printf_core
    printf2.o(i.__0printf$2) refers to retarget.o(i.fputc) for fputc
    printf2.o(i.__0printf$2) refers to retarget.o(.data) for __stdout
    printf2.o(i.__0snprintf$2) refers to printf2.o(i._printf_core) for _printf_core
    printf2.o(i.__0snprintf$2) refers to printf2.o(i._snputc) for _snputc
    printf2.o(i.__0sprintf$2) refers to printf2.o(i._printf_core) for _printf_core
    printf2.o(i.__0sprintf$2) refers to printf2.o(i._sputc) for _sputc
    printf2.o(i.__0vfprintf$2) refers to printf2.o(i._printf_core) for _printf_core
    printf2.o(i.__0vfprintf$2) refers to retarget.o(i.fputc) for fputc
    printf2.o(i.__0vprintf$2) refers to printf2.o(i._printf_core) for _printf_core
    printf2.o(i.__0vprintf$2) refers to retarget.o(i.fputc) for fputc
    printf2.o(i.__0vprintf$2) refers to retarget.o(.data) for __stdout
    printf2.o(i.__0vsnprintf$2) refers to printf2.o(i._printf_core) for _printf_core
    printf2.o(i.__0vsnprintf$2) refers to printf2.o(i._snputc) for _snputc
    printf2.o(i.__0vsprintf$2) refers to printf2.o(i._printf_core) for _printf_core
    printf2.o(i.__0vsprintf$2) refers to printf2.o(i._sputc) for _sputc
    printf3.o(i.__0fprintf$3) refers to printf3.o(i._printf_core) for _printf_core
    printf3.o(i.__0fprintf$3) refers to retarget.o(i.fputc) for fputc
    printf3.o(i.__0printf$3) refers to printf3.o(i._printf_core) for _printf_core
    printf3.o(i.__0printf$3) refers to retarget.o(i.fputc) for fputc
    printf3.o(i.__0printf$3) refers to retarget.o(.data) for __stdout
    printf3.o(i.__0snprintf$3) refers to printf3.o(i._printf_core) for _printf_core
    printf3.o(i.__0snprintf$3) refers to printf3.o(i._snputc) for _snputc
    printf3.o(i.__0sprintf$3) refers to printf3.o(i._printf_core) for _printf_core
    printf3.o(i.__0sprintf$3) refers to printf3.o(i._sputc) for _sputc
    printf3.o(i.__0vfprintf$3) refers to printf3.o(i._printf_core) for _printf_core
    printf3.o(i.__0vfprintf$3) refers to retarget.o(i.fputc) for fputc
    printf3.o(i.__0vprintf$3) refers to printf3.o(i._printf_core) for _printf_core
    printf3.o(i.__0vprintf$3) refers to retarget.o(i.fputc) for fputc
    printf3.o(i.__0vprintf$3) refers to retarget.o(.data) for __stdout
    printf3.o(i.__0vsnprintf$3) refers to printf3.o(i._printf_core) for _printf_core
    printf3.o(i.__0vsnprintf$3) refers to printf3.o(i._snputc) for _snputc
    printf3.o(i.__0vsprintf$3) refers to printf3.o(i._printf_core) for _printf_core
    printf3.o(i.__0vsprintf$3) refers to printf3.o(i._sputc) for _sputc
    printf3.o(i._printf_core) refers to uidiv.o(.text) for __aeabi_uidivmod
    printf4.o(i.__0fprintf$4) refers to printf4.o(i._printf_core) for _printf_core
    printf4.o(i.__0fprintf$4) refers to retarget.o(i.fputc) for fputc
    printf4.o(i.__0printf$4) refers to printf4.o(i._printf_core) for _printf_core
    printf4.o(i.__0printf$4) refers to retarget.o(i.fputc) for fputc
    printf4.o(i.__0printf$4) refers to retarget.o(.data) for __stdout
    printf4.o(i.__0snprintf$4) refers to printf4.o(i._printf_core) for _printf_core
    printf4.o(i.__0snprintf$4) refers to printf4.o(i._snputc) for _snputc
    printf4.o(i.__0sprintf$4) refers to printf4.o(i._printf_core) for _printf_core
    printf4.o(i.__0sprintf$4) refers to printf4.o(i._sputc) for _sputc
    printf4.o(i.__0vfprintf$4) refers to printf4.o(i._printf_core) for _printf_core
    printf4.o(i.__0vfprintf$4) refers to retarget.o(i.fputc) for fputc
    printf4.o(i.__0vprintf$4) refers to printf4.o(i._printf_core) for _printf_core
    printf4.o(i.__0vprintf$4) refers to retarget.o(i.fputc) for fputc
    printf4.o(i.__0vprintf$4) refers to retarget.o(.data) for __stdout
    printf4.o(i.__0vsnprintf$4) refers to printf4.o(i._printf_core) for _printf_core
    printf4.o(i.__0vsnprintf$4) refers to printf4.o(i._snputc) for _snputc
    printf4.o(i.__0vsprintf$4) refers to printf4.o(i._printf_core) for _printf_core
    printf4.o(i.__0vsprintf$4) refers to printf4.o(i._sputc) for _sputc
    printf4.o(i._printf_core) refers to uldiv.o(.text) for __aeabi_uldivmod
    printf5.o(i.__0fprintf$5) refers to printf5.o(i._printf_core) for _printf_core
    printf5.o(i.__0fprintf$5) refers to retarget.o(i.fputc) for fputc
    printf5.o(i.__0printf$5) refers to printf5.o(i._printf_core) for _printf_core
    printf5.o(i.__0printf$5) refers to retarget.o(i.fputc) for fputc
    printf5.o(i.__0printf$5) refers to retarget.o(.data) for __stdout
    printf5.o(i.__0snprintf$5) refers to printf5.o(i._printf_core) for _printf_core
    printf5.o(i.__0snprintf$5) refers to printf5.o(i._snputc) for _snputc
    printf5.o(i.__0sprintf$5) refers to printf5.o(i._printf_core) for _printf_core
    printf5.o(i.__0sprintf$5) refers to printf5.o(i._sputc) for _sputc
    printf5.o(i.__0vfprintf$5) refers to printf5.o(i._printf_core) for _printf_core
    printf5.o(i.__0vfprintf$5) refers to retarget.o(i.fputc) for fputc
    printf5.o(i.__0vprintf$5) refers to printf5.o(i._printf_core) for _printf_core
    printf5.o(i.__0vprintf$5) refers to retarget.o(i.fputc) for fputc
    printf5.o(i.__0vprintf$5) refers to retarget.o(.data) for __stdout
    printf5.o(i.__0vsnprintf$5) refers to printf5.o(i._printf_core) for _printf_core
    printf5.o(i.__0vsnprintf$5) refers to printf5.o(i._snputc) for _snputc
    printf5.o(i.__0vsprintf$5) refers to printf5.o(i._printf_core) for _printf_core
    printf5.o(i.__0vsprintf$5) refers to printf5.o(i._sputc) for _sputc
    printf5.o(i._printf_core) refers to uldiv.o(.text) for __aeabi_uldivmod
    printf6.o(i.__0fprintf$6) refers to printf6.o(i._printf_core) for _printf_core
    printf6.o(i.__0fprintf$6) refers to retarget.o(i.fputc) for fputc
    printf6.o(i.__0printf$6) refers to printf6.o(i._printf_core) for _printf_core
    printf6.o(i.__0printf$6) refers to retarget.o(i.fputc) for fputc
    printf6.o(i.__0printf$6) refers to retarget.o(.data) for __stdout
    printf6.o(i.__0snprintf$6) refers to printf6.o(i._printf_core) for _printf_core
    printf6.o(i.__0snprintf$6) refers to printf6.o(i._snputc) for _snputc
    printf6.o(i.__0sprintf$6) refers to printf6.o(i._printf_core) for _printf_core
    printf6.o(i.__0sprintf$6) refers to printf6.o(i._sputc) for _sputc
    printf6.o(i.__0vfprintf$6) refers to printf6.o(i._printf_core) for _printf_core
    printf6.o(i.__0vfprintf$6) refers to retarget.o(i.fputc) for fputc
    printf6.o(i.__0vprintf$6) refers to printf6.o(i._printf_core) for _printf_core
    printf6.o(i.__0vprintf$6) refers to retarget.o(i.fputc) for fputc
    printf6.o(i.__0vprintf$6) refers to retarget.o(.data) for __stdout
    printf6.o(i.__0vsnprintf$6) refers to printf6.o(i._printf_core) for _printf_core
    printf6.o(i.__0vsnprintf$6) refers to printf6.o(i._snputc) for _snputc
    printf6.o(i.__0vsprintf$6) refers to printf6.o(i._printf_core) for _printf_core
    printf6.o(i.__0vsprintf$6) refers to printf6.o(i._sputc) for _sputc
    printf6.o(i._printf_core) refers to printf6.o(i._printf_pre_padding) for _printf_pre_padding
    printf6.o(i._printf_core) refers to uidiv.o(.text) for __aeabi_uidivmod
    printf6.o(i._printf_core) refers to printf6.o(i._printf_post_padding) for _printf_post_padding
    printf7.o(i.__0fprintf$7) refers to printf7.o(i._printf_core) for _printf_core
    printf7.o(i.__0fprintf$7) refers to retarget.o(i.fputc) for fputc
    printf7.o(i.__0printf$7) refers to printf7.o(i._printf_core) for _printf_core
    printf7.o(i.__0printf$7) refers to retarget.o(i.fputc) for fputc
    printf7.o(i.__0printf$7) refers to retarget.o(.data) for __stdout
    printf7.o(i.__0snprintf$7) refers to printf7.o(i._printf_core) for _printf_core
    printf7.o(i.__0snprintf$7) refers to printf7.o(i._snputc) for _snputc
    printf7.o(i.__0sprintf$7) refers to printf7.o(i._printf_core) for _printf_core
    printf7.o(i.__0sprintf$7) refers to printf7.o(i._sputc) for _sputc
    printf7.o(i.__0vfprintf$7) refers to printf7.o(i._printf_core) for _printf_core
    printf7.o(i.__0vfprintf$7) refers to retarget.o(i.fputc) for fputc
    printf7.o(i.__0vprintf$7) refers to printf7.o(i._printf_core) for _printf_core
    printf7.o(i.__0vprintf$7) refers to retarget.o(i.fputc) for fputc
    printf7.o(i.__0vprintf$7) refers to retarget.o(.data) for __stdout
    printf7.o(i.__0vsnprintf$7) refers to printf7.o(i._printf_core) for _printf_core
    printf7.o(i.__0vsnprintf$7) refers to printf7.o(i._snputc) for _snputc
    printf7.o(i.__0vsprintf$7) refers to printf7.o(i._printf_core) for _printf_core
    printf7.o(i.__0vsprintf$7) refers to printf7.o(i._sputc) for _sputc
    printf7.o(i._printf_core) refers to printf7.o(i._printf_pre_padding) for _printf_pre_padding
    printf7.o(i._printf_core) refers to uldiv.o(.text) for __aeabi_uldivmod
    printf7.o(i._printf_core) refers to printf7.o(i._printf_post_padding) for _printf_post_padding
    printf8.o(i.__0fprintf$8) refers to printf8.o(i._printf_core) for _printf_core
    printf8.o(i.__0fprintf$8) refers to retarget.o(i.fputc) for fputc
    printf8.o(i.__0printf$8) refers to printf8.o(i._printf_core) for _printf_core
    printf8.o(i.__0printf$8) refers to retarget.o(i.fputc) for fputc
    printf8.o(i.__0printf$8) refers to retarget.o(.data) for __stdout
    printf8.o(i.__0snprintf$8) refers to printf8.o(i._printf_core) for _printf_core
    printf8.o(i.__0snprintf$8) refers to printf8.o(i._snputc) for _snputc
    printf8.o(i.__0sprintf$8) refers to printf8.o(i._printf_core) for _printf_core
    printf8.o(i.__0sprintf$8) refers to printf8.o(i._sputc) for _sputc
    printf8.o(i.__0vfprintf$8) refers to printf8.o(i._printf_core) for _printf_core
    printf8.o(i.__0vfprintf$8) refers to retarget.o(i.fputc) for fputc
    printf8.o(i.__0vprintf$8) refers to printf8.o(i._printf_core) for _printf_core
    printf8.o(i.__0vprintf$8) refers to retarget.o(i.fputc) for fputc
    printf8.o(i.__0vprintf$8) refers to retarget.o(.data) for __stdout
    printf8.o(i.__0vsnprintf$8) refers to printf8.o(i._printf_core) for _printf_core
    printf8.o(i.__0vsnprintf$8) refers to printf8.o(i._snputc) for _snputc
    printf8.o(i.__0vsprintf$8) refers to printf8.o(i._printf_core) for _printf_core
    printf8.o(i.__0vsprintf$8) refers to printf8.o(i._sputc) for _sputc
    printf8.o(i._printf_core) refers to printf8.o(i._printf_pre_padding) for _printf_pre_padding
    printf8.o(i._printf_core) refers to uldiv.o(.text) for __aeabi_uldivmod
    printf8.o(i._printf_core) refers to printf8.o(i._printf_post_padding) for _printf_post_padding
    printfa.o(i.__0fprintf) refers (Special) to iusefp.o(.text) for __I$use$fp
    printfa.o(i.__0fprintf) refers to printfa.o(i._printf_core) for _printf_core
    printfa.o(i.__0fprintf) refers to retarget.o(i.fputc) for fputc
    printfa.o(i.__0printf) refers (Special) to iusefp.o(.text) for __I$use$fp
    printfa.o(i.__0printf) refers to printfa.o(i._printf_core) for _printf_core
    printfa.o(i.__0printf) refers to retarget.o(i.fputc) for fputc
    printfa.o(i.__0printf) refers to retarget.o(.data) for __stdout
    printfa.o(i.__0snprintf) refers (Special) to iusefp.o(.text) for __I$use$fp
    printfa.o(i.__0snprintf) refers to printfa.o(i._printf_core) for _printf_core
    printfa.o(i.__0snprintf) refers to printfa.o(i._snputc) for _snputc
    printfa.o(i.__0sprintf) refers (Special) to iusefp.o(.text) for __I$use$fp
    printfa.o(i.__0sprintf) refers to printfa.o(i._printf_core) for _printf_core
    printfa.o(i.__0sprintf) refers to printfa.o(i._sputc) for _sputc
    printfa.o(i.__0vfprintf) refers (Special) to iusefp.o(.text) for __I$use$fp
    printfa.o(i.__0vfprintf) refers to printfa.o(i._printf_core) for _printf_core
    printfa.o(i.__0vfprintf) refers to retarget.o(i.fputc) for fputc
    printfa.o(i.__0vprintf) refers (Special) to iusefp.o(.text) for __I$use$fp
    printfa.o(i.__0vprintf) refers to printfa.o(i._printf_core) for _printf_core
    printfa.o(i.__0vprintf) refers to retarget.o(i.fputc) for fputc
    printfa.o(i.__0vprintf) refers to retarget.o(.data) for __stdout
    printfa.o(i.__0vsnprintf) refers (Special) to iusefp.o(.text) for __I$use$fp
    printfa.o(i.__0vsnprintf) refers to printfa.o(i._printf_core) for _printf_core
    printfa.o(i.__0vsnprintf) refers to printfa.o(i._snputc) for _snputc
    printfa.o(i.__0vsprintf) refers (Special) to iusefp.o(.text) for __I$use$fp
    printfa.o(i.__0vsprintf) refers to printfa.o(i._printf_core) for _printf_core
    printfa.o(i.__0vsprintf) refers to printfa.o(i._sputc) for _sputc
    printfa.o(i._fp_digits) refers (Special) to iusefp.o(.text) for __I$use$fp
    printfa.o(i._fp_digits) refers to dmul.o(.text) for __aeabi_dmul
    printfa.o(i._fp_digits) refers to ddiv.o(.text) for __aeabi_ddiv
    printfa.o(i._fp_digits) refers to cdrcmple.o(.text) for __aeabi_cdrcmple
    printfa.o(i._fp_digits) refers to dadd.o(.text) for __aeabi_dadd
    printfa.o(i._fp_digits) refers to dfixul.o(.text) for __aeabi_d2ulz
    printfa.o(i._fp_digits) refers to uldiv.o(.text) for __aeabi_uldivmod
    printfa.o(i._printf_core) refers (Special) to iusefp.o(.text) for __I$use$fp
    printfa.o(i._printf_core) refers to printfa.o(i._printf_pre_padding) for _printf_pre_padding
    printfa.o(i._printf_core) refers to uldiv.o(.text) for __aeabi_uldivmod
    printfa.o(i._printf_core) refers to printfa.o(i._printf_post_padding) for _printf_post_padding
    printfa.o(i._printf_core) refers to printfa.o(i._fp_digits) for _fp_digits
    printfa.o(i._printf_core) refers to uidiv.o(.text) for __aeabi_uidivmod
    printfa.o(i._printf_post_padding) refers (Special) to iusefp.o(.text) for __I$use$fp
    printfa.o(i._printf_pre_padding) refers (Special) to iusefp.o(.text) for __I$use$fp
    printfa.o(i._snputc) refers (Special) to iusefp.o(.text) for __I$use$fp
    printfa.o(i._sputc) refers (Special) to iusefp.o(.text) for __I$use$fp
    entry2.o(.ARM.Collect$$$$00000001) refers to entry2.o(.ARM.Collect$$$$00002712) for __lit__00000000
    entry2.o(.ARM.Collect$$$$00002712) refers to startup_lpc17xx.o(STACK) for __initial_sp
    entry2.o(__vectab_stack_and_reset_area) refers to startup_lpc17xx.o(STACK) for __initial_sp
    entry2.o(__vectab_stack_and_reset_area) refers to entry.o(.ARM.Collect$$$$00000000) for __main
    entry5.o(.ARM.Collect$$$$00000004) refers to init.o(.text) for __scatterload
    entry9a.o(.ARM.Collect$$$$0000000B) refers to main.o(i.main) for main
    entry9b.o(.ARM.Collect$$$$0000000C) refers to main.o(i.main) for main
    dadd.o(.text) refers to llshl.o(.text) for __aeabi_llsl
    dadd.o(.text) refers to llsshr.o(.text) for __aeabi_lasr
    dadd.o(.text) refers to depilogue.o(.text) for _double_epilogue
    dmul.o(.text) refers to depilogue.o(.text) for _double_epilogue
    ddiv.o(.text) refers to depilogue.o(.text) for _double_round
    dfixul.o(.text) refers to llushr.o(.text) for __aeabi_llsr
    dfixul.o(.text) refers to llshl.o(.text) for __aeabi_llsl
    init.o(.text) refers to entry5.o(.ARM.Collect$$$$00000004) for __main_after_scatterload
    depilogue.o(.text) refers to llshl.o(.text) for __aeabi_llsl
    depilogue.o(.text) refers to llushr.o(.text) for __aeabi_llsr


==============================================================================

Removing Unused input sections from the image.

    Removing glcd_spi_lpc1700.o(.rev16_text), (4 bytes).
    Removing glcd_spi_lpc1700.o(.revsh_text), (4 bytes).
    Removing glcd_spi_lpc1700.o(.rrx_text), (6 bytes).
    Removing glcd_spi_lpc1700.o(i.GLCD_Bargraph), (104 bytes).
    Removing glcd_spi_lpc1700.o(i.GLCD_Bitmap), (82 bytes).
    Removing glcd_spi_lpc1700.o(i.GLCD_ClearLn), (94 bytes).
    Removing glcd_spi_lpc1700.o(i.GLCD_ScrollVertical), (2 bytes).
    Removing glcd_spi_lpc1700.o(i.GLCD_WrCmd), (12 bytes).
    Removing glcd_spi_lpc1700.o(i.GLCD_WrReg), (16 bytes).
    Removing lfsr113.o(i.lfsr113), (144 bytes).
    Removing lfsr113.o(.data), (16 bytes).
    Removing random.o(i.next_event), (20 bytes).
    Removing random.o(.data), (1024 bytes).
    Removing retarget.o(i._sys_exit), (4 bytes).
    Removing retarget.o(i._ttywrch), (12 bytes).
    Removing retarget.o(i.ferror), (8 bytes).
    Removing retarget.o(i.fgetc), (20 bytes).
    Removing retarget.o(i.getkey), (36 bytes).
    Removing uart.o(.rev16_text), (4 bytes).
    Removing uart.o(.revsh_text), (4 bytes).
    Removing uart.o(.rrx_text), (6 bytes).
    Removing uart.o(i.Lock), (28 bytes).
    Removing uart.o(i.LockRcv), (36 bytes).
    Removing uart.o(i.LockSnd), (36 bytes).
    Removing uart.o(i.UARTReceiveChar), (36 bytes).
    Removing uart.o(i.UARTRecieve), (160 bytes).
    Removing uart.o(i.UARTSend), (132 bytes).
    Removing main.o(.rev16_text), (4 bytes).
    Removing main.o(.revsh_text), (4 bytes).
    Removing main.o(.rrx_text), (6 bytes).
    Removing peripheral.o(.rev16_text), (4 bytes).
    Removing peripheral.o(.revsh_text), (4 bytes).
    Removing peripheral.o(.rrx_text), (6 bytes).
    Removing peripheral.o(i.JOYvalue), (40 bytes).
    Removing peripheral.o(i.POTvalue), (40 bytes).
    Removing peripheral.o(i.codeToColor), (34 bytes).
    Removing irq_cm3.o(.constdata), (1 bytes).
    Removing rtx_delay.o(.rev16_text), (4 bytes).
    Removing rtx_delay.o(.revsh_text), (4 bytes).
    Removing rtx_delay.o(.rrx_text), (6 bytes).
    Removing rtx_delay.o(.emb_text), (340 bytes).
    Removing rtx_delay.o(i.osDelayUntil), (60 bytes).
    Removing rtx_delay.o(i.svcRtxDelayUntil), (56 bytes).
    Removing rtx_evflags.o(.rev16_text), (4 bytes).
    Removing rtx_evflags.o(.revsh_text), (4 bytes).
    Removing rtx_evflags.o(.rrx_text), (6 bytes).
    Removing rtx_evflags.o(.emb_text), (340 bytes).
    Removing rtx_evflags.o(i.EventFlagsCheck), (86 bytes).
    Removing rtx_evflags.o(i.EventFlagsClear), (22 bytes).
    Removing rtx_evflags.o(i.EventFlagsSet), (22 bytes).
    Removing rtx_evflags.o(i.IsIrqMasked), (24 bytes).
    Removing rtx_evflags.o(i.IsIrqMode), (16 bytes).
    Removing rtx_evflags.o(i.isrRtxEventFlagsSet), (100 bytes).
    Removing rtx_evflags.o(i.isrRtxEventFlagsWait), (122 bytes).
    Removing rtx_evflags.o(i.osEventFlagsClear), (64 bytes).
    Removing rtx_evflags.o(i.osEventFlagsDelete), (60 bytes).
    Removing rtx_evflags.o(i.osEventFlagsGet), (48 bytes).
    Removing rtx_evflags.o(i.osEventFlagsGetName), (52 bytes).
    Removing rtx_evflags.o(i.osEventFlagsNew), (60 bytes).
    Removing rtx_evflags.o(i.osEventFlagsSet), (64 bytes).
    Removing rtx_evflags.o(i.osEventFlagsWait), (84 bytes).
    Removing rtx_evflags.o(i.osRtxEventFlagsPostProcess), (76 bytes).
    Removing rtx_evflags.o(i.svcRtxEventFlagsClear), (88 bytes).
    Removing rtx_evflags.o(i.svcRtxEventFlagsDelete), (160 bytes).
    Removing rtx_evflags.o(i.svcRtxEventFlagsGet), (58 bytes).
    Removing rtx_evflags.o(i.svcRtxEventFlagsGetName), (58 bytes).
    Removing rtx_evflags.o(i.svcRtxEventFlagsNew), (168 bytes).
    Removing rtx_evflags.o(i.svcRtxEventFlagsSet), (174 bytes).
    Removing rtx_evflags.o(i.svcRtxEventFlagsWait), (212 bytes).
    Removing rtx_evr.o(.rev16_text), (4 bytes).
    Removing rtx_evr.o(.revsh_text), (4 bytes).
    Removing rtx_evr.o(.rrx_text), (6 bytes).
    Removing rtx_evr.o(i.EvrRtxEventFlagsClear), (2 bytes).
    Removing rtx_evr.o(i.EvrRtxEventFlagsClearDone), (2 bytes).
    Removing rtx_evr.o(i.EvrRtxEventFlagsCreated), (2 bytes).
    Removing rtx_evr.o(i.EvrRtxEventFlagsDelete), (2 bytes).
    Removing rtx_evr.o(i.EvrRtxEventFlagsDestroyed), (2 bytes).
    Removing rtx_evr.o(i.EvrRtxEventFlagsError), (2 bytes).
    Removing rtx_evr.o(i.EvrRtxEventFlagsGet), (2 bytes).
    Removing rtx_evr.o(i.EvrRtxEventFlagsGetName), (2 bytes).
    Removing rtx_evr.o(i.EvrRtxEventFlagsNew), (2 bytes).
    Removing rtx_evr.o(i.EvrRtxEventFlagsSet), (2 bytes).
    Removing rtx_evr.o(i.EvrRtxEventFlagsSetDone), (2 bytes).
    Removing rtx_evr.o(i.EvrRtxEventFlagsWait), (2 bytes).
    Removing rtx_evr.o(i.EvrRtxEventFlagsWaitCompleted), (2 bytes).
    Removing rtx_evr.o(i.EvrRtxEventFlagsWaitNotCompleted), (2 bytes).
    Removing rtx_evr.o(i.EvrRtxEventFlagsWaitPending), (2 bytes).
    Removing rtx_evr.o(i.EvrRtxKernelError), (2 bytes).
    Removing rtx_evr.o(i.EvrRtxKernelGetInfo), (2 bytes).
    Removing rtx_evr.o(i.EvrRtxKernelGetState), (2 bytes).
    Removing rtx_evr.o(i.EvrRtxKernelGetSysTimerCount), (2 bytes).
    Removing rtx_evr.o(i.EvrRtxKernelGetTickCount), (2 bytes).
    Removing rtx_evr.o(i.EvrRtxKernelGetTickFreq), (2 bytes).
    Removing rtx_evr.o(i.EvrRtxKernelInfoRetrieved), (2 bytes).
    Removing rtx_evr.o(i.EvrRtxKernelInitialize), (2 bytes).
    Removing rtx_evr.o(i.EvrRtxKernelInitializeCompleted), (2 bytes).
    Removing rtx_evr.o(i.EvrRtxKernelLock), (2 bytes).
    Removing rtx_evr.o(i.EvrRtxKernelLockRestored), (2 bytes).
    Removing rtx_evr.o(i.EvrRtxKernelLocked), (2 bytes).
    Removing rtx_evr.o(i.EvrRtxKernelRestoreLock), (2 bytes).
    Removing rtx_evr.o(i.EvrRtxKernelResume), (2 bytes).
    Removing rtx_evr.o(i.EvrRtxKernelResumed), (2 bytes).
    Removing rtx_evr.o(i.EvrRtxKernelStart), (2 bytes).
    Removing rtx_evr.o(i.EvrRtxKernelStarted), (2 bytes).
    Removing rtx_evr.o(i.EvrRtxKernelSuspend), (2 bytes).
    Removing rtx_evr.o(i.EvrRtxKernelSuspended), (2 bytes).
    Removing rtx_evr.o(i.EvrRtxKernelUnlock), (2 bytes).
    Removing rtx_evr.o(i.EvrRtxKernelUnlocked), (2 bytes).
    Removing rtx_evr.o(i.EvrRtxMemoryAlloc), (2 bytes).
    Removing rtx_evr.o(i.EvrRtxMemoryBlockAlloc), (2 bytes).
    Removing rtx_evr.o(i.EvrRtxMemoryBlockFree), (2 bytes).
    Removing rtx_evr.o(i.EvrRtxMemoryBlockInit), (2 bytes).
    Removing rtx_evr.o(i.EvrRtxMemoryFree), (2 bytes).
    Removing rtx_evr.o(i.EvrRtxMemoryInit), (2 bytes).
    Removing rtx_evr.o(i.EvrRtxMemoryPoolAlloc), (2 bytes).
    Removing rtx_evr.o(i.EvrRtxMemoryPoolAllocFailed), (2 bytes).
    Removing rtx_evr.o(i.EvrRtxMemoryPoolAllocPending), (2 bytes).
    Removing rtx_evr.o(i.EvrRtxMemoryPoolAllocated), (2 bytes).
    Removing rtx_evr.o(i.EvrRtxMemoryPoolCreated), (2 bytes).
    Removing rtx_evr.o(i.EvrRtxMemoryPoolDeallocated), (2 bytes).
    Removing rtx_evr.o(i.EvrRtxMemoryPoolDelete), (2 bytes).
    Removing rtx_evr.o(i.EvrRtxMemoryPoolDestroyed), (2 bytes).
    Removing rtx_evr.o(i.EvrRtxMemoryPoolError), (2 bytes).
    Removing rtx_evr.o(i.EvrRtxMemoryPoolFree), (2 bytes).
    Removing rtx_evr.o(i.EvrRtxMemoryPoolFreeFailed), (2 bytes).
    Removing rtx_evr.o(i.EvrRtxMemoryPoolGetBlockSize), (2 bytes).
    Removing rtx_evr.o(i.EvrRtxMemoryPoolGetCapacity), (2 bytes).
    Removing rtx_evr.o(i.EvrRtxMemoryPoolGetCount), (2 bytes).
    Removing rtx_evr.o(i.EvrRtxMemoryPoolGetName), (2 bytes).
    Removing rtx_evr.o(i.EvrRtxMemoryPoolGetSpace), (2 bytes).
    Removing rtx_evr.o(i.EvrRtxMemoryPoolNew), (2 bytes).
    Removing rtx_evr.o(i.EvrRtxMessageQueueCreated), (2 bytes).
    Removing rtx_evr.o(i.EvrRtxMessageQueueDelete), (2 bytes).
    Removing rtx_evr.o(i.EvrRtxMessageQueueDestroyed), (2 bytes).
    Removing rtx_evr.o(i.EvrRtxMessageQueueError), (2 bytes).
    Removing rtx_evr.o(i.EvrRtxMessageQueueGet), (2 bytes).
    Removing rtx_evr.o(i.EvrRtxMessageQueueGetCapacity), (2 bytes).
    Removing rtx_evr.o(i.EvrRtxMessageQueueGetCount), (2 bytes).
    Removing rtx_evr.o(i.EvrRtxMessageQueueGetMsgSize), (2 bytes).
    Removing rtx_evr.o(i.EvrRtxMessageQueueGetName), (2 bytes).
    Removing rtx_evr.o(i.EvrRtxMessageQueueGetPending), (2 bytes).
    Removing rtx_evr.o(i.EvrRtxMessageQueueGetSpace), (2 bytes).
    Removing rtx_evr.o(i.EvrRtxMessageQueueInsertPending), (2 bytes).
    Removing rtx_evr.o(i.EvrRtxMessageQueueInserted), (2 bytes).
    Removing rtx_evr.o(i.EvrRtxMessageQueueNew), (2 bytes).
    Removing rtx_evr.o(i.EvrRtxMessageQueueNotInserted), (2 bytes).
    Removing rtx_evr.o(i.EvrRtxMessageQueueNotRetrieved), (2 bytes).
    Removing rtx_evr.o(i.EvrRtxMessageQueuePut), (2 bytes).
    Removing rtx_evr.o(i.EvrRtxMessageQueuePutPending), (2 bytes).
    Removing rtx_evr.o(i.EvrRtxMessageQueueReset), (2 bytes).
    Removing rtx_evr.o(i.EvrRtxMessageQueueResetDone), (2 bytes).
    Removing rtx_evr.o(i.EvrRtxMessageQueueRetrieved), (2 bytes).
    Removing rtx_evr.o(i.EvrRtxMutexAcquire), (2 bytes).
    Removing rtx_evr.o(i.EvrRtxMutexAcquirePending), (2 bytes).
    Removing rtx_evr.o(i.EvrRtxMutexAcquired), (2 bytes).
    Removing rtx_evr.o(i.EvrRtxMutexCreated), (2 bytes).
    Removing rtx_evr.o(i.EvrRtxMutexDelete), (2 bytes).
    Removing rtx_evr.o(i.EvrRtxMutexDestroyed), (2 bytes).
    Removing rtx_evr.o(i.EvrRtxMutexError), (2 bytes).
    Removing rtx_evr.o(i.EvrRtxMutexGetName), (2 bytes).
    Removing rtx_evr.o(i.EvrRtxMutexGetOwner), (2 bytes).
    Removing rtx_evr.o(i.EvrRtxMutexNew), (2 bytes).
    Removing rtx_evr.o(i.EvrRtxMutexNotAcquired), (2 bytes).
    Removing rtx_evr.o(i.EvrRtxMutexRelease), (2 bytes).
    Removing rtx_evr.o(i.EvrRtxMutexReleased), (2 bytes).
    Removing rtx_evr.o(i.EvrRtxSemaphoreAcquire), (2 bytes).
    Removing rtx_evr.o(i.EvrRtxSemaphoreAcquirePending), (2 bytes).
    Removing rtx_evr.o(i.EvrRtxSemaphoreAcquired), (2 bytes).
    Removing rtx_evr.o(i.EvrRtxSemaphoreCreated), (2 bytes).
    Removing rtx_evr.o(i.EvrRtxSemaphoreDelete), (2 bytes).
    Removing rtx_evr.o(i.EvrRtxSemaphoreDestroyed), (2 bytes).
    Removing rtx_evr.o(i.EvrRtxSemaphoreError), (2 bytes).
    Removing rtx_evr.o(i.EvrRtxSemaphoreGetCount), (2 bytes).
    Removing rtx_evr.o(i.EvrRtxSemaphoreGetName), (2 bytes).
    Removing rtx_evr.o(i.EvrRtxSemaphoreNew), (2 bytes).
    Removing rtx_evr.o(i.EvrRtxSemaphoreNotAcquired), (2 bytes).
    Removing rtx_evr.o(i.EvrRtxSemaphoreRelease), (2 bytes).
    Removing rtx_evr.o(i.EvrRtxSemaphoreReleased), (2 bytes).
    Removing rtx_evr.o(i.EvrRtxThreadCreated), (2 bytes).
    Removing rtx_evr.o(i.EvrRtxThreadDelayUntil), (2 bytes).
    Removing rtx_evr.o(i.EvrRtxThreadDestroyed), (2 bytes).
    Removing rtx_evr.o(i.EvrRtxThreadDetach), (2 bytes).
    Removing rtx_evr.o(i.EvrRtxThreadDetached), (2 bytes).
    Removing rtx_evr.o(i.EvrRtxThreadEnumerate), (2 bytes).
    Removing rtx_evr.o(i.EvrRtxThreadExit), (2 bytes).
    Removing rtx_evr.o(i.EvrRtxThreadFlagsClear), (2 bytes).
    Removing rtx_evr.o(i.EvrRtxThreadFlagsClearDone), (2 bytes).
    Removing rtx_evr.o(i.EvrRtxThreadFlagsGet), (2 bytes).
    Removing rtx_evr.o(i.EvrRtxThreadFlagsSet), (2 bytes).
    Removing rtx_evr.o(i.EvrRtxThreadFlagsSetDone), (2 bytes).
    Removing rtx_evr.o(i.EvrRtxThreadFlagsWait), (2 bytes).
    Removing rtx_evr.o(i.EvrRtxThreadFlagsWaitCompleted), (2 bytes).
    Removing rtx_evr.o(i.EvrRtxThreadFlagsWaitNotCompleted), (2 bytes).
    Removing rtx_evr.o(i.EvrRtxThreadFlagsWaitPending), (2 bytes).
    Removing rtx_evr.o(i.EvrRtxThreadGetCount), (2 bytes).
    Removing rtx_evr.o(i.EvrRtxThreadGetId), (2 bytes).
    Removing rtx_evr.o(i.EvrRtxThreadGetName), (2 bytes).
    Removing rtx_evr.o(i.EvrRtxThreadGetPriority), (2 bytes).
    Removing rtx_evr.o(i.EvrRtxThreadGetStackSize), (2 bytes).
    Removing rtx_evr.o(i.EvrRtxThreadGetStackSpace), (2 bytes).
    Removing rtx_evr.o(i.EvrRtxThreadGetState), (2 bytes).
    Removing rtx_evr.o(i.EvrRtxThreadJoin), (2 bytes).
    Removing rtx_evr.o(i.EvrRtxThreadJoinPending), (2 bytes).
    Removing rtx_evr.o(i.EvrRtxThreadJoined), (2 bytes).
    Removing rtx_evr.o(i.EvrRtxThreadNew), (2 bytes).
    Removing rtx_evr.o(i.EvrRtxThreadResume), (2 bytes).
    Removing rtx_evr.o(i.EvrRtxThreadResumed), (2 bytes).
    Removing rtx_evr.o(i.EvrRtxThreadSetPriority), (2 bytes).
    Removing rtx_evr.o(i.EvrRtxThreadSuspend), (2 bytes).
    Removing rtx_evr.o(i.EvrRtxThreadSuspended), (2 bytes).
    Removing rtx_evr.o(i.EvrRtxThreadTerminate), (2 bytes).
    Removing rtx_evr.o(i.EvrRtxThreadYield), (2 bytes).
    Removing rtx_evr.o(i.EvrRtxTimerCallback), (2 bytes).
    Removing rtx_evr.o(i.EvrRtxTimerCreated), (2 bytes).
    Removing rtx_evr.o(i.EvrRtxTimerDelete), (2 bytes).
    Removing rtx_evr.o(i.EvrRtxTimerDestroyed), (2 bytes).
    Removing rtx_evr.o(i.EvrRtxTimerError), (2 bytes).
    Removing rtx_evr.o(i.EvrRtxTimerGetName), (2 bytes).
    Removing rtx_evr.o(i.EvrRtxTimerIsRunning), (2 bytes).
    Removing rtx_evr.o(i.EvrRtxTimerNew), (2 bytes).
    Removing rtx_evr.o(i.EvrRtxTimerStart), (2 bytes).
    Removing rtx_evr.o(i.EvrRtxTimerStarted), (2 bytes).
    Removing rtx_evr.o(i.EvrRtxTimerStop), (2 bytes).
    Removing rtx_evr.o(i.EvrRtxTimerStopped), (2 bytes).
    Removing rtx_kernel.o(.rev16_text), (4 bytes).
    Removing rtx_kernel.o(.revsh_text), (4 bytes).
    Removing rtx_kernel.o(.rrx_text), (6 bytes).
    Removing rtx_kernel.o(.emb_text), (340 bytes).
    Removing rtx_kernel.o(i.IsPrivileged), (16 bytes).
    Removing rtx_kernel.o(i.KernelBlock), (68 bytes).
    Removing rtx_kernel.o(i.KernelUnblock), (60 bytes).
    Removing rtx_kernel.o(i.osKernelGetInfo), (80 bytes).
    Removing rtx_kernel.o(i.osKernelGetState), (48 bytes).
    Removing rtx_kernel.o(i.osKernelGetSysTimerCount), (44 bytes).
    Removing rtx_kernel.o(i.osKernelGetTickCount), (44 bytes).
    Removing rtx_kernel.o(i.osKernelGetTickFreq), (44 bytes).
    Removing rtx_kernel.o(i.osKernelInitialize), (52 bytes).
    Removing rtx_kernel.o(i.osKernelLock), (52 bytes).
    Removing rtx_kernel.o(i.osKernelRestoreLock), (60 bytes).
    Removing rtx_kernel.o(i.osKernelResume), (52 bytes).
    Removing rtx_kernel.o(i.osKernelStart), (52 bytes).
    Removing rtx_kernel.o(i.osKernelSuspend), (52 bytes).
    Removing rtx_kernel.o(i.osKernelUnlock), (52 bytes).
    Removing rtx_kernel.o(i.svcRtxKernelGetInfo), (80 bytes).
    Removing rtx_kernel.o(i.svcRtxKernelGetState), (24 bytes).
    Removing rtx_kernel.o(i.svcRtxKernelGetSysTimerCount), (48 bytes).
    Removing rtx_kernel.o(i.svcRtxKernelGetTickCount), (20 bytes).
    Removing rtx_kernel.o(i.svcRtxKernelGetTickFreq), (20 bytes).
    Removing rtx_kernel.o(i.svcRtxKernelInitialize), (612 bytes).
    Removing rtx_kernel.o(i.svcRtxKernelLock), (68 bytes).
    Removing rtx_kernel.o(i.svcRtxKernelRestoreLock), (104 bytes).
    Removing rtx_kernel.o(i.svcRtxKernelResume), (196 bytes).
    Removing rtx_kernel.o(i.svcRtxKernelStart), (232 bytes).
    Removing rtx_kernel.o(i.svcRtxKernelSuspend), (72 bytes).
    Removing rtx_kernel.o(i.svcRtxKernelUnlock), (68 bytes).
    Removing rtx_lib.o(.rev16_text), (4 bytes).
    Removing rtx_lib.o(.revsh_text), (4 bytes).
    Removing rtx_lib.o(.rrx_text), (6 bytes).
    Removing rtx_lib.o(.emb_text), (0 bytes).
    Removing rtx_lib.o(.rodata), (56 bytes).
    Removing rtx_lib.o(.data), (4 bytes).
    Removing rtx_memory.o(.rev16_text), (4 bytes).
    Removing rtx_memory.o(.revsh_text), (4 bytes).
    Removing rtx_memory.o(.rrx_text), (6 bytes).
    Removing rtx_memory.o(.emb_text), (340 bytes).
    Removing rtx_memory.o(i.MemBlockPtr), (10 bytes).
    Removing rtx_memory.o(i.osRtxMemoryAlloc), (238 bytes).
    Removing rtx_memory.o(i.osRtxMemoryFree), (124 bytes).
    Removing rtx_memory.o(i.osRtxMemoryInit), (106 bytes).
    Removing rtx_mempool.o(.rev16_text), (4 bytes).
    Removing rtx_mempool.o(.revsh_text), (4 bytes).
    Removing rtx_mempool.o(.rrx_text), (6 bytes).
    Removing rtx_mempool.o(.emb_text), (340 bytes).
    Removing rtx_mempool.o(i.IsIrqMasked), (24 bytes).
    Removing rtx_mempool.o(i.IsIrqMode), (16 bytes).
    Removing rtx_mempool.o(i.isrRtxMemoryPoolAlloc), (90 bytes).
    Removing rtx_mempool.o(i.isrRtxMemoryPoolFree), (108 bytes).
    Removing rtx_mempool.o(i.osMemoryPoolAlloc), (64 bytes).
    Removing rtx_mempool.o(i.osMemoryPoolDelete), (60 bytes).
    Removing rtx_mempool.o(i.osMemoryPoolFree), (64 bytes).
    Removing rtx_mempool.o(i.osMemoryPoolGetBlockSize), (48 bytes).
    Removing rtx_mempool.o(i.osMemoryPoolGetCapacity), (48 bytes).
    Removing rtx_mempool.o(i.osMemoryPoolGetCount), (48 bytes).
    Removing rtx_mempool.o(i.osMemoryPoolGetName), (52 bytes).
    Removing rtx_mempool.o(i.osMemoryPoolGetSpace), (48 bytes).
    Removing rtx_mempool.o(i.osMemoryPoolNew), (76 bytes).
    Removing rtx_mempool.o(i.osRtxMemoryPoolAlloc), (58 bytes).
    Removing rtx_mempool.o(i.osRtxMemoryPoolFree), (78 bytes).
    Removing rtx_mempool.o(i.osRtxMemoryPoolInit), (88 bytes).
    Removing rtx_mempool.o(i.osRtxMemoryPoolPostProcess), (66 bytes).
    Removing rtx_mempool.o(i.svcRtxMemoryPoolAlloc), (144 bytes).
    Removing rtx_mempool.o(i.svcRtxMemoryPoolDelete), (176 bytes).
    Removing rtx_mempool.o(i.svcRtxMemoryPoolFree), (144 bytes).
    Removing rtx_mempool.o(i.svcRtxMemoryPoolGetBlockSize), (58 bytes).
    Removing rtx_mempool.o(i.svcRtxMemoryPoolGetCapacity), (58 bytes).
    Removing rtx_mempool.o(i.svcRtxMemoryPoolGetCount), (58 bytes).
    Removing rtx_mempool.o(i.svcRtxMemoryPoolGetName), (58 bytes).
    Removing rtx_mempool.o(i.svcRtxMemoryPoolGetSpace), (66 bytes).
    Removing rtx_mempool.o(i.svcRtxMemoryPoolNew), (396 bytes).
    Removing rtx_msgqueue.o(.rev16_text), (4 bytes).
    Removing rtx_msgqueue.o(.revsh_text), (4 bytes).
    Removing rtx_msgqueue.o(.rrx_text), (6 bytes).
    Removing rtx_msgqueue.o(.emb_text), (340 bytes).
    Removing rtx_msgqueue.o(i.IsIrqMasked), (24 bytes).
    Removing rtx_msgqueue.o(i.IsIrqMode), (16 bytes).
    Removing rtx_msgqueue.o(i.MessageQueueGet), (52 bytes).
    Removing rtx_msgqueue.o(i.MessageQueuePut), (76 bytes).
    Removing rtx_msgqueue.o(i.MessageQueueRemove), (34 bytes).
    Removing rtx_msgqueue.o(i.isrRtxMessageQueueGet), (150 bytes).
    Removing rtx_msgqueue.o(i.isrRtxMessageQueuePut), (158 bytes).
    Removing rtx_msgqueue.o(i.osMessageQueueDelete), (60 bytes).
    Removing rtx_msgqueue.o(i.osMessageQueueGet), (84 bytes).
    Removing rtx_msgqueue.o(i.osMessageQueueGetCapacity), (48 bytes).
    Removing rtx_msgqueue.o(i.osMessageQueueGetCount), (48 bytes).
    Removing rtx_msgqueue.o(i.osMessageQueueGetMsgSize), (48 bytes).
    Removing rtx_msgqueue.o(i.osMessageQueueGetName), (52 bytes).
    Removing rtx_msgqueue.o(i.osMessageQueueGetSpace), (48 bytes).
    Removing rtx_msgqueue.o(i.osMessageQueueNew), (76 bytes).
    Removing rtx_msgqueue.o(i.osMessageQueuePut), (84 bytes).
    Removing rtx_msgqueue.o(i.osMessageQueueReset), (60 bytes).
    Removing rtx_msgqueue.o(i.osRtxMessageQueuePostProcess), (296 bytes).
    Removing rtx_msgqueue.o(i.svcRtxMessageQueueDelete), (176 bytes).
    Removing rtx_msgqueue.o(i.svcRtxMessageQueueGet), (344 bytes).
    Removing rtx_msgqueue.o(i.svcRtxMessageQueueGetCapacity), (58 bytes).
    Removing rtx_msgqueue.o(i.svcRtxMessageQueueGetCount), (58 bytes).
    Removing rtx_msgqueue.o(i.svcRtxMessageQueueGetMsgSize), (58 bytes).
    Removing rtx_msgqueue.o(i.svcRtxMessageQueueGetName), (58 bytes).
    Removing rtx_msgqueue.o(i.svcRtxMessageQueueGetSpace), (66 bytes).
    Removing rtx_msgqueue.o(i.svcRtxMessageQueueNew), (408 bytes).
    Removing rtx_msgqueue.o(i.svcRtxMessageQueuePut), (320 bytes).
    Removing rtx_msgqueue.o(i.svcRtxMessageQueueReset), (238 bytes).
    Removing rtx_mutex.o(.rev16_text), (4 bytes).
    Removing rtx_mutex.o(.revsh_text), (4 bytes).
    Removing rtx_mutex.o(.rrx_text), (6 bytes).
    Removing rtx_mutex.o(.emb_text), (340 bytes).
    Removing rtx_mutex.o(i.IsIrqMasked), (24 bytes).
    Removing rtx_mutex.o(i.IsIrqMode), (16 bytes).
    Removing rtx_mutex.o(i.osMutexAcquire), (68 bytes).
    Removing rtx_mutex.o(i.osMutexDelete), (60 bytes).
    Removing rtx_mutex.o(i.osMutexGetName), (52 bytes).
    Removing rtx_mutex.o(i.osMutexGetOwner), (52 bytes).
    Removing rtx_mutex.o(i.osMutexNew), (60 bytes).
    Removing rtx_mutex.o(i.osMutexRelease), (60 bytes).
    Removing rtx_mutex.o(i.osRtxMutexOwnerRelease), (94 bytes).
    Removing rtx_mutex.o(i.svcRtxMutexAcquire), (288 bytes).
    Removing rtx_mutex.o(i.svcRtxMutexDelete), (256 bytes).
    Removing rtx_mutex.o(i.svcRtxMutexGetName), (58 bytes).
    Removing rtx_mutex.o(i.svcRtxMutexGetOwner), (74 bytes).
    Removing rtx_mutex.o(i.svcRtxMutexNew), (176 bytes).
    Removing rtx_mutex.o(i.svcRtxMutexRelease), (284 bytes).
    Removing rtx_semaphore.o(.rev16_text), (4 bytes).
    Removing rtx_semaphore.o(.revsh_text), (4 bytes).
    Removing rtx_semaphore.o(.rrx_text), (6 bytes).
    Removing rtx_semaphore.o(.emb_text), (340 bytes).
    Removing rtx_semaphore.o(i.IsIrqMasked), (24 bytes).
    Removing rtx_semaphore.o(i.IsIrqMode), (16 bytes).
    Removing rtx_semaphore.o(i.SemaphoreTokenDecrement), (24 bytes).
    Removing rtx_semaphore.o(i.SemaphoreTokenIncrement), (30 bytes).
    Removing rtx_semaphore.o(i.isrRtxSemaphoreAcquire), (94 bytes).
    Removing rtx_semaphore.o(i.isrRtxSemaphoreRelease), (106 bytes).
    Removing rtx_semaphore.o(i.osRtxSemaphorePostProcess), (56 bytes).
    Removing rtx_semaphore.o(i.osSemaphoreAcquire), (64 bytes).
    Removing rtx_semaphore.o(i.osSemaphoreDelete), (60 bytes).
    Removing rtx_semaphore.o(i.osSemaphoreGetCount), (48 bytes).
    Removing rtx_semaphore.o(i.osSemaphoreGetName), (52 bytes).
    Removing rtx_semaphore.o(i.osSemaphoreNew), (76 bytes).
    Removing rtx_semaphore.o(i.osSemaphoreRelease), (56 bytes).
    Removing rtx_semaphore.o(i.svcRtxSemaphoreAcquire), (152 bytes).
    Removing rtx_semaphore.o(i.svcRtxSemaphoreDelete), (160 bytes).
    Removing rtx_semaphore.o(i.svcRtxSemaphoreGetCount), (58 bytes).
    Removing rtx_semaphore.o(i.svcRtxSemaphoreGetName), (58 bytes).
    Removing rtx_semaphore.o(i.svcRtxSemaphoreNew), (212 bytes).
    Removing rtx_semaphore.o(i.svcRtxSemaphoreRelease), (138 bytes).
    Removing rtx_system.o(.rev16_text), (4 bytes).
    Removing rtx_system.o(.revsh_text), (4 bytes).
    Removing rtx_system.o(.rrx_text), (6 bytes).
    Removing rtx_system.o(i.isr_queue_put), (60 bytes).
    Removing rtx_system.o(i.osRtxPostProcess), (60 bytes).
    Removing rtx_thread.o(.rev16_text), (4 bytes).
    Removing rtx_thread.o(.revsh_text), (4 bytes).
    Removing rtx_thread.o(.rrx_text), (6 bytes).
    Removing rtx_thread.o(.emb_text), (340 bytes).
    Removing rtx_thread.o(i.IsIrqMasked), (24 bytes).
    Removing rtx_thread.o(i.IsIrqMode), (16 bytes).
    Removing rtx_thread.o(i.ThreadFlagsCheck), (86 bytes).
    Removing rtx_thread.o(i.ThreadFlagsClear), (22 bytes).
    Removing rtx_thread.o(i.ThreadFlagsSet), (22 bytes).
    Removing rtx_thread.o(i.isrRtxThreadFlagsSet), (106 bytes).
    Removing rtx_thread.o(i.osRtxThreadDelayRemove), (116 bytes).
    Removing rtx_thread.o(i.osRtxThreadFree), (96 bytes).
    Removing rtx_thread.o(i.osRtxThreadListSort), (42 bytes).
    Removing rtx_thread.o(i.osRtxThreadListUnlink), (32 bytes).
    Removing rtx_thread.o(i.osRtxThreadPostProcess), (64 bytes).
    Removing rtx_thread.o(i.osRtxThreadSetRunning), (12 bytes).
    Removing rtx_thread.o(i.osRtxThreadStartup), (96 bytes).
    Removing rtx_thread.o(i.osRtxThreadWaitExit), (54 bytes).
    Removing rtx_thread.o(i.osThreadDetach), (60 bytes).
    Removing rtx_thread.o(i.osThreadEnumerate), (56 bytes).
    Removing rtx_thread.o(i.osThreadExit), (32 bytes).
    Removing rtx_thread.o(i.osThreadFlagsClear), (60 bytes).
    Removing rtx_thread.o(i.osThreadFlagsGet), (44 bytes).
    Removing rtx_thread.o(i.osThreadFlagsSet), (64 bytes).
    Removing rtx_thread.o(i.osThreadFlagsWait), (76 bytes).
    Removing rtx_thread.o(i.osThreadGetCount), (44 bytes).
    Removing rtx_thread.o(i.osThreadGetId), (44 bytes).
    Removing rtx_thread.o(i.osThreadGetName), (52 bytes).
    Removing rtx_thread.o(i.osThreadGetPriority), (56 bytes).
    Removing rtx_thread.o(i.osThreadGetStackSize), (52 bytes).
    Removing rtx_thread.o(i.osThreadGetStackSpace), (52 bytes).
    Removing rtx_thread.o(i.osThreadGetState), (56 bytes).
    Removing rtx_thread.o(i.osThreadJoin), (60 bytes).
    Removing rtx_thread.o(i.osThreadNew), (76 bytes).
    Removing rtx_thread.o(i.osThreadResume), (60 bytes).
    Removing rtx_thread.o(i.osThreadSetPriority), (68 bytes).
    Removing rtx_thread.o(i.osThreadSuspend), (60 bytes).
    Removing rtx_thread.o(i.osThreadTerminate), (60 bytes).
    Removing rtx_thread.o(i.osThreadYield), (56 bytes).
    Removing rtx_thread.o(i.svcRtxThreadDetach), (124 bytes).
    Removing rtx_thread.o(i.svcRtxThreadEnumerate), (120 bytes).
    Removing rtx_thread.o(i.svcRtxThreadExit), (148 bytes).
    Removing rtx_thread.o(i.svcRtxThreadFlagsClear), (96 bytes).
    Removing rtx_thread.o(i.svcRtxThreadFlagsGet), (50 bytes).
    Removing rtx_thread.o(i.svcRtxThreadFlagsSet), (158 bytes).
    Removing rtx_thread.o(i.svcRtxThreadFlagsWait), (142 bytes).
    Removing rtx_thread.o(i.svcRtxThreadGetCount), (60 bytes).
    Removing rtx_thread.o(i.svcRtxThreadGetId), (18 bytes).
    Removing rtx_thread.o(i.svcRtxThreadGetName), (58 bytes).
    Removing rtx_thread.o(i.svcRtxThreadGetPriority), (80 bytes).
    Removing rtx_thread.o(i.svcRtxThreadGetStackSize), (58 bytes).
    Removing rtx_thread.o(i.svcRtxThreadGetStackSpace), (128 bytes).
    Removing rtx_thread.o(i.svcRtxThreadGetState), (58 bytes).
    Removing rtx_thread.o(i.svcRtxThreadJoin), (164 bytes).
    Removing rtx_thread.o(i.svcRtxThreadNew), (628 bytes).
    Removing rtx_thread.o(i.svcRtxThreadResume), (88 bytes).
    Removing rtx_thread.o(i.svcRtxThreadSetPriority), (108 bytes).
    Removing rtx_thread.o(i.svcRtxThreadSuspend), (196 bytes).
    Removing rtx_thread.o(i.svcRtxThreadTerminate), (276 bytes).
    Removing rtx_thread.o(i.svcRtxThreadYield), (72 bytes).
    Removing rtx_timer.o(.rev16_text), (4 bytes).
    Removing rtx_timer.o(.revsh_text), (4 bytes).
    Removing rtx_timer.o(.rrx_text), (6 bytes).
    Removing rtx_timer.o(.emb_text), (340 bytes).
    Removing rtx_timer.o(i.IsIrqMasked), (24 bytes).
    Removing rtx_timer.o(i.IsIrqMode), (16 bytes).
    Removing rtx_timer.o(i.TimerInsert), (64 bytes).
    Removing rtx_timer.o(i.TimerRemove), (48 bytes).
    Removing rtx_timer.o(i.TimerUnlink), (24 bytes).
    Removing rtx_timer.o(i.osRtxTimerThread), (88 bytes).
    Removing rtx_timer.o(i.osRtxTimerTick), (92 bytes).
    Removing rtx_timer.o(i.osTimerDelete), (60 bytes).
    Removing rtx_timer.o(i.osTimerGetName), (52 bytes).
    Removing rtx_timer.o(i.osTimerIsRunning), (52 bytes).
    Removing rtx_timer.o(i.osTimerNew), (80 bytes).
    Removing rtx_timer.o(i.osTimerStart), (68 bytes).
    Removing rtx_timer.o(i.osTimerStop), (60 bytes).
    Removing rtx_timer.o(i.svcRtxTimerDelete), (128 bytes).
    Removing rtx_timer.o(i.svcRtxTimerGetName), (58 bytes).
    Removing rtx_timer.o(i.svcRtxTimerIsRunning), (62 bytes).
    Removing rtx_timer.o(i.svcRtxTimerNew), (212 bytes).
    Removing rtx_timer.o(i.svcRtxTimerStart), (124 bytes).
    Removing rtx_timer.o(i.svcRtxTimerStop), (76 bytes).
    Removing os_systick.o(.rev16_text), (4 bytes).
    Removing os_systick.o(.revsh_text), (4 bytes).
    Removing os_systick.o(.rrx_text), (6 bytes).
    Removing os_systick.o(i.OS_Tick_Disable), (52 bytes).
    Removing os_systick.o(i.OS_Tick_Enable), (48 bytes).
    Removing os_systick.o(i.OS_Tick_GetCount), (12 bytes).
    Removing os_systick.o(i.OS_Tick_GetIRQn), (6 bytes).
    Removing os_systick.o(i.OS_Tick_GetInterval), (10 bytes).
    Removing os_systick.o(i.OS_Tick_GetOverflow), (12 bytes).
    Removing os_systick.o(i.OS_Tick_Setup), (80 bytes).
    Removing os_systick.o(.data), (1 bytes).
    Removing rtx_config.o(.rev16_text), (4 bytes).
    Removing rtx_config.o(.revsh_text), (4 bytes).
    Removing rtx_config.o(.rrx_text), (6 bytes).
    Removing rtx_config.o(i.osRtxIdleThread), (4 bytes).
    Removing startup_lpc17xx.o(HEAP), (8192 bytes).
    Removing system_lpc17xx.o(.rev16_text), (4 bytes).
    Removing system_lpc17xx.o(.revsh_text), (4 bytes).
    Removing system_lpc17xx.o(.rrx_text), (6 bytes).
    Removing system_lpc17xx.o(i.SystemCoreClockUpdate), (424 bytes).
    Removing dadd.o(.text), (334 bytes).
    Removing dmul.o(.text), (228 bytes).
    Removing ddiv.o(.text), (222 bytes).
    Removing dfixul.o(.text), (48 bytes).
    Removing cdrcmple.o(.text), (48 bytes).
    Removing depilogue.o(.text), (186 bytes).

487 unused section(s) (total 35632 bytes) removed from the image.
